<html>
<body>
<pre>
<h1>µVision Build Log</h1>
<h2>Tool Versions:</h2>
IDE-Version: µVision V5.25.2.0
Copyright (C) 2018 ARM Ltd and ARM Germany GmbH. All rights reserved.
License Information: David ched, Ched Solutions, LIC=8MZGK-ZV1I8-ZDMK6-D87Z6-WMZ33-5T9M6
 
Tool Versions:
Toolchain:       MDK-ARM Professional  Version: 5.25.2.0
Toolchain Path:  C:\Keil_v5\ARM\ARMCC\Bin
C Compiler:      Armcc.exe V5.06 update 6 (build 750)
Assembler:       Armasm.exe V5.06 update 6 (build 750)
Linker/Locator:  ArmLink.exe V5.06 update 6 (build 750)
Library Manager: ArmAr.exe V5.06 update 6 (build 750)
Hex Converter:   FromElf.exe V5.06 update 6 (build 750)
CPU DLL:         SARMCM3.DLL V5.25.2.0
Dialog DLL:      DARMCM1.DLL V1.19.1.0
Target DLL:      Segger\JL2CM3.dll V2.99.29.0
Dialog DLL:      TARMCM1.DLL V1.14.0.0
 
<h2>Project:</h2>
C:\Users\ched\Desktop\Brandon\mind_assist\SDK 5.0.4\DA1458x_SDK_5.0.4\DA1458x_SDK\5.0.4\projects\target_apps\ble_examples\MindAssist\Keil_5\ble_app_barebone.uvprojx
Project File Date:  03/05/2019

<h2>Output:</h2>
*** Using Compiler 'V5.06 update 6 (build 750)', folder: 'C:\Keil_v5\ARM\ARMCC\Bin'
Build target 'ble_app_barebone_580'
compiling system_ARMCM0.c...
compiling hardfault_handler.c...
compiling arch_console.c...
compiling nmi_handler.c...
compiling nvds.c...
compiling arch_sleep.c...
compiling jump_table.c...
compiling arch_main.c...
compiling syscntl.c...
compiling arch_patch.c...
compiling arch_system.c...
compiling gpio.c...
..\..\..\..\..\sdk\platform\driver\gpio\gpio.c(119): warning:  #1215-D: #warning directive: "GPIO assignment checking is active! Deactivate before burning OTP..."
          #warning "GPIO assignment checking is active! Deactivate before burning OTP..."
..\..\..\..\..\sdk\platform\driver\gpio\gpio.c: 1 warning, 0 errors
compiling battery.c...
compiling wkupct_quadec.c...
compiling trng.c...
compiling adc.c...
compiling spi_flash.c...
compiling spi.c...
compiling uart2.c...
compiling i2c_eeprom.c...
compiling gapm.c...
compiling rf_580.c...
compiling rwble.c...
compiling rwip.c...
compiling diss_task.c...
compiling diss.c...
compiling prf_utils.c...
compiling app_default_handlers.c...
compiling app_task.c...
compiling app.c...
compiling app_security_task.c...
compiling app_security.c...
compiling app_bass.c...
compiling app_bass_task.c...
compiling app_findme.c...
compiling app_findme_task.c...
compiling app_proxr.c...
compiling app_proxr_task.c...
compiling app_diss.c...
compiling app_diss_task.c...
compiling app_spotar.c...
compiling app_spotar_task.c...
compiling app_entry_point.c...
compiling app_msg_utils.c...
compiling app_easy_timer.c...
compiling app_easy_security.c...
compiling app_customs.c...
compiling app_customs_task.c...
compiling app_customs_common.c...
compiling user_periph_setup.c...
compiling app_easy_msg_utils.c...
compiling user_barebone.c...
linking...
Program Size: Code=15240 RO-data=2012 RW-data=12 ZI-data=7556  
FromELF: creating hex file...
".\out_580\ble_app_barebone_580.axf" - 0 Error(s), 1 Warning(s).

<h2>Software Packages used:</h2>

Package Vendor: ARM
                http://www.keil.com/pack/ARM.CMSIS.5.3.0.pack
                ARM.CMSIS.5.3.0
                CMSIS (Cortex Microcontroller Software Interface Standard)

<h2>Collection of Component include folders:</h2>
  .\RTE\_ble_app_barebone_580
  C:\Keil_v5\ARM\PACK\ARM\CMSIS\5.3.0\Device\ARM\ARMCM0\Include

<h2>Collection of Component Files used:</h2>
Build Time Elapsed:  00:00:14
</pre>
</body>
</html>
