Component: ARM Compiler 5.06 update 6 (build 750) Tool: armlink [4d35ed]

==============================================================================

Section Cross References

    boot_vectors.o(RESET) refers to boot_vectors.o(STACK) for __initial_sp
    boot_vectors.o(RESET) refers to boot_vectors.o(.text) for Reset_Handler
    boot_vectors.o(RESET) refers to rwble.o(.text) for BLE_WAKEUP_LP_Handler
    boot_vectors.o(RESET) refers to wkupct_quadec.o(.text) for WKUP_QUADEC_Handler
    boot_vectors.o(RESET) refers to uart2.o(.text) for UART2_Handler
    boot_vectors.o(RESET) refers to gpio.o(.text) for GPIO0_Handler
    boot_vectors.o(.text) refers to system_armcm0.o(.text) for SystemInit
    boot_vectors.o(.text) refers to entry.o(.ARM.Collect$$$$00000000) for __main
    boot_vectors.o(.text) refers to nmi_handler.o(.text) for NMI_HandlerC
    boot_vectors.o(.text) refers to hardfault_handler.o(.text) for HardFault_HandlerC
    boot_vectors.o(.text) refers to arch_patch.o(.text) for SVC_Handler_c
    nvds.o(.text) refers to nvds.o(retention_mem_area0) for retention_mem_area0
    arch_main.o(.text) refers to arch_system.o(.text) for system_init
    arch_main.o(.text) refers to rwip.o(.text) for rwip_sleep
    arch_main.o(.text) refers to jump_table.o(jump_table_mem_area) for jump_table_base
    arch_main.o(.text) refers to rwble.o(retention_mem_area0) for fine_hit
    arch_main.o(.constdata) refers to user_barebone.o(.text) for user_app_init
    jump_table.o(jump_table_mem_area) refers to arch_main.o(.text) for main_func
    jump_table.o(jump_table_mem_area) refers to rf_580.o(.text) for rf_init_func
    jump_table.o(jump_table_mem_area) refers to prf_utils.o(.text) for prf_init_func
    jump_table.o(jump_table_mem_area) refers to arch_system.o(.text) for uart_flow_off_func
    jump_table.o(jump_table_mem_area) refers to rwble.o(.text) for lld_sleep_compensate_func_patched
    jump_table.o(jump_table_mem_area) refers to jump_table.o(heap_mem_area_not_ret) for rwip_heap_non_ret
    jump_table.o(jump_table_mem_area) refers to jump_table.o(heap_env_area) for rwip_heap_env_ret
    jump_table.o(jump_table_mem_area) refers to jump_table.o(heap_db_area) for rwip_heap_db_ret
    jump_table.o(jump_table_mem_area) refers to jump_table.o(heap_msg_area) for rwip_heap_msg_ret
    jump_table.o(jump_table_mem_area) refers to ke_task.obj(.text) for ke_task_init_func
    jump_table.o(jump_table_mem_area) refers to nvds.o(.text) for custom_nvds_get_func
    jump_table.o(jump_table_mem_area) refers to jump_table.o(.constdata) for LUT_CFG
    arch_sleep.o(.text) refers to arch_sleep.o(retention_mem_area0) for retention_mem_area0
    arch_sleep.o(.text) refers to arch_sleep.o(.text) for arch_set_deep_sleep
    arch_sleep.o(.text) refers to arch_sleep.o(retention_mem_area0) for retention_mem_area0
    arch_sleep.o(.text) refers to arch_sleep.o(.text) for arch_get_sleep_mode
    arch_sleep.o(.text) refers to arch_sleep.o(.text) for arch_disable_sleep
    arch_sleep.o(.text) refers to arch_sleep.o(retention_mem_area0) for retention_mem_area0
    arch_sleep.o(.text) refers to arch_sleep.o(retention_mem_area0) for retention_mem_area0
    arch_sleep.o(.text) refers to arch_sleep.o(retention_mem_area0) for retention_mem_area0
    arch_sleep.o(.text) refers to rwble.o(retention_mem_area0) for arch_rwble_last_event
    arch_system.o(.text) refers to arch_system.o(retention_mem_area0) for retention_mem_area0
    arch_system.o(.text) refers to trng.o(.text) for trng_acquire
    arch_system.o(.text) refers to gpio.o(.text) for GPIO_init
    arch_system.o(.text) refers to nvds.o(.text) for nvds_read_bdaddr_from_otp
    arch_system.o(.text) refers to user_periph_setup.o(.text) for periph_init
    arch_system.o(.text) refers to rf_580.o(.text) for iq_trim_from_otp
    arch_system.o(.text) refers to arch_patch.o(.text) for patch_llm_task
    arch_system.o(.text) refers to llc.obj(.text) for patch_llc_task
    arch_system.o(.text) refers to atts_task.obj(.text) for patch_atts_task
    arch_system.o(.text) refers to gapc_task.obj(.text) for patch_gapc_task
    arch_system.o(.text) refers to arch_sleep.o(.text) for arch_disable_sleep
    arch_system.o(.text) refers to app.o(.text) for app_init
    arch_system.o(.text) refers to user_barebone.o(.text) for user_app_init
    arch_system.o(.text) refers to arch_system.o(retention_mem_area0) for retention_mem_area0
    arch_system.o(.text) refers to arch_main.o(retention_mem_area0) for sys_startup_flag
    arch_system.o(.text) refers to arch_system.o(.data) for .data
    arch_system.o(.constdata) refers to user_barebone.o(.text) for user_app_init
    arch_patch.o(.text) refers to arch_patch.o(.constdata) for .constdata
    arch_patch.o(.text) refers to jump_table.o(jump_table_mem_area) for jump_table_base
    arch_patch.o(.constdata) refers to atts_util.obj(.text) for atts_read_resp_patch
    arch_patch.o(.constdata) refers to arch_patch.o(.text) for llm_rom_default_handler
[...]
    ke_event_clear                           0x000320dd   Thumb Code     0  rom_symdef.txt ABSOLUTE
    ke_event_get                             0x00032109   Thumb Code     0  rom_symdef.txt ABSOLUTE
    ke_event_get_all                         0x0003212f   Thumb Code     0  rom_symdef.txt ABSOLUTE
    ke_event_flush                           0x00032135   Thumb Code     0  rom_symdef.txt ABSOLUTE
    ke_event_schedule                        0x0003213d   Thumb Code     0  rom_symdef.txt ABSOLUTE
    ke_mem_init                              0x0003218d   Thumb Code     0  rom_symdef.txt ABSOLUTE
    ke_mem_is_empty                          0x000321d7   Thumb Code     0  rom_symdef.txt ABSOLUTE
    ke_malloc                                0x00032215   Thumb Code     0  rom_symdef.txt ABSOLUTE
    ke_free                                  0x000322d7   Thumb Code     0  rom_symdef.txt ABSOLUTE
    ke_msg_alloc                             0x000323b1   Thumb Code     0  rom_symdef.txt ABSOLUTE
    ke_msg_send                              0x000323e1   Thumb Code     0  rom_symdef.txt ABSOLUTE
    ke_msg_send_basic                        0x0003240d   Thumb Code     0  rom_symdef.txt ABSOLUTE
    ke_msg_forward                           0x0003241b   Thumb Code     0  rom_symdef.txt ABSOLUTE
    ke_msg_forward_new_id                    0x00032425   Thumb Code     0  rom_symdef.txt ABSOLUTE
    ke_msg_free                              0x00032435   Thumb Code     0  rom_symdef.txt ABSOLUTE
    ke_queue_extract                         0x00032441   Thumb Code     0  rom_symdef.txt ABSOLUTE
    ke_queue_insert                          0x0003247f   Thumb Code     0  rom_symdef.txt ABSOLUTE
    ke_handler_search                        0x000324bf   Thumb Code     0  rom_symdef.txt ABSOLUTE
    ke_task_init                             0x0003256d   Thumb Code     0  rom_symdef.txt ABSOLUTE
    ke_task_create                           0x00032587   Thumb Code     0  rom_symdef.txt ABSOLUTE
    ke_task_delete                           0x000325e1   Thumb Code     0  rom_symdef.txt ABSOLUTE
    ke_state_set                             0x00032631   Thumb Code     0  rom_symdef.txt ABSOLUTE
    ke_state_get                             0x000326b3   Thumb Code     0  rom_symdef.txt ABSOLUTE
    ke_msg_discard                           0x000326e3   Thumb Code     0  rom_symdef.txt ABSOLUTE
    ke_msg_save                              0x000326e7   Thumb Code     0  rom_symdef.txt ABSOLUTE
    ke_task_handler_get                      0x000326eb   Thumb Code     0  rom_symdef.txt ABSOLUTE
    ke_timer_init                            0x00032813   Thumb Code     0  rom_symdef.txt ABSOLUTE
    ke_timer_init_func                       0x00032819   Thumb Code     0  rom_symdef.txt ABSOLUTE
    ke_timer_set                             0x00032825   Thumb Code     0  rom_symdef.txt ABSOLUTE
    ke_timer_clear                           0x000328a5   Thumb Code     0  rom_symdef.txt ABSOLUTE
    ke_timer_active                          0x000328fb   Thumb Code     0  rom_symdef.txt ABSOLUTE
    ke_timer_sleep_check                     0x00032921   Thumb Code     0  rom_symdef.txt ABSOLUTE
    ke_time                                  0x0003297d   Thumb Code     0  rom_symdef.txt ABSOLUTE
    nvds_get                                 0x000329d1   Thumb Code     0  rom_symdef.txt ABSOLUTE
    nvds_get_func                            0x000329d7   Thumb Code     0  rom_symdef.txt ABSOLUTE
    nvds_init                                0x00032bcf   Thumb Code     0  rom_symdef.txt ABSOLUTE
    rwble_hl_init                            0x00032be5   Thumb Code     0  rom_symdef.txt ABSOLUTE
    rwble_hl_send_message                    0x00032c0b   Thumb Code     0  rom_symdef.txt ABSOLUTE
    ble_regs_push                            0x00032c0d   Thumb Code     0  rom_symdef.txt ABSOLUTE
    ble_regs_pop                             0x00032c65   Thumb Code     0  rom_symdef.txt ABSOLUTE
    rf_init                                  0x00032cbd   Thumb Code     0  rom_symdef.txt ABSOLUTE
    rf_reinit                                0x00032cc3   Thumb Code     0  rom_symdef.txt ABSOLUTE
    rwip_init                                0x00032ccb   Thumb Code     0  rom_symdef.txt ABSOLUTE
    rwip_reset                               0x00032d8d   Thumb Code     0  rom_symdef.txt ABSOLUTE
    rwip_version                             0x00032db9   Thumb Code     0  rom_symdef.txt ABSOLUTE
    rwip_prevent_sleep_get                   0x00032dc1   Thumb Code     0  rom_symdef.txt ABSOLUTE
    rwip_schedule                            0x00032dc9   Thumb Code     0  rom_symdef.txt ABSOLUTE
    rwip_prevent_sleep_set                   0x00032eb7   Thumb Code     0  rom_symdef.txt ABSOLUTE
    rwip_wakeup                              0x00032edb   Thumb Code     0  rom_symdef.txt ABSOLUTE
    rwip_prevent_sleep_clear                 0x00032eed   Thumb Code     0  rom_symdef.txt ABSOLUTE
    rwip_wakeup_end                          0x00032f11   Thumb Code     0  rom_symdef.txt ABSOLUTE
    rwip_wakeup_delay_set                    0x00032f2f   Thumb Code     0  rom_symdef.txt ABSOLUTE
    rwip_sleep_enable                        0x00032f3f   Thumb Code     0  rom_symdef.txt ABSOLUTE
    rwip_ext_wakeup_enable                   0x00032f47   Thumb Code     0  rom_symdef.txt ABSOLUTE
    rwble_init                               0x00032f71   Thumb Code     0  rom_symdef.txt ABSOLUTE
    rwble_reset                              0x00032fd5   Thumb Code     0  rom_symdef.txt ABSOLUTE
    rwble_version                            0x00033003   Thumb Code     0  rom_symdef.txt ABSOLUTE
    rwble_get_clock                          0x0003302d   Thumb Code     0  rom_symdef.txt ABSOLUTE
    $Super$$BLE_FINETGTIM_Handler            0x00033105   Thumb Code     0  rom_symdef.txt ABSOLUTE
    BLE_GROSSTGTIM_Handler                   0x0003310d   Thumb Code     0  rom_symdef.txt ABSOLUTE
    $Super$$BLE_CSCNT_Handler                0x00033115   Thumb Code     0  rom_symdef.txt ABSOLUTE
    BLE_ERROR_Handler                        0x0003318d   Thumb Code     0  rom_symdef.txt ABSOLUTE
    BLE_CRYPT_Handler                        0x000331ad   Thumb Code     0  rom_symdef.txt ABSOLUTE
    func_check_mem                           0x000331eb   Thumb Code     0  rom_symdef.txt ABSOLUTE
    test_rxdone                              0x0003323d   Thumb Code     0  rom_symdef.txt ABSOLUTE
    prf_create                               0x000339fd   Thumb Code     0  rom_symdef.txt ABSOLUTE
    prf_init                                 0x00033a23   Thumb Code     0  rom_symdef.txt ABSOLUTE
    prf_cleanup                              0x00033a2b   Thumb Code     0  rom_symdef.txt ABSOLUTE
    __aeabi_uidiv                            0x00033aa7   Thumb Code     0  rom_symdef.txt ABSOLUTE
    __aeabi_uidivmod                         0x00033aa7   Thumb Code     0  rom_symdef.txt ABSOLUTE
    __aeabi_idiv                             0x00033ad3   Thumb Code     0  rom_symdef.txt ABSOLUTE
    __aeabi_idivmod                          0x00033ad3   Thumb Code     0  rom_symdef.txt ABSOLUTE
    rand                                     0x00033afd   Thumb Code     0  rom_symdef.txt ABSOLUTE
    srand                                    0x00033b0f   Thumb Code     0  rom_symdef.txt ABSOLUTE
    __aeabi_memcpy                           0x00033b21   Thumb Code     0  rom_symdef.txt ABSOLUTE
    __aeabi_memcpy4                          0x00033b21   Thumb Code     0  rom_symdef.txt ABSOLUTE
    __aeabi_memcpy8                          0x00033b21   Thumb Code     0  rom_symdef.txt ABSOLUTE
    __aeabi_memset                           0x00033b45   Thumb Code     0  rom_symdef.txt ABSOLUTE
    __aeabi_memset4                          0x00033b45   Thumb Code     0  rom_symdef.txt ABSOLUTE
    __aeabi_memset8                          0x00033b45   Thumb Code     0  rom_symdef.txt ABSOLUTE
    __aeabi_memclr                           0x00033b53   Thumb Code     0  rom_symdef.txt ABSOLUTE
    __aeabi_memclr4                          0x00033b53   Thumb Code     0  rom_symdef.txt ABSOLUTE
    __aeabi_memclr8                          0x00033b53   Thumb Code     0  rom_symdef.txt ABSOLUTE
    _memset$wrapper                          0x00033b57   Thumb Code     0  rom_symdef.txt ABSOLUTE
    strlen                                   0x00033b69   Thumb Code     0  rom_symdef.txt ABSOLUTE
    memcmp                                   0x00033b77   Thumb Code     0  rom_symdef.txt ABSOLUTE
    __aeabi_dmul                             0x00033b91   Thumb Code     0  rom_symdef.txt ABSOLUTE
    __aeabi_i2d                              0x00033c61   Thumb Code     0  rom_symdef.txt ABSOLUTE
    __aeabi_ui2d                             0x00033c89   Thumb Code     0  rom_symdef.txt ABSOLUTE
    __aeabi_cdcmpeq                          0x00033ca5   Thumb Code     0  rom_symdef.txt ABSOLUTE
    __aeabi_cdcmple                          0x00033ca5   Thumb Code     0  rom_symdef.txt ABSOLUTE
    __I$use$fp                               0x00033ccd   Thumb Code     0  rom_symdef.txt ABSOLUTE
    _double_round                            0x00033ccd   Thumb Code     0  rom_symdef.txt ABSOLUTE
    _double_epilogue                         0x00033ce7   Thumb Code     0  rom_symdef.txt ABSOLUTE
    __aeabi_llsl                             0x00033d8d   Thumb Code     0  rom_symdef.txt ABSOLUTE
    _ll_shift_l                              0x00033d8d   Thumb Code     0  rom_symdef.txt ABSOLUTE
    __aeabi_llsr                             0x00033dad   Thumb Code     0  rom_symdef.txt ABSOLUTE
    _ll_ushift_r                             0x00033dad   Thumb Code     0  rom_symdef.txt ABSOLUTE
    __ARM_clz                                0x00033dcf   Thumb Code     0  rom_symdef.txt ABSOLUTE
    __ARM_common_switch8                     0x00033dfd   Thumb Code     0  rom_symdef.txt ABSOLUTE
    uart_api                                 0x00033e18   Data           0  rom_symdef.txt ABSOLUTE
    co_sca2ppm                               0x00033e28   Data           0  rom_symdef.txt ABSOLUTE
    co_null_bdaddr                           0x00033e38   Data           0  rom_symdef.txt ABSOLUTE
    co_default_bdaddr                        0x00033e3e   Data           0  rom_symdef.txt ABSOLUTE
    dbg_default_handler                      0x00033f14   Data           0  rom_symdef.txt ABSOLUTE
    llc_default_state                        0x00033fac   Data           0  rom_symdef.txt ABSOLUTE
    llc_state_handler                        0x000340dc   Data           0  rom_symdef.txt ABSOLUTE
    llc_default_handler                      0x0003418c   Data           0  rom_symdef.txt ABSOLUTE
    llm_local_cmds                           0x000341bc   Data           0  rom_symdef.txt ABSOLUTE
    llm_local_le_feats                       0x000341fc   Data           0  rom_symdef.txt ABSOLUTE
    llm_local_le_states                      0x00034204   Data           0  rom_symdef.txt ABSOLUTE
    llm_default_state                        0x00034224   Data           0  rom_symdef.txt ABSOLUTE
    llm_state_handler                        0x00034354   Data           0  rom_symdef.txt ABSOLUTE
    llm_default_handler                      0x00034384   Data           0  rom_symdef.txt ABSOLUTE
    LLM_AA_CT1                               0x0003438c   Data           0  rom_symdef.txt ABSOLUTE
    LLM_AA_CT2                               0x0003438f   Data           0  rom_symdef.txt ABSOLUTE
    gtl_default_state                        0x000343a4   Data           0  rom_symdef.txt ABSOLUTE
    gtl_default_handler                      0x000343bc   Data           0  rom_symdef.txt ABSOLUTE
    attc_default_state                       0x000343d8   Data           0  rom_symdef.txt ABSOLUTE
    attc_state_handler                       0x000343f8   Data           0  rom_symdef.txt ABSOLUTE
    attc_default_handler                     0x00034410   Data           0  rom_symdef.txt ABSOLUTE
    attm_default_state                       0x00034428   Data           0  rom_symdef.txt ABSOLUTE
    attm_state_handler                       0x00034480   Data           0  rom_symdef.txt ABSOLUTE
    attm_default_handler                     0x00034488   Data           0  rom_symdef.txt ABSOLUTE
    atts_default_state                       0x000344a0   Data           0  rom_symdef.txt ABSOLUTE
    atts_state_handler                       0x000344d0   Data           0  rom_symdef.txt ABSOLUTE
    atts_default_handler                     0x000344f8   Data           0  rom_symdef.txt ABSOLUTE
    gattc_default_state                      0x00034510   Data           0  rom_symdef.txt ABSOLUTE
    gattc_state_handler                      0x00034598   Data           0  rom_symdef.txt ABSOLUTE
    gattc_default_handler                    0x000345b0   Data           0  rom_symdef.txt ABSOLUTE
    gattm_default_state                      0x00034604   Data           0  rom_symdef.txt ABSOLUTE
    gattm_state_handler                      0x00034614   Data           0  rom_symdef.txt ABSOLUTE
    gattm_default_handler                    0x00034624   Data           0  rom_symdef.txt ABSOLUTE
    l2cc_default_state                       0x0003463c   Data           0  rom_symdef.txt ABSOLUTE
    l2cc_state_handler                       0x00034654   Data           0  rom_symdef.txt ABSOLUTE
    l2cc_default_handler                     0x0003466c   Data           0  rom_symdef.txt ABSOLUTE
    l2cm_default_state                       0x00034684   Data           0  rom_symdef.txt ABSOLUTE
    l2cm_state_handler                       0x0003468c   Data           0  rom_symdef.txt ABSOLUTE
    l2cm_default_handler                     0x00034694   Data           0  rom_symdef.txt ABSOLUTE
    smpc_default_state                       0x000346c8   Data           0  rom_symdef.txt ABSOLUTE
    smpc_state_handler                       0x00034760   Data           0  rom_symdef.txt ABSOLUTE
    smpc_default_handler                     0x00034780   Data           0  rom_symdef.txt ABSOLUTE
    smpm_default_state                       0x00034798   Data           0  rom_symdef.txt ABSOLUTE
    smpm_state_handler                       0x000347d0   Data           0  rom_symdef.txt ABSOLUTE
    smpm_default_handler                     0x000347e0   Data           0  rom_symdef.txt ABSOLUTE
    gapc_default_state                       0x000347f8   Data           0  rom_symdef.txt ABSOLUTE
    gapc_state_handler                       0x00034910   Data           0  rom_symdef.txt ABSOLUTE
    gapc_default_handler                     0x00034928   Data           0  rom_symdef.txt ABSOLUTE
    gapm_default_state                       0x000349ec   Data           0  rom_symdef.txt ABSOLUTE
    gapm_state_handler                       0x00034b94   Data           0  rom_symdef.txt ABSOLUTE
    gapm_default_handler                     0x00034bbc   Data           0  rom_symdef.txt ABSOLUTE
    smpc_construct_pdu                       0x00034ce8   Data           0  rom_symdef.txt ABSOLUTE
    smpc_recv_pdu                            0x00034d18   Data           0  rom_symdef.txt ABSOLUTE
    dummy                                    0x00080000   Data           0  rom_symdef.txt ABSOLUTE
    sleep_env                                0x00080254   Data           0  rom_symdef.txt ABSOLUTE
    iq_trim_bias_ctrl1_reg                   0x00080256   Data           0  rom_symdef.txt ABSOLUTE
    co_buf_env                               0x00080258   Data           0  rom_symdef.txt ABSOLUTE
    dbg_state                                0x00080348   Data           0  rom_symdef.txt ABSOLUTE
    iq_trim_rf_mixer_ctrl1_reg               0x0008034a   Data           0  rom_symdef.txt ABSOLUTE
    llc_env                                  0x0008034c   Data           0  rom_symdef.txt ABSOLUTE
    llc_state                                0x00080364   Data           0  rom_symdef.txt ABSOLUTE
    ret_winsize_var                          0x0008036a   Data           0  rom_symdef.txt ABSOLUTE
    lld_evt_env                              0x0008036c   Data           0  rom_symdef.txt ABSOLUTE
    lld_sleep_env                            0x0008038c   Data           0  rom_symdef.txt ABSOLUTE
    llm_le_env                               0x00080390   Data           0  rom_symdef.txt ABSOLUTE
    llm_le_env_lpus                          0x000803e4   Data           0  rom_symdef.txt ABSOLUTE
    llm_bt_env                               0x0008042a   Data           0  rom_symdef.txt ABSOLUTE
    llm_state                                0x00080432   Data           0  rom_symdef.txt ABSOLUTE
    uart_env                                 0x00080434   Data           0  rom_symdef.txt ABSOLUTE
    vcocal_ctrl_reg_val                      0x00080452   Data           0  rom_symdef.txt ABSOLUTE
    last_temp_count                          0x00080478   Data           0  rom_symdef.txt ABSOLUTE
    last_temp_time                           0x0008047c   Data           0  rom_symdef.txt ABSOLUTE
    gtl_env                                  0x00080480   Data           0  rom_symdef.txt ABSOLUTE
    gtl_state                                0x000804a4   Data           0  rom_symdef.txt ABSOLUTE
    attc_state                               0x000804a5   Data           0  rom_symdef.txt ABSOLUTE
    attm_env                                 0x000804ac   Data           0  rom_symdef.txt ABSOLUTE
    attm_state                               0x000804b4   Data           0  rom_symdef.txt ABSOLUTE
    atts_env                                 0x000804b8   Data           0  rom_symdef.txt ABSOLUTE
    atts_state                               0x000804d0   Data           0  rom_symdef.txt ABSOLUTE
    gattc_env                                0x000804d8   Data           0  rom_symdef.txt ABSOLUTE
    gattc_state                              0x000804f0   Data           0  rom_symdef.txt ABSOLUTE
    gattm_env                                0x000804f6   Data           0  rom_symdef.txt ABSOLUTE
    gattm_state                              0x000804fc   Data           0  rom_symdef.txt ABSOLUTE
    l2cc_env                                 0x00080500   Data           0  rom_symdef.txt ABSOLUTE
    l2cc_state                               0x00080518   Data           0  rom_symdef.txt ABSOLUTE
    l2cm_env                                 0x0008051e   Data           0  rom_symdef.txt ABSOLUTE
    l2cm_state                               0x00080524   Data           0  rom_symdef.txt ABSOLUTE
    smpc_env                                 0x00080528   Data           0  rom_symdef.txt ABSOLUTE
    smpc_state                               0x00080540   Data           0  rom_symdef.txt ABSOLUTE
    smpm_env                                 0x00080548   Data           0  rom_symdef.txt ABSOLUTE
    smpm_state                               0x00080550   Data           0  rom_symdef.txt ABSOLUTE
    gapc_env                                 0x00080554   Data           0  rom_symdef.txt ABSOLUTE
    gapc_state                               0x0008056c   Data           0  rom_symdef.txt ABSOLUTE
    gap_cfg_table                            0x00080574   Data           0  rom_symdef.txt ABSOLUTE
    gapm_env                                 0x00080578   Data           0  rom_symdef.txt ABSOLUTE
    gapm_state                               0x000805a4   Data           0  rom_symdef.txt ABSOLUTE
    ke_env                                   0x000805a8   Data           0  rom_symdef.txt ABSOLUTE
    ke_task_env                              0x00080604   Data           0  rom_symdef.txt ABSOLUTE
    nvds_data_ptr                            0x000806c0   Data           0  rom_symdef.txt ABSOLUTE
    func_check_mem_flag                      0x000806c4   Data           0  rom_symdef.txt ABSOLUTE
    ke_mem_heaps_used                        0x000806c5   Data           0  rom_symdef.txt ABSOLUTE
    rwip_env                                 0x000806c6   Data           0  rom_symdef.txt ABSOLUTE
    ble_reg_save                             0x000806cc   Data           0  rom_symdef.txt ABSOLUTE
    rwip_rf                                  0x0008071c   Data           0  rom_symdef.txt ABSOLUTE
    rwip_heap_db_ret                         0x00080768   Data        1036  jump_table.o(heap_db_area)
    rwip_heap_env_ret                        0x00080b74   Data         340  jump_table.o(heap_env_area)
    rwip_heap_msg_ret                        0x00080cc8   Data        1324  jump_table.o(heap_msg_area)
    descript                                 0x00082a20   Data        1502  arch_main.o(BLE_exchange_memory)
    __Vectors                                0x20000000   Data           4  boot_vectors.o(RESET)
    __Vectors_End                            0x200000a0   Data           0  boot_vectors.o(RESET)
    jump_table_base                          0x20000160   Data         352  jump_table.o(jump_table_mem_area)
    gap_timeout_table                        0x200002c0   Data         100  gapm.o(timeout_table_area)
    nvds_data_storage                        0x20000340   Data         164  nvds.o(nvds_data_storage_area)
    __main                                   0x20000441   Thumb Code     0  entry.o(.ARM.Collect$$$$00000000)
    _main_stk                                0x20000441   Thumb Code     0  entry2.o(.ARM.Collect$$$$00000001)
    _main_scatterload                        0x20000445   Thumb Code     0  entry5.o(.ARM.Collect$$$$00000004)
    __main_after_scatterload                 0x20000449   Thumb Code     0  entry5.o(.ARM.Collect$$$$00000004)
    _main_clock                              0x20000449   Thumb Code     0  entry7b.o(.ARM.Collect$$$$00000008)
    _main_cpp_init                           0x20000449   Thumb Code     0  entry8b.o(.ARM.Collect$$$$0000000A)
    _main_init                               0x20000449   Thumb Code     0  entry9a.o(.ARM.Collect$$$$0000000B)
    __rt_final_cpp                           0x20000451   Thumb Code     0  entry10a.o(.ARM.Collect$$$$0000000D)
    __rt_final_exit                          0x20000451   Thumb Code     0  entry11a.o(.ARM.Collect$$$$0000000F)
    SystemInit                               0x20000455   Thumb Code    62  system_armcm0.o(.text)
    Reset_Handler                            0x200004a5   Thumb Code     8  boot_vectors.o(.text)
    PendSV_Handler                           0x200004f5   Thumb Code     2  boot_vectors.o(.text)
    SysTick_Handler                          0x200004f7   Thumb Code     2  boot_vectors.o(.text)
    ADC_Handler                              0x200004f9   Thumb Code     0  boot_vectors.o(.text)
    I2C_Handler                              0x200004f9   Thumb Code     0  boot_vectors.o(.text)
    KEYBRD_Handler                           0x200004f9   Thumb Code     0  boot_vectors.o(.text)
    RFCAL_Handler                            0x200004f9   Thumb Code     0  boot_vectors.o(.text)
    SPI_Handler                              0x200004f9   Thumb Code     0  boot_vectors.o(.text)
    SWTIM_Handler                            0x200004f9   Thumb Code     0  boot_vectors.o(.text)
    HardFault_HandlerC                       0x20000511   Thumb Code    92  hardfault_handler.o(.text)
    NMI_HandlerC                             0x20000579   Thumb Code   140  nmi_handler.o(.text)
    custom_nvds_get_func                     0x20000615   Thumb Code   106  nvds.o(.text)
    nvds_read_bdaddr_from_otp                0x2000067f   Thumb Code    50  nvds.o(.text)
    main_func                                0x200006cd   Thumb Code   156  arch_main.o(.text)
    dummyf                                   0x200008a5   Thumb Code     2  jump_table.o(.text)
    arch_disable_sleep                       0x200008a9   Thumb Code    26  arch_sleep.o(.text)
    arch_set_extended_sleep                  0x200008c3   Thumb Code    26  arch_sleep.o(.text)
    arch_set_deep_sleep                      0x200008dd   Thumb Code    30  arch_sleep.o(.text)
    arch_set_sleep_mode                      0x200008fb   Thumb Code    20  arch_sleep.o(.text)
    arch_ble_ext_wakeup_get                  0x2000090f   Thumb Code     6  arch_sleep.o(.text)
    arch_ble_force_wakeup                    0x20000915   Thumb Code    46  arch_sleep.o(.text)
    set_sleep_delay                          0x20000a19   Thumb Code    10  arch_system.o(.text)
    get_rc16m_count_func                     0x20000a23   Thumb Code    28  arch_system.o(.text)
    conditionally_run_radio_cals             0x20000a3f   Thumb Code   110  arch_system.o(.text)
    lld_sleep_us_2_lpcycles_sel_func         0x20000aad   Thumb Code    10  arch_system.o(.text)
    lld_sleep_lpcycles_2_us_sel_func         0x20000ab7   Thumb Code    10  arch_system.o(.text)
    uart_flow_off_func                       0x20000ac1   Thumb Code    58  arch_system.o(.text)
    init_rand_seed_from_trng                 0x20000afb   Thumb Code    16  arch_system.o(.text)
    check_sys_startup_period                 0x20000b0b   Thumb Code    46  arch_system.o(.text)
    app_use_lower_clocks_check               0x20000b39   Thumb Code     4  arch_system.o(.text)
    lld_sleep_init_func                      0x20000b3d   Thumb Code    26  arch_system.o(.text)
    system_init                              0x20000b57   Thumb Code   198  arch_system.o(.text)
    wrap_platform_reset                      0x20000c1d   Thumb Code    16  arch_system.o(.text)
    patch_llm_task                           0x20000d23   Thumb Code    36  arch_patch.o(.text)
    gapc_con_create_patch                    0x20000d5d   Thumb Code   196  arch_patch.o(.text)
    SVC_Handler_c                            0x20000e21   Thumb Code    24  arch_patch.o(.text)
    patch_func                               0x20000e39   Thumb Code    44  arch_patch.o(.text)
    patch_atts_task                          0x20000f7b   Thumb Code    36  atts_task.obj(.text)
    dg_atts_read_cfm                         0x20000fb1   Thumb Code    82  atts_util.obj(.text)
    atts_read_resp_patch                     0x20001003   Thumb Code   102  atts_util.obj(.text)
    my_llc_con_update_req_ind                0x20001071   Thumb Code   100  ch_map.obj(.text)
    my_llc_ch_map_req_ind                    0x200010d5   Thumb Code    84  ch_map.obj(.text)
    patched_gapm_adv_op_sanity               0x20001135   Thumb Code   208  gapm_util.obj(.text)
    ke_task_init_func                        0x20001361   Thumb Code    20  ke_task.obj(.text)
    my_smpc_check_param                      0x20001385   Thumb Code   122  smpc.obj(.text)
    smpc_send_pairing_req_ind                0x200013ff   Thumb Code   190  smpc.obj(.text)
    smpc_check_pairing_feat                  0x200014bd   Thumb Code    26  smpc.obj(.text)
    smpc_pairing_cfm_handler                 0x200014e1   Thumb Code   528  smpc_task.obj(.text)
    my_llc_enc_rsp_pdu_send                  0x200016f5   Thumb Code   164  llc.obj(.text)
    my_llc_enc_req_ind                       0x20001799   Thumb Code   164  llc.obj(.text)
    my_llcp_con_up_req_handler               0x200018e7   Thumb Code    86  llc.obj(.text)
    my_llc_start_enc_rsp_ind                 0x200019f1   Thumb Code   158  llc.obj(.text)
    patch_llc_task                           0x20001b99   Thumb Code    36  llc.obj(.text)
    patch_gapc_task                          0x20001ceb   Thumb Code    38  gapc_task.obj(.text)
    patched_llc_con_update_ind               0x20001d29   Thumb Code   134  llc_con_update_ind.obj(.text)
    syscntl_use_lowest_amba_clocks           0x20001db9   Thumb Code    22  syscntl.o(.text)
    syscntl_use_highest_amba_clocks          0x20001dcf   Thumb Code    22  syscntl.o(.text)
    GPIO_init                                0x20001de5   Thumb Code   140  gpio.o(.text)
    GPIO_ResetIRQ                            0x20001e71   Thumb Code    32  gpio.o(.text)
    GPIOn_Handler                            0x20001e91   Thumb Code    50  gpio.o(.text)
    GPIO0_Handler                            0x20001ec3   Thumb Code     4  gpio.o(.text)
    GPIO1_Handler                            0x20001ec7   Thumb Code     4  gpio.o(.text)
    GPIO2_Handler                            0x20001ecb   Thumb Code     4  gpio.o(.text)
    GPIO3_Handler                            0x20001ecf   Thumb Code     4  gpio.o(.text)
    GPIO4_Handler                            0x20001ed3   Thumb Code     4  gpio.o(.text)
    WKUP_QUADEC_Handler                      0x20001f09   Thumb Code   106  wkupct_quadec.o(.text)
    adc_init                                 0x20001f81   Thumb Code    28  adc.o(.text)
    adc_enable_channel                       0x20001f9d   Thumb Code    20  adc.o(.text)
    adc_get_sample                           0x20001fb1   Thumb Code    30  adc.o(.text)
    adc_usDelay                              0x20001fcf   Thumb Code    30  adc.o(.text)
    adc_get_vbat_sample                      0x20001fed   Thumb Code    86  adc.o(.text)
    rfpt_init                                0x20002051   Thumb Code    76  trng.o(.text)
    trng_init                                0x2000209d   Thumb Code    96  trng.o(.text)
    trng_get_raw_data                        0x200020fd   Thumb Code    18  trng.o(.text)
    trng_acquire                             0x2000210f   Thumb Code   222  trng.o(.text)
    UART2_Handler                            0x20002253   Thumb Code    82  uart2.o(.text)
    iq_trim_from_otp                         0x200022e9   Thumb Code    54  rf_580.o(.text)
    rf_reg_rd                                0x2000231f   Thumb Code     4  rf_580.o(.text)
    rf_reg_wr                                0x20002323   Thumb Code     2  rf_580.o(.text)
    rf_reset                                 0x20002325   Thumb Code     2  rf_580.o(.text)
    rf_force_agc_enable                      0x20002327   Thumb Code     2  rf_580.o(.text)
    rf_txpwr_dbm_get                         0x20002329   Thumb Code     4  rf_580.o(.text)
    rf_regs                                  0x2000233d   Thumb Code   226  rf_580.o(.text)
    rf_init_func                             0x20002423   Thumb Code   138  rf_580.o(.text)
    rf_reinit_func                           0x200024ad   Thumb Code   110  rf_580.o(.text)
    lld_sleep_compensate_func_patched        0x200025cd   Thumb Code    66  rwble.o(.text)
    skip_slave_latency_patch                 0x2000260f   Thumb Code   302  rwble.o(.text)
    power_up                                 0x2000273d   Thumb Code    76  rwble.o(.text)
    BLE_WAKEUP_LP_Handler                    0x20002789   Thumb Code    98  rwble.o(.text)
    BLE_SLP_Handler                          0x200027eb   Thumb Code   106  rwble.o(.text)
    BLE_CSCNT_Handler                        0x20002855   Thumb Code    18  rwble.o(.text)
    BLE_FINETGTIM_Handler                    0x20002867   Thumb Code    18  rwble.o(.text)
    BLE_RX_Handler                           0x20002879   Thumb Code    14  rwble.o(.text)
    BLE_EVENT_Handler                        0x20002887   Thumb Code    64  rwble.o(.text)
    BLE_RF_DIAG_Handler                      0x200028c7   Thumb Code    82  rwble.o(.text)
    rwip_sleep                               0x2000296d   Thumb Code   386  rwip.o(.text)
    diss_init                                0x20002b15   Thumb Code    28  diss.o(.text)
    diss_compute_cfg_flag                    0x20002b31   Thumb Code    38  diss.o(.text)
    diss_check_val_len                       0x20002b57   Thumb Code    42  diss.o(.text)
    diss_disable                             0x20002b81   Thumb Code    42  diss.o(.text)
    prf_server_error_ind_send                0x20002cb5   Thumb Code    44  prf_utils.o(.text)
    prf_init_func                            0x20002ce1   Thumb Code    52  prf_utils.o(.text)
    prf_cleanup_func                         0x20002d15   Thumb Code    32  prf_utils.o(.text)
    default_app_on_init                      0x20002d39   Thumb Code    18  app_default_handlers.o(.text)
    default_app_on_connection                0x20002d4b   Thumb Code    30  app_default_handlers.o(.text)
    default_app_on_set_dev_config_complete   0x20002d69   Thumb Code    16  app_default_handlers.o(.text)
    default_app_on_db_init_complete          0x20002d79   Thumb Code     8  app_default_handlers.o(.text)
    app_prf_enable                           0x20002da5   Thumb Code    98  app.o(.text)
    app_easy_gap_advertise_stop              0x20003005   Thumb Code    26  app.o(.text)
    app_init                                 0x2000301f   Thumb Code    56  app.o(.text)
    app_easy_gap_confirm                     0x20003057   Thumb Code    36  app.o(.text)
    app_easy_gap_non_connectable_advertise_get_active 0x2000307b   Thumb Code     2  app.o(.text)
    app_easy_gap_non_connectable_advertise_start 0x2000307d   Thumb Code    44  app.o(.text)
    app_easy_gap_param_update_start          0x200030a9   Thumb Code    32  app.o(.text)
    app_db_init_start                        0x200030c9   Thumb Code    16  app.o(.text)
    app_db_init                              0x200030d9   Thumb Code     2  app.o(.text)
    app_easy_gap_dev_configure               0x200030db   Thumb Code    18  app.o(.text)
    get_user_prf_srv_perm                    0x200030ed   Thumb Code    34  app.o(.text)
    prf_init_srv_perm                        0x2000310f   Thumb Code    30  app.o(.text)
    app_gap_process_handler                  0x200032c9   Thumb Code    26  app_task.o(.text)
    app_dis_init                             0x200032f1   Thumb Code     2  app_diss.o(.text)
    app_diss_create_db                       0x200032f3   Thumb Code    26  app_diss.o(.text)
    app_diss_enable                          0x2000330d   Thumb Code    40  app_diss.o(.text)
    app_diss_process_handler                 0x2000345b   Thumb Code    24  app_diss_task.o(.text)
    app_entry_point_handler                  0x200034ad   Thumb Code    62  app_entry_point.o(.text)
    app_std_process_event                    0x200034eb   Thumb Code    64  app_entry_point.o(.text)
    app_check_BLE_active                     0x20003535   Thumb Code    38  app_msg_utils.o(.text)
    app_timer_api_process_handler            0x2000359b   Thumb Code   172  app_easy_timer.o(.text)
    app_easy_timer                           0x20003647   Thumb Code    66  app_easy_timer.o(.text)
    app_easy_timer_cancel                    0x20003689   Thumb Code    76  app_easy_timer.o(.text)
    GPIO_reservations                        0x20003741   Thumb Code     2  user_periph_setup.o(.text)
    periph_init                              0x20003743   Thumb Code    46  user_periph_setup.o(.text)
    user_app_init                            0x2000378d   Thumb Code    36  user_barebone.o(.text)
    user_app_adv_start                       0x200037b1   Thumb Code   124  user_barebone.o(.text)
    user_app_connection                      0x2000382d   Thumb Code    78  user_barebone.o(.text)
    user_app_adv_undirect_complete           0x2000387b   Thumb Code     8  user_barebone.o(.text)
    user_app_on_adv_nonconn_complete         0x20003883   Thumb Code     8  user_barebone.o(.text)
    user_app_disconnect                      0x2000388b   Thumb Code    42  user_barebone.o(.text)
    user_catch_rest_hndl                     0x200038b5   Thumb Code     2  user_barebone.o(.text)
    __scatterload                            0x200038d1   Thumb Code    28  init.o(.text)
    __scatterload_rt2                        0x200038d1   Thumb Code     0  init.o(.text)
    Long Thumb to Thumb Veneer to memcmp     0x200038f5   Thumb Code    12  anon$$obj.o(Veneer$$Code)
    Long Thumb to Thumb Veneer to __aeabi_memcpy 0x20003901   Thumb Code    12  anon$$obj.o(Veneer$$Code)
    Long Thumb to Thumb Veneer to nvds_get_func 0x2000390d   Thumb Code    12  anon$$obj.o(Veneer$$Code)
    Long Thumb to Thumb Veneer to lld_sleep_check 0x20003919   Thumb Code    12  anon$$obj.o(Veneer$$Code)
    Long Thumb to Thumb Veneer to rwip_prevent_sleep_get 0x20003925   Thumb Code    12  anon$$obj.o(Veneer$$Code)
    Long Thumb to Thumb Veneer to ke_event_get 0x20003931   Thumb Code    12  anon$$obj.o(Veneer$$Code)
    Long Thumb to Thumb Veneer to rwip_schedule 0x2000393d   Thumb Code    12  anon$$obj.o(Veneer$$Code)
    Long Thumb to Thumb Veneer to func_check_mem 0x20003949   Thumb Code    12  anon$$obj.o(Veneer$$Code)
    Long Thumb to Thumb Veneer to test_rxdone 0x20003955   Thumb Code    12  anon$$obj.o(Veneer$$Code)
    Long Thumb to Thumb Veneer to ke_mem_is_empty 0x20003961   Thumb Code    12  anon$$obj.o(Veneer$$Code)
    Long Thumb to Thumb Veneer to rwip_wakeup_delay_set 0x2000396d   Thumb Code    12  anon$$obj.o(Veneer$$Code)
    Long Thumb to Thumb Veneer to $Super$$get_rc16m_count_func 0x20003979   Thumb Code    12  anon$$obj.o(Veneer$$Code)
    Long Thumb to Thumb Veneer to get_rc16m_count 0x20003985   Thumb Code    12  anon$$obj.o(Veneer$$Code)
    Long Thumb to Thumb Veneer to pll_vcocal_LUT_InitUpdate 0x20003991   Thumb Code    12  anon$$obj.o(Veneer$$Code)
    Long Thumb to Thumb Veneer to rf_calibration 0x2000399d   Thumb Code    12  anon$$obj.o(Veneer$$Code)
    Long Thumb to Thumb Veneer to lld_sleep_us_2_lpcycles_func 0x200039a9   Thumb Code    12  anon$$obj.o(Veneer$$Code)
    Long Thumb to Thumb Veneer to lld_sleep_lpcycles_2_us_func 0x200039b5   Thumb Code    12  anon$$obj.o(Veneer$$Code)
    Long Thumb to Thumb Veneer to uart_flow_on 0x200039c1   Thumb Code    12  anon$$obj.o(Veneer$$Code)
    Long Thumb to Thumb Veneer to srand      0x200039cd   Thumb Code    12  anon$$obj.o(Veneer$$Code)
    Long Thumb to Thumb Veneer to set_system_clocks 0x200039d9   Thumb Code    12  anon$$obj.o(Veneer$$Code)
    Long Thumb to Thumb Veneer to nvds_init  0x200039e5   Thumb Code    12  anon$$obj.o(Veneer$$Code)
    Long Thumb to Thumb Veneer to rwip_init  0x200039f1   Thumb Code    12  anon$$obj.o(Veneer$$Code)
    Long Thumb to Thumb Veneer to enable_rf_diag_irq 0x200039fd   Thumb Code    12  anon$$obj.o(Veneer$$Code)
    Long Thumb to Thumb Veneer to platform_reset_func 0x20003a09   Thumb Code    12  anon$$obj.o(Veneer$$Code)
    Long Thumb to Thumb Veneer to ke_handler_search 0x20003a15   Thumb Code    12  anon$$obj.o(Veneer$$Code)
    Long Thumb to Thumb Veneer to ke_state_get 0x20003a21   Thumb Code    12  anon$$obj.o(Veneer$$Code)
    Long Thumb to Thumb Veneer to __ARM_common_switch8 0x20003a2d   Thumb Code    12  anon$$obj.o(Veneer$$Code)
    Long Thumb to Thumb Veneer to TASK_LLM_lld_data_ind_handler 0x20003a39   Thumb Code    12  anon$$obj.o(Veneer$$Code)
    Long Thumb to Thumb Veneer to co_buf_rx_free 0x20003a45   Thumb Code    12  anon$$obj.o(Veneer$$Code)
    Long Thumb to Thumb Veneer to ke_malloc  0x20003a51   Thumb Code    12  anon$$obj.o(Veneer$$Code)
    Long Thumb to Thumb Veneer to __aeabi_memclr4 0x20003a5d   Thumb Code    12  anon$$obj.o(Veneer$$Code)
    Long Thumb to Thumb Veneer to ke_state_set 0x20003a69   Thumb Code    12  anon$$obj.o(Veneer$$Code)
    Long Thumb to Thumb Veneer to ke_msg_alloc 0x20003a75   Thumb Code    12  anon$$obj.o(Veneer$$Code)
    Long Thumb to Thumb Veneer to ke_msg_send 0x20003a81   Thumb Code    12  anon$$obj.o(Veneer$$Code)
    Long Thumb to Thumb Veneer to ke_timer_clear 0x20003a8d   Thumb Code    12  anon$$obj.o(Veneer$$Code)
    Long Thumb to Thumb Veneer to atts_send_cmd_cmp 0x20003a99   Thumb Code    12  anon$$obj.o(Veneer$$Code)
    Long Thumb to Thumb Veneer to atts_mtu_exc_resp 0x20003aa5   Thumb Code    12  anon$$obj.o(Veneer$$Code)
    Long Thumb to Thumb Veneer to atts_find_info_resp 0x20003ab1   Thumb Code    12  anon$$obj.o(Veneer$$Code)
    Long Thumb to Thumb Veneer to atts_find_by_type_resp 0x20003abd   Thumb Code    12  anon$$obj.o(Veneer$$Code)
    Long Thumb to Thumb Veneer to atts_read_by_type_resp 0x20003ac9   Thumb Code    12  anon$$obj.o(Veneer$$Code)
    Long Thumb to Thumb Veneer to atts_read_by_grp_type_resp 0x20003ad5   Thumb Code    12  anon$$obj.o(Veneer$$Code)
    Long Thumb to Thumb Veneer to atts_read_blob_resp 0x20003ae1   Thumb Code    12  anon$$obj.o(Veneer$$Code)
    Long Thumb to Thumb Veneer to atts_read_mult_resp 0x20003aed   Thumb Code    12  anon$$obj.o(Veneer$$Code)
    Long Thumb to Thumb Veneer to atts_write_no_resp 0x20003af9   Thumb Code    12  anon$$obj.o(Veneer$$Code)
    Long Thumb to Thumb Veneer to atts_write_resp 0x20003b05   Thumb Code    12  anon$$obj.o(Veneer$$Code)
    Long Thumb to Thumb Veneer to atts_signed_write_resp 0x20003b11   Thumb Code    12  anon$$obj.o(Veneer$$Code)
    Long Thumb to Thumb Veneer to atts_prepare_write_resp 0x20003b1d   Thumb Code    12  anon$$obj.o(Veneer$$Code)
    Long Thumb to Thumb Veneer to atts_execute_write_resp 0x20003b29   Thumb Code    12  anon$$obj.o(Veneer$$Code)
    Long Thumb to Thumb Veneer to attmdb_get_attribute 0x20003b35   Thumb Code    12  anon$$obj.o(Veneer$$Code)
    Long Thumb to Thumb Veneer to gattc_get_mtu 0x20003b41   Thumb Code    12  anon$$obj.o(Veneer$$Code)
    Long Thumb to Thumb Veneer to atts_allocate_pdu 0x20003b4d   Thumb Code    12  anon$$obj.o(Veneer$$Code)
    Long Thumb to Thumb Veneer to atts_send_error 0x20003b59   Thumb Code    12  anon$$obj.o(Veneer$$Code)
    Long Thumb to Thumb Veneer to atts_send_pdu 0x20003b65   Thumb Code    12  anon$$obj.o(Veneer$$Code)
    Long Thumb to Thumb Veneer to atts_get_att_chk_perm 0x20003b71   Thumb Code    12  anon$$obj.o(Veneer$$Code)
    Long Thumb to Thumb Veneer to attmdb_get_service 0x20003b7d   Thumb Code    12  anon$$obj.o(Veneer$$Code)
    Long Thumb to Thumb Veneer to __aeabi_llsl 0x20003b89   Thumb Code    12  anon$$obj.o(Veneer$$Code)
    Long Thumb to Thumb Veneer to lld_con_update_ind 0x20003b95   Thumb Code    12  anon$$obj.o(Veneer$$Code)
    Long Thumb to Thumb Veneer to __aeabi_uidivmod 0x20003ba1   Thumb Code    12  anon$$obj.o(Veneer$$Code)
    Long Thumb to Thumb Veneer to llc_util_dicon_procedure 0x20003bad   Thumb Code    12  anon$$obj.o(Veneer$$Code)
    Long Thumb to Thumb Veneer to lld_ch_map_ind 0x20003bb9   Thumb Code    12  anon$$obj.o(Veneer$$Code)
    Long Thumb to Thumb Veneer to gapm_get_privacy_flag 0x20003bc5   Thumb Code    12  anon$$obj.o(Veneer$$Code)
    Long Thumb to Thumb Veneer to gapm_set_recon_addr 0x20003bd1   Thumb Code    12  anon$$obj.o(Veneer$$Code)
    Long Thumb to Thumb Veneer to co_list_pop_front 0x20003bdd   Thumb Code    12  anon$$obj.o(Veneer$$Code)
    Long Thumb to Thumb Veneer to ke_task_handler_get 0x20003be9   Thumb Code    12  anon$$obj.o(Veneer$$Code)
    Long Thumb to Thumb Veneer to ke_msg_free 0x20003bf5   Thumb Code    12  anon$$obj.o(Veneer$$Code)
    Long Thumb to Thumb Veneer to co_list_push_back 0x20003c01   Thumb Code    12  anon$$obj.o(Veneer$$Code)
    Long Thumb to Thumb Veneer to ke_event_clear 0x20003c0d   Thumb Code    12  anon$$obj.o(Veneer$$Code)
    Long Thumb to Thumb Veneer to ke_event_callback_set 0x20003c19   Thumb Code    12  anon$$obj.o(Veneer$$Code)
    Long Thumb to Thumb Veneer to gapc_get_enc_keysize 0x20003c25   Thumb Code    12  anon$$obj.o(Veneer$$Code)
    Long Thumb to Thumb Veneer to gapc_get_role 0x20003c31   Thumb Code    12  anon$$obj.o(Veneer$$Code)
    Long Thumb to Thumb Veneer to smpc_generate_rand 0x20003c3d   Thumb Code    12  anon$$obj.o(Veneer$$Code)
    Long Thumb to Thumb Veneer to smpc_tkdp_send_continue 0x20003c49   Thumb Code    12  anon$$obj.o(Veneer$$Code)
    Long Thumb to Thumb Veneer to smpc_pdu_send 0x20003c55   Thumb Code    12  anon$$obj.o(Veneer$$Code)
    Long Thumb to Thumb Veneer to smpc_tkdp_rcp_start 0x20003c61   Thumb Code    12  anon$$obj.o(Veneer$$Code)
    Long Thumb to Thumb Veneer to smpc_pairing_end 0x20003c6d   Thumb Code    12  anon$$obj.o(Veneer$$Code)
    Long Thumb to Thumb Veneer to smpc_check_max_key_size 0x20003c79   Thumb Code    12  anon$$obj.o(Veneer$$Code)
    Long Thumb to Thumb Veneer to smpc_check_key_distrib 0x20003c85   Thumb Code    12  anon$$obj.o(Veneer$$Code)
    Long Thumb to Thumb Veneer to smpc_get_key_sec_prop 0x20003c91   Thumb Code    12  anon$$obj.o(Veneer$$Code)
    Long Thumb to Thumb Veneer to smpc_is_sec_mode_reached 0x20003c9d   Thumb Code    12  anon$$obj.o(Veneer$$Code)
    Long Thumb to Thumb Veneer to rand       0x20003ca9   Thumb Code    12  anon$$obj.o(Veneer$$Code)
    Long Thumb to Thumb Veneer to llc_pdu_send 0x20003cb5   Thumb Code    12  anon$$obj.o(Veneer$$Code)
    Long Thumb to Thumb Veneer to llm_util_check_evt_mask 0x20003cc1   Thumb Code    12  anon$$obj.o(Veneer$$Code)
    Long Thumb to Thumb Veneer to llc_ltk_req_send 0x20003ccd   Thumb Code    12  anon$$obj.o(Veneer$$Code)
    Long Thumb to Thumb Veneer to llc_terminate_ind_pdu_send 0x20003cd9   Thumb Code    12  anon$$obj.o(Veneer$$Code)
    Long Thumb to Thumb Veneer to ke_timer_set 0x20003ce5   Thumb Code    12  anon$$obj.o(Veneer$$Code)
    Long Thumb to Thumb Veneer to llc_reject_ind_pdu_send 0x20003cf1   Thumb Code    12  anon$$obj.o(Veneer$$Code)
    Long Thumb to Thumb Veneer to llm_util_get_role 0x20003cfd   Thumb Code    12  anon$$obj.o(Veneer$$Code)
    Long Thumb to Thumb Veneer to llc_le_con_update_cmd_handler 0x20003d09   Thumb Code    12  anon$$obj.o(Veneer$$Code)
    Long Thumb to Thumb Veneer to lld_evt_int_extract 0x20003d15   Thumb Code    12  anon$$obj.o(Veneer$$Code)
    Long Thumb to Thumb Veneer to ke_free    0x20003d21   Thumb Code    12  anon$$obj.o(Veneer$$Code)
    Long Thumb to Thumb Veneer to lld_stop_ind_handler 0x20003d2d   Thumb Code    12  anon$$obj.o(Veneer$$Code)
    Long Thumb to Thumb Veneer to llc_start_enc_rsp_pdu_send 0x20003d39   Thumb Code    12  anon$$obj.o(Veneer$$Code)
    Long Thumb to Thumb Veneer to llc_common_enc_change_evt_send 0x20003d45   Thumb Code    12  anon$$obj.o(Veneer$$Code)
    Long Thumb to Thumb Veneer to llc_llcp_rsp_to_ind_handler 0x20003d51   Thumb Code    12  anon$$obj.o(Veneer$$Code)
    Long Thumb to Thumb Veneer to llc_link_sup_to_ind_handler 0x20003d5d   Thumb Code    12  anon$$obj.o(Veneer$$Code)
    Long Thumb to Thumb Veneer to gapc_send_error_evt 0x20003d69   Thumb Code    12  anon$$obj.o(Veneer$$Code)
    Long Thumb to Thumb Veneer to gapc_get_operation 0x20003d75   Thumb Code    12  anon$$obj.o(Veneer$$Code)
    Long Thumb to Thumb Veneer to gapc_send_complete_evt 0x20003d81   Thumb Code    12  anon$$obj.o(Veneer$$Code)
    Long Thumb to Thumb Veneer to gapc_send_disconect_ind 0x20003d8d   Thumb Code    12  anon$$obj.o(Veneer$$Code)
    Long Thumb to Thumb Veneer to gapm_con_cleanup 0x20003d99   Thumb Code    12  anon$$obj.o(Veneer$$Code)
    Long Thumb to Thumb Veneer to llc_con_update_cmd_complete_send 0x20003da5   Thumb Code    12  anon$$obj.o(Veneer$$Code)
    Long Thumb to Thumb Veneer to IffCalibration 0x20003db1   Thumb Code    12  anon$$obj.o(Veneer$$Code)
    Long Thumb to Thumb Veneer to DCoffsetCalibration 0x20003dbd   Thumb Code    12  anon$$obj.o(Veneer$$Code)
    Long Thumb to Thumb Veneer to ble_regs_pop 0x20003dc9   Thumb Code    12  anon$$obj.o(Veneer$$Code)
    Long Thumb to Thumb Veneer to rwip_wakeup 0x20003dd5   Thumb Code    12  anon$$obj.o(Veneer$$Code)
    Long Thumb to Thumb Veneer to rf_workaround_init 0x20003de1   Thumb Code    12  anon$$obj.o(Veneer$$Code)
    Long Thumb to Thumb Veneer to rf_reinit  0x20003ded   Thumb Code    12  anon$$obj.o(Veneer$$Code)
    Long Thumb to Thumb Veneer to $Super$$BLE_CSCNT_Handler 0x20003df9   Thumb Code    12  anon$$obj.o(Veneer$$Code)
    Long Thumb to Thumb Veneer to lld_evt_rx_isr 0x20003e05   Thumb Code    12  anon$$obj.o(Veneer$$Code)
    Long Thumb to Thumb Veneer to lld_evt_end_isr 0x20003e11   Thumb Code    12  anon$$obj.o(Veneer$$Code)
    Long Thumb to Thumb Veneer to set_rf_cal_cap 0x20003e1d   Thumb Code    12  anon$$obj.o(Veneer$$Code)
    Long Thumb to Thumb Veneer to set_gauss_modgain 0x20003e29   Thumb Code    12  anon$$obj.o(Veneer$$Code)
    Long Thumb to Thumb Veneer to lld_evt_start_isr 0x20003e35   Thumb Code    12  anon$$obj.o(Veneer$$Code)
    Long Thumb to Thumb Veneer to ke_sleep_check 0x20003e41   Thumb Code    12  anon$$obj.o(Veneer$$Code)
    Long Thumb to Thumb Veneer to ke_timer_sleep_check 0x20003e4d   Thumb Code    12  anon$$obj.o(Veneer$$Code)
    Long Thumb to Thumb Veneer to lld_sleep_enter 0x20003e59   Thumb Code    12  anon$$obj.o(Veneer$$Code)
    Long Thumb to Thumb Veneer to ble_regs_push 0x20003e65   Thumb Code    12  anon$$obj.o(Veneer$$Code)
    Long Thumb to Thumb Veneer to __aeabi_memclr 0x20003e71   Thumb Code    12  anon$$obj.o(Veneer$$Code)
    Long Thumb to Thumb Veneer to ke_task_create 0x20003e7d   Thumb Code    12  anon$$obj.o(Veneer$$Code)
    Long Thumb to Thumb Veneer to attmdb_svc_set_permission 0x20003e89   Thumb Code    12  anon$$obj.o(Veneer$$Code)
    Long Thumb to Thumb Veneer to attm_svc_create_db 0x20003e95   Thumb Code    12  anon$$obj.o(Veneer$$Code)
    Long Thumb to Thumb Veneer to attmdb_att_set_value 0x20003ea1   Thumb Code    12  anon$$obj.o(Veneer$$Code)
    Long Thumb to Thumb Veneer to gapc_get_conidx 0x20003ead   Thumb Code    12  anon$$obj.o(Veneer$$Code)
    Long Thumb to Thumb Veneer to gapc_get_conhdl 0x20003eb9   Thumb Code    12  anon$$obj.o(Veneer$$Code)
    Long Thumb to Thumb Veneer to attmdb_att_partial_value_update 0x20003ec5   Thumb Code    12  anon$$obj.o(Veneer$$Code)
    Long Thumb to Thumb Veneer to attmdb_att_set_permission 0x20003ed1   Thumb Code    12  anon$$obj.o(Veneer$$Code)
    Long Thumb to Thumb Veneer to nvds_get   0x20003edd   Thumb Code    12  anon$$obj.o(Veneer$$Code)
    __scatterload_copy                       0x20003ee9   Thumb Code    14  handlers.o(i.__scatterload_copy)
    __scatterload_null                       0x20003ef7   Thumb Code     2  handlers.o(i.__scatterload_null)
    __scatterload_zeroinit                   0x20003ef9   Thumb Code    14  handlers.o(i.__scatterload_zeroinit)
    free                                     0x20003f09   Thumb Code    80  malloc.o(i.free)
    malloc                                   0x20003f5d   Thumb Code    92  malloc.o(i.malloc)
    LUT_CFG                                  0x20003fc8   Data          22  jump_table.o(.constdata)
    atts_read_resp_impl                      0x20003fe0   Data           4  arch_patch.o(.constdata)
    my_atts_default_handler                  0x200040c4   Data           8  atts_task.obj(.constdata)
    TASK_DESC_ATTS                           0x200040cc   Data          16  atts_task.obj(.constdata)
    my_llc_state_handler                     0x20004134   Data         176  llc.obj(.constdata)
    my_llc_default_handler                   0x200041e4   Data           8  llc.obj(.constdata)
    TASK_DESC_LLC                            0x200041ec   Data          16  llc.obj(.constdata)
    diss_att_db                              0x20004234   Data         228  diss.o(.constdata)
    diss_dis_svc                             0x20004318   Data           2  diss.o(.constdata)
    diss_manufacturer_name_char              0x2000431a   Data           5  diss.o(.constdata)
    diss_model_nb_str_char                   0x2000431f   Data           5  diss.o(.constdata)
    diss_serial_nb_str_char                  0x20004324   Data           5  diss.o(.constdata)
    diss_hard_rev_str_char                   0x20004329   Data           5  diss.o(.constdata)
    diss_firm_rev_str_char                   0x2000432e   Data           5  diss.o(.constdata)
    diss_sw_rev_str_char                     0x20004333   Data           5  diss.o(.constdata)
    diss_system_id_char                      0x20004338   Data           5  diss.o(.constdata)
    diss_ieee_char                           0x2000433d   Data           5  diss.o(.constdata)
    diss_pnp_id_char                         0x20004342   Data           5  diss.o(.constdata)
    diss_disabled                            0x20004358   Data           8  diss_task.o(.constdata)
    diss_idle                                0x20004360   Data          16  diss_task.o(.constdata)
    diss_default_state                       0x20004370   Data           8  diss_task.o(.constdata)
    diss_state_handler                       0x20004378   Data          24  diss_task.o(.constdata)
    diss_default_handler                     0x20004390   Data           8  diss_task.o(.constdata)
    prf_funcs                                0x200043d8   Data          24  app.o(.constdata)
    app_default_state                        0x2000443c   Data           8  app_task.o(.constdata)
    app_default_handler                      0x20004444   Data           8  app_task.o(.constdata)
    app_process_handlers                     0x20004460   Data          12  app_entry_point.o(.constdata)
    Region$$Table$$Base                      0x2000446c   Number         0  anon$$obj.o(Region$$Table)
    Region$$Table$$Limit                     0x2000449c   Number         0  anon$$obj.o(Region$$Table)
    startup_sleep_delay                      0x2000449c   Data           4  arch_system.o(.data)
    __microlib_freelist                      0x200044a0   Data           4  mvars.o(.data)
    __microlib_freelist_initialised          0x200044a4   Data           4  mvars.o(.data)
    dev_bdaddr                               0x20008000   Data           6  nvds.o(retention_mem_area0)
    sys_startup_flag                         0x20008006   Data           1  arch_main.o(retention_mem_area0)
    sleep_md                                 0x20008007   Data           1  arch_sleep.o(retention_mem_area0)
    sleep_pend                               0x20008008   Data           1  arch_sleep.o(retention_mem_area0)
    sleep_cnt                                0x20008009   Data           1  arch_sleep.o(retention_mem_area0)
    sleep_ext_force                          0x2000800a   Data           1  arch_sleep.o(retention_mem_area0)
    cal_enable                               0x2000800c   Data           1  arch_system.o(retention_mem_area0)
    force_rf_cal                             0x2000800d   Data           1  arch_system.o(retention_mem_area0)
    arch_wkupct_deb_time                     0x2000800e   Data           2  arch_system.o(retention_mem_area0)
    lp_clk_sel                               0x20008010   Data           4  arch_system.o(retention_mem_area0)
    rcx_freq                                 0x20008014   Data           4  arch_system.o(retention_mem_area0)
    rcx_period                               0x20008018   Data           4  arch_system.o(retention_mem_area0)
    rcx_slot_duration_num                    0x2000801c   Data           4  arch_system.o(retention_mem_area0)
    rcx_slot_duration_den                    0x20008020   Data           4  arch_system.o(retention_mem_area0)
    dg_registered_tasks                      0x20008028   Data           8  atts_util.obj(retention_mem_area0)
    alt_evts                                 0x20008030   Data          24  llc.obj(retention_mem_area0)
    wkupct_quad_IRQ_status                   0x20008048   Data           1  wkupct_quadec.o(retention_mem_area0)
    arch_rwble_last_event                    0x20008072   Data           1  rwble.o(retention_mem_area0)
    set_boost_low_vbat1v_overhead            0x20008073   Data           1  rwble.o(retention_mem_area0)
    fine_hit                                 0x20008075   Data           1  rwble.o(retention_mem_area0)
    clk_freq_trim_reg_value                  0x20008076   Data           2  rwble.o(retention_mem_area0)
    wakeup_lp_comp                           0x20008078   Data           2  rwble.o(retention_mem_area0)
    sleep_lp_cycles                          0x2000807c   Data           4  rwip.o(retention_mem_area0)
    slp_period_retained                      0x20008080   Data           4  rwip.o(retention_mem_area0)
    diss_env                                 0x20008084   Data          18  diss.o(retention_mem_area0)
    diss_state                               0x20008096   Data           1  diss_task.o(retention_mem_area0)
    app_env                                  0x200080b0   Data          12  app.o(retention_mem_area0)
    app_prf_srv_perm                         0x200080bc   Data          20  app.o(retention_mem_area0)
    app_state                                0x200080d0   Data           1  app_task.o(retention_mem_area0)
    mnf_data                                 0x20008124   Data           6  user_barebone.o(retention_mem_area0)
    rwip_heap_non_ret                        0x20008bf4   Data        1036  jump_table.o(heap_mem_area_not_ret)
    SystemCoreClock                          0x20009000   Data           0  rom_symdef.txt ABSOLUTE
    error                                    0x20009004   Data           0  rom_symdef.txt ABSOLUTE
    GPIO_status                              0x20009020   Data           8  gpio.o(.bss)
    GPIO                                     0x20009028   Data         160  gpio.o(.bss)
    GPIOHandlerFunction                      0x200090c8   Data          20  gpio.o(.bss)
    app_connection_idx                       0x200090dc   Data           1  user_barebone.o(.bss)
    app_adv_data_update_timer_used           0x200090dd   Data           1  user_barebone.o(.bss)
    app_param_update_request_timer_used      0x200090de   Data           1  user_barebone.o(.bss)
    __heap_base                              0x200090e0   Data           0  boot_vectors.o(HEAP)
    __heap_limit                             0x200091e0   Data           0  boot_vectors.o(HEAP)
    __initial_sp                             0x20009800   Data           0  boot_vectors.o(STACK)



==============================================================================

Memory Map of the image

  Image Entry point : 0x20000441

  Load Region LR_IROM1 (Base: 0x20000000, Size: 0x000000a0, Max: 0x00000160, ABSOLUTE)

    Execution Region ER_IROM1 (Exec base: 0x20000000, Load base: 0x20000000, Size: 0x000000a0, Max: 0x00000160, ABSOLUTE)

    Exec Addr    Load Addr    Size         Type   Attr      Idx    E Section Name        Object

    0x20000000   0x20000000   0x000000a0   Data   RO          198    RESET               boot_vectors.o



  Load Region LR_IROM2 (Base: 0x20000160, Size: 0x00000160, Max: 0x00000160, ABSOLUTE)

    Execution Region ER_IROM2 (Exec base: 0x20000160, Load base: 0x20000160, Size: 0x00000160, Max: 0x00000160, ABSOLUTE)

    Exec Addr    Load Addr    Size         Type   Attr      Idx    E Section Name        Object

    0x20000160   0x20000160   0x00000160   Data   RO          475    jump_table_mem_area  jump_table.o



  Load Region LR_IROM3 (Base: 0x200002c0, Size: 0x00000064, Max: 0x00000080, ABSOLUTE)

    Execution Region ER_IROM3 (Exec base: 0x200002c0, Load base: 0x200002c0, Size: 0x00000064, Max: 0x00000080, ABSOLUTE)

    Exec Addr    Load Addr    Size         Type   Attr      Idx    E Section Name        Object

    0x200002c0   0x200002c0   0x00000064   Data   RO         1689    timeout_table_area  gapm.o



  Load Region LR_IROM4 (Base: 0x20000340, Size: 0x000000a4, Max: 0x00000100, ABSOLUTE)

    Execution Region ER_IROM4 (Exec base: 0x20000340, Load base: 0x20000340, Size: 0x000000a4, Max: 0x00000100, ABSOLUTE)

    Exec Addr    Load Addr    Size         Type   Attr      Idx    E Section Name        Object

    0x20000340   0x20000340   0x000000a4   Data   RO          260    nvds_data_storage_area  nvds.o



  Load Region LR_IROM5 (Base: 0x20000440, Size: 0x00004068, Max: 0x000093c0, ABSOLUTE)

    Execution Region ER_IROM5 (Exec base: 0x20000440, Load base: 0x20000440, Size: 0x00004068, Max: 0x00007ac0, ABSOLUTE)

    Exec Addr    Load Addr    Size         Type   Attr      Idx    E Section Name        Object

    0x20000440   0x20000440   0x00000000   Code   RO         2566  * .ARM.Collect$$$$00000000  mc_p.l(entry.o)
    0x20000440   0x20000440   0x00000004   Code   RO         2595    .ARM.Collect$$$$00000001  mc_p.l(entry2.o)
    0x20000444   0x20000444   0x00000004   Code   RO         2598    .ARM.Collect$$$$00000004  mc_p.l(entry5.o)
    0x20000448   0x20000448   0x00000000   Code   RO         2600    .ARM.Collect$$$$00000008  mc_p.l(entry7b.o)
    0x20000448   0x20000448   0x00000000   Code   RO         2602    .ARM.Collect$$$$0000000A  mc_p.l(entry8b.o)
    0x20000448   0x20000448   0x00000008   Code   RO         2603    .ARM.Collect$$$$0000000B  mc_p.l(entry9a.o)
    0x20000450   0x20000450   0x00000000   Code   RO         2605    .ARM.Collect$$$$0000000D  mc_p.l(entry10a.o)
    0x20000450   0x20000450   0x00000000   Code   RO         2607    .ARM.Collect$$$$0000000F  mc_p.l(entry11a.o)
    0x20000450   0x20000450   0x00000004   Code   RO         2596    .ARM.Collect$$$$00002712  mc_p.l(entry2.o)
    0x20000454   0x20000454   0x00000050   Code   RO            2    .text               system_armcm0.o
    0x200004a4   0x200004a4   0x0000006c   Code   RO          199    .text               boot_vectors.o
    0x20000510   0x20000510   0x00000068   Code   RO          204    .text               hardfault_handler.o
    0x20000578   0x20000578   0x0000009c   Code   RO          229    .text               nmi_handler.o
    0x20000614   0x20000614   0x000000b8   Code   RO          259    .text               nvds.o
    0x200006cc   0x200006cc   0x000001d8   Code   RO          279    .text               arch_main.o
    0x200008a4   0x200008a4   0x00000002   Code   RO          469    .text               jump_table.o
    0x200008a6   0x200008a6   0x00000002   PAD
    0x200008a8   0x200008a8   0x000000ac   Code   RO          568    .text               arch_sleep.o
    0x20000954   0x20000954   0x0000032c   Code   RO          625    .text               arch_system.o
    0x20000c80   0x20000c80   0x00000210   Code   RO          761    .text               arch_patch.o
    0x20000e90   0x20000e90   0x00000120   Code   RO          822    .text               atts_task.obj
    0x20000fb0   0x20000fb0   0x000000c0   Code   RO          830    .text               atts_util.obj
    0x20001070   0x20001070   0x000000c4   Code   RO          835    .text               ch_map.obj
    0x20001134   0x20001134   0x00000180   Code   RO          837    .text               gapm_util.obj
    0x200012b4   0x200012b4   0x000000d0   Code   RO          839    .text               ke_task.obj
    0x20001384   0x20001384   0x0000015c   Code   RO          841    .text               smpc.obj
    0x200014e0   0x200014e0   0x00000214   Code   RO          843    .text               smpc_task.obj
    0x200016f4   0x200016f4   0x000004d4   Code   RO          845    .text               llc.obj
    0x20001bc8   0x20001bc8   0x00000160   Code   RO          856    .text               gapc_task.obj
    0x20001d28   0x20001d28   0x00000090   Code   RO          861    .text               llc_con_update_ind.obj
    0x20001db8   0x20001db8   0x0000002c   Code   RO          864    .text               syscntl.o
    0x20001de4   0x20001de4   0x00000124   Code   RO          884    .text               gpio.o
    0x20001f08   0x20001f08   0x00000078   Code   RO          968    .text               wkupct_quadec.o
    0x20001f80   0x20001f80   0x000000d0   Code   RO         1112    .text               adc.o
    0x20002050   0x20002050   0x000001bc   Code   RO         1139    .text               trng.o
    0x2000220c   0x2000220c   0x000000dc   Code   RO         1430    .text               uart2.o
    0x200022e8   0x200022e8   0x000002e4   Code   RO         1489    .text               rf_580.o
    0x200025cc   0x200025cc   0x000003a0   Code   RO         1535    .text               rwble.o
    0x2000296c   0x2000296c   0x000001a8   Code   RO         1659    .text               rwip.o
    0x20002b14   0x20002b14   0x000000a4   Code   RO         1723    .text               diss.o
    0x20002bb8   0x20002bb8   0x000000fc   Code   RO         1771    .text               diss_task.o
    0x20002cb4   0x20002cb4   0x00000084   Code   RO         1793    .text               prf_utils.o
    0x20002d38   0x20002d38   0x0000004c   Code   RO         1831    .text               app_default_handlers.o
    0x20002d84   0x20002d84   0x000003e0   Code   RO         1904    .text               app.o
    0x20003164   0x20003164   0x0000018c   Code   RO         2064    .text               app_task.o
    0x200032f0   0x200032f0   0x00000048   Code   RO         2185    .text               app_diss.o
    0x20003338   0x20003338   0x00000174   Code   RO         2203    .text               app_diss_task.o
    0x200034ac   0x200034ac   0x00000088   Code   RO         2232    .text               app_entry_point.o
    0x20003534   0x20003534   0x00000026   Code   RO         2253    .text               app_msg_utils.o
    0x2000355a   0x2000355a   0x00000002   Code   RO         2275    .text               app_easy_timer.o
    0x2000355c   0x2000355c   0x00000002   Code   RO         2276    .text               app_easy_timer.o
    0x2000355e   0x2000355e   0x00000002   PAD
    0x20003560   0x20003560   0x000001e0   Code   RO         2277    .text               app_easy_timer.o
    0x20003740   0x20003740   0x00000034   Code   RO         2525    .text               user_periph_setup.o
    0x20003774   0x20003774   0x0000015c   Code   RO         2543    .text               user_barebone.o
    0x200038d0   0x200038d0   0x00000024   Code   RO         2611    .text               mc_p.l(init.o)
    0x200038f4   0x200038f4   0x0000000c   Ven    RO         2621    Veneer$$Code        anon$$obj.o
    0x20003900   0x20003900   0x0000000c   Ven    RO         2622    Veneer$$Code        anon$$obj.o
    0x2000390c   0x2000390c   0x0000000c   Ven    RO         2623    Veneer$$Code        anon$$obj.o
    0x20003918   0x20003918   0x0000000c   Ven    RO         2624    Veneer$$Code        anon$$obj.o
    0x20003924   0x20003924   0x0000000c   Ven    RO         2625    Veneer$$Code        anon$$obj.o
    0x20003930   0x20003930   0x0000000c   Ven    RO         2626    Veneer$$Code        anon$$obj.o
    0x2000393c   0x2000393c   0x0000000c   Ven    RO         2627    Veneer$$Code        anon$$obj.o
    0x20003948   0x20003948   0x0000000c   Ven    RO         2628    Veneer$$Code        anon$$obj.o
    0x20003954   0x20003954   0x0000000c   Ven    RO         2629    Veneer$$Code        anon$$obj.o
    0x20003960   0x20003960   0x0000000c   Ven    RO         2630    Veneer$$Code        anon$$obj.o
    0x2000396c   0x2000396c   0x0000000c   Ven    RO         2631    Veneer$$Code        anon$$obj.o
    0x20003978   0x20003978   0x0000000c   Ven    RO         2632    Veneer$$Code        anon$$obj.o
    0x20003984   0x20003984   0x0000000c   Ven    RO         2633    Veneer$$Code        anon$$obj.o
    0x20003990   0x20003990   0x0000000c   Ven    RO         2634    Veneer$$Code        anon$$obj.o
    0x2000399c   0x2000399c   0x0000000c   Ven    RO         2635    Veneer$$Code        anon$$obj.o
    0x200039a8   0x200039a8   0x0000000c   Ven    RO         2636    Veneer$$Code        anon$$obj.o
    0x200039b4   0x200039b4   0x0000000c   Ven    RO         2637    Veneer$$Code        anon$$obj.o
    0x200039c0   0x200039c0   0x0000000c   Ven    RO         2638    Veneer$$Code        anon$$obj.o
    0x200039cc   0x200039cc   0x0000000c   Ven    RO         2639    Veneer$$Code        anon$$obj.o
    0x200039d8   0x200039d8   0x0000000c   Ven    RO         2640    Veneer$$Code        anon$$obj.o
    0x200039e4   0x200039e4   0x0000000c   Ven    RO         2641    Veneer$$Code        anon$$obj.o
    0x200039f0   0x200039f0   0x0000000c   Ven    RO         2642    Veneer$$Code        anon$$obj.o
    0x200039fc   0x200039fc   0x0000000c   Ven    RO         2643    Veneer$$Code        anon$$obj.o
    0x20003a08   0x20003a08   0x0000000c   Ven    RO         2644    Veneer$$Code        anon$$obj.o
    0x20003a14   0x20003a14   0x0000000c   Ven    RO         2645    Veneer$$Code        anon$$obj.o
    0x20003a20   0x20003a20   0x0000000c   Ven    RO         2646    Veneer$$Code        anon$$obj.o
    0x20003a2c   0x20003a2c   0x0000000c   Ven    RO         2647    Veneer$$Code        anon$$obj.o
    0x20003a38   0x20003a38   0x0000000c   Ven    RO         2648    Veneer$$Code        anon$$obj.o
    0x20003a44   0x20003a44   0x0000000c   Ven    RO         2649    Veneer$$Code        anon$$obj.o
    0x20003a50   0x20003a50   0x0000000c   Ven    RO         2650    Veneer$$Code        anon$$obj.o
    0x20003a5c   0x20003a5c   0x0000000c   Ven    RO         2651    Veneer$$Code        anon$$obj.o
    0x20003a68   0x20003a68   0x0000000c   Ven    RO         2652    Veneer$$Code        anon$$obj.o
    0x20003a74   0x20003a74   0x0000000c   Ven    RO         2653    Veneer$$Code        anon$$obj.o
    0x20003a80   0x20003a80   0x0000000c   Ven    RO         2654    Veneer$$Code        anon$$obj.o
    0x20003a8c   0x20003a8c   0x0000000c   Ven    RO         2655    Veneer$$Code        anon$$obj.o
    0x20003a98   0x20003a98   0x0000000c   Ven    RO         2656    Veneer$$Code        anon$$obj.o
    0x20003aa4   0x20003aa4   0x0000000c   Ven    RO         2657    Veneer$$Code        anon$$obj.o
    0x20003ab0   0x20003ab0   0x0000000c   Ven    RO         2658    Veneer$$Code        anon$$obj.o
    0x20003abc   0x20003abc   0x0000000c   Ven    RO         2659    Veneer$$Code        anon$$obj.o
    0x20003ac8   0x20003ac8   0x0000000c   Ven    RO         2660    Veneer$$Code        anon$$obj.o
    0x20003ad4   0x20003ad4   0x0000000c   Ven    RO         2661    Veneer$$Code        anon$$obj.o
    0x20003ae0   0x20003ae0   0x0000000c   Ven    RO         2662    Veneer$$Code        anon$$obj.o
    0x20003aec   0x20003aec   0x0000000c   Ven    RO         2663    Veneer$$Code        anon$$obj.o
    0x20003af8   0x20003af8   0x0000000c   Ven    RO         2664    Veneer$$Code        anon$$obj.o
    0x20003b04   0x20003b04   0x0000000c   Ven    RO         2665    Veneer$$Code        anon$$obj.o
    0x20003b10   0x20003b10   0x0000000c   Ven    RO         2666    Veneer$$Code        anon$$obj.o
    0x20003b1c   0x20003b1c   0x0000000c   Ven    RO         2667    Veneer$$Code        anon$$obj.o
    0x20003b28   0x20003b28   0x0000000c   Ven    RO         2668    Veneer$$Code        anon$$obj.o
    0x20003b34   0x20003b34   0x0000000c   Ven    RO         2669    Veneer$$Code        anon$$obj.o
    0x20003b40   0x20003b40   0x0000000c   Ven    RO         2670    Veneer$$Code        anon$$obj.o
    0x20003b4c   0x20003b4c   0x0000000c   Ven    RO         2671    Veneer$$Code        anon$$obj.o
    0x20003b58   0x20003b58   0x0000000c   Ven    RO         2672    Veneer$$Code        anon$$obj.o
    0x20003b64   0x20003b64   0x0000000c   Ven    RO         2673    Veneer$$Code        anon$$obj.o
    0x20003b70   0x20003b70   0x0000000c   Ven    RO         2674    Veneer$$Code        anon$$obj.o
    0x20003b7c   0x20003b7c   0x0000000c   Ven    RO         2675    Veneer$$Code        anon$$obj.o
    0x20003b88   0x20003b88   0x0000000c   Ven    RO         2676    Veneer$$Code        anon$$obj.o
    0x20003b94   0x20003b94   0x0000000c   Ven    RO         2677    Veneer$$Code        anon$$obj.o
    0x20003ba0   0x20003ba0   0x0000000c   Ven    RO         2678    Veneer$$Code        anon$$obj.o
    0x20003bac   0x20003bac   0x0000000c   Ven    RO         2679    Veneer$$Code        anon$$obj.o
    0x20003bb8   0x20003bb8   0x0000000c   Ven    RO         2680    Veneer$$Code        anon$$obj.o
    0x20003bc4   0x20003bc4   0x0000000c   Ven    RO         2681    Veneer$$Code        anon$$obj.o
    0x20003bd0   0x20003bd0   0x0000000c   Ven    RO         2682    Veneer$$Code        anon$$obj.o
    0x20003bdc   0x20003bdc   0x0000000c   Ven    RO         2683    Veneer$$Code        anon$$obj.o
    0x20003be8   0x20003be8   0x0000000c   Ven    RO         2684    Veneer$$Code        anon$$obj.o
    0x20003bf4   0x20003bf4   0x0000000c   Ven    RO         2685    Veneer$$Code        anon$$obj.o
    0x20003c00   0x20003c00   0x0000000c   Ven    RO         2686    Veneer$$Code        anon$$obj.o
    0x20003c0c   0x20003c0c   0x0000000c   Ven    RO         2687    Veneer$$Code        anon$$obj.o
    0x20003c18   0x20003c18   0x0000000c   Ven    RO         2688    Veneer$$Code        anon$$obj.o
    0x20003c24   0x20003c24   0x0000000c   Ven    RO         2689    Veneer$$Code        anon$$obj.o
    0x20003c30   0x20003c30   0x0000000c   Ven    RO         2690    Veneer$$Code        anon$$obj.o
    0x20003c3c   0x20003c3c   0x0000000c   Ven    RO         2691    Veneer$$Code        anon$$obj.o
    0x20003c48   0x20003c48   0x0000000c   Ven    RO         2692    Veneer$$Code        anon$$obj.o
    0x20003c54   0x20003c54   0x0000000c   Ven    RO         2693    Veneer$$Code        anon$$obj.o
    0x20003c60   0x20003c60   0x0000000c   Ven    RO         2694    Veneer$$Code        anon$$obj.o
    0x20003c6c   0x20003c6c   0x0000000c   Ven    RO         2695    Veneer$$Code        anon$$obj.o
    0x20003c78   0x20003c78   0x0000000c   Ven    RO         2696    Veneer$$Code        anon$$obj.o
    0x20003c84   0x20003c84   0x0000000c   Ven    RO         2697    Veneer$$Code        anon$$obj.o
    0x20003c90   0x20003c90   0x0000000c   Ven    RO         2698    Veneer$$Code        anon$$obj.o
    0x20003c9c   0x20003c9c   0x0000000c   Ven    RO         2699    Veneer$$Code        anon$$obj.o
    0x20003ca8   0x20003ca8   0x0000000c   Ven    RO         2700    Veneer$$Code        anon$$obj.o
    0x20003cb4   0x20003cb4   0x0000000c   Ven    RO         2701    Veneer$$Code        anon$$obj.o
    0x20003cc0   0x20003cc0   0x0000000c   Ven    RO         2702    Veneer$$Code        anon$$obj.o
    0x20003ccc   0x20003ccc   0x0000000c   Ven    RO         2703    Veneer$$Code        anon$$obj.o
    0x20003cd8   0x20003cd8   0x0000000c   Ven    RO         2704    Veneer$$Code        anon$$obj.o
    0x20003ce4   0x20003ce4   0x0000000c   Ven    RO         2705    Veneer$$Code        anon$$obj.o
    0x20003cf0   0x20003cf0   0x0000000c   Ven    RO         2706    Veneer$$Code        anon$$obj.o
    0x20003cfc   0x20003cfc   0x0000000c   Ven    RO         2707    Veneer$$Code        anon$$obj.o
    0x20003d08   0x20003d08   0x0000000c   Ven    RO         2708    Veneer$$Code        anon$$obj.o
    0x20003d14   0x20003d14   0x0000000c   Ven    RO         2709    Veneer$$Code        anon$$obj.o
    0x20003d20   0x20003d20   0x0000000c   Ven    RO         2710    Veneer$$Code        anon$$obj.o
    0x20003d2c   0x20003d2c   0x0000000c   Ven    RO         2711    Veneer$$Code        anon$$obj.o
    0x20003d38   0x20003d38   0x0000000c   Ven    RO         2712    Veneer$$Code        anon$$obj.o
    0x20003d44   0x20003d44   0x0000000c   Ven    RO         2713    Veneer$$Code        anon$$obj.o
    0x20003d50   0x20003d50   0x0000000c   Ven    RO         2714    Veneer$$Code        anon$$obj.o
    0x20003d5c   0x20003d5c   0x0000000c   Ven    RO         2715    Veneer$$Code        anon$$obj.o
    0x20003d68   0x20003d68   0x0000000c   Ven    RO         2716    Veneer$$Code        anon$$obj.o
    0x20003d74   0x20003d74   0x0000000c   Ven    RO         2717    Veneer$$Code        anon$$obj.o
    0x20003d80   0x20003d80   0x0000000c   Ven    RO         2718    Veneer$$Code        anon$$obj.o
    0x20003d8c   0x20003d8c   0x0000000c   Ven    RO         2719    Veneer$$Code        anon$$obj.o
    0x20003d98   0x20003d98   0x0000000c   Ven    RO         2720    Veneer$$Code        anon$$obj.o
    0x20003da4   0x20003da4   0x0000000c   Ven    RO         2721    Veneer$$Code        anon$$obj.o
    0x20003db0   0x20003db0   0x0000000c   Ven    RO         2722    Veneer$$Code        anon$$obj.o
    0x20003dbc   0x20003dbc   0x0000000c   Ven    RO         2723    Veneer$$Code        anon$$obj.o
    0x20003dc8   0x20003dc8   0x0000000c   Ven    RO         2724    Veneer$$Code        anon$$obj.o
    0x20003dd4   0x20003dd4   0x0000000c   Ven    RO         2725    Veneer$$Code        anon$$obj.o
    0x20003de0   0x20003de0   0x0000000c   Ven    RO         2726    Veneer$$Code        anon$$obj.o
    0x20003dec   0x20003dec   0x0000000c   Ven    RO         2727    Veneer$$Code        anon$$obj.o
    0x20003df8   0x20003df8   0x0000000c   Ven    RO         2728    Veneer$$Code        anon$$obj.o
    0x20003e04   0x20003e04   0x0000000c   Ven    RO         2729    Veneer$$Code        anon$$obj.o
    0x20003e10   0x20003e10   0x0000000c   Ven    RO         2730    Veneer$$Code        anon$$obj.o
    0x20003e1c   0x20003e1c   0x0000000c   Ven    RO         2731    Veneer$$Code        anon$$obj.o
    0x20003e28   0x20003e28   0x0000000c   Ven    RO         2732    Veneer$$Code        anon$$obj.o
    0x20003e34   0x20003e34   0x0000000c   Ven    RO         2733    Veneer$$Code        anon$$obj.o
    0x20003e40   0x20003e40   0x0000000c   Ven    RO         2734    Veneer$$Code        anon$$obj.o
    0x20003e4c   0x20003e4c   0x0000000c   Ven    RO         2735    Veneer$$Code        anon$$obj.o
    0x20003e58   0x20003e58   0x0000000c   Ven    RO         2736    Veneer$$Code        anon$$obj.o
    0x20003e64   0x20003e64   0x0000000c   Ven    RO         2737    Veneer$$Code        anon$$obj.o
    0x20003e70   0x20003e70   0x0000000c   Ven    RO         2738    Veneer$$Code        anon$$obj.o
    0x20003e7c   0x20003e7c   0x0000000c   Ven    RO         2739    Veneer$$Code        anon$$obj.o
    0x20003e88   0x20003e88   0x0000000c   Ven    RO         2740    Veneer$$Code        anon$$obj.o
    0x20003e94   0x20003e94   0x0000000c   Ven    RO         2741    Veneer$$Code        anon$$obj.o
    0x20003ea0   0x20003ea0   0x0000000c   Ven    RO         2742    Veneer$$Code        anon$$obj.o
    0x20003eac   0x20003eac   0x0000000c   Ven    RO         2743    Veneer$$Code        anon$$obj.o
    0x20003eb8   0x20003eb8   0x0000000c   Ven    RO         2744    Veneer$$Code        anon$$obj.o
    0x20003ec4   0x20003ec4   0x0000000c   Ven    RO         2745    Veneer$$Code        anon$$obj.o
    0x20003ed0   0x20003ed0   0x0000000c   Ven    RO         2746    Veneer$$Code        anon$$obj.o
    0x20003edc   0x20003edc   0x0000000c   Ven    RO         2747    Veneer$$Code        anon$$obj.o
    0x20003ee8   0x20003ee8   0x0000000e   Code   RO         2615    i.__scatterload_copy  mc_p.l(handlers.o)
    0x20003ef6   0x20003ef6   0x00000002   Code   RO         2616    i.__scatterload_null  mc_p.l(handlers.o)
    0x20003ef8   0x20003ef8   0x0000000e   Code   RO         2617    i.__scatterload_zeroinit  mc_p.l(handlers.o)
    0x20003f06   0x20003f06   0x00000002   PAD
    0x20003f08   0x20003f08   0x00000054   Code   RO         2567    i.free              mc_p.l(malloc.o)
    0x20003f5c   0x20003f5c   0x0000006c   Code   RO         2568    i.malloc            mc_p.l(malloc.o)
    0x20003fc8   0x20003fc8   0x00000016   Data   RO          470    .constdata          jump_table.o
    0x20003fde   0x20003fde   0x00000002   PAD
    0x20003fe0   0x20003fe0   0x00000004   Data   RO          762    .constdata          arch_patch.o
    0x20003fe4   0x20003fe4   0x00000010   Data   RO          763    .constdata          arch_patch.o
    0x20003ff4   0x20003ff4   0x00000008   Data   RO          764    .constdata          arch_patch.o
    0x20003ffc   0x20003ffc   0x00000070   Data   RO          765    .constdata          arch_patch.o
    0x2000406c   0x2000406c   0x00000030   Data   RO          823    .constdata          atts_task.obj
    0x2000409c   0x2000409c   0x00000028   Data   RO          824    .constdata          atts_task.obj
    0x200040c4   0x200040c4   0x00000008   Data   RO          825    .constdata          atts_task.obj
    0x200040cc   0x200040cc   0x00000010   Data   RO          826    .constdata          atts_task.obj
    0x200040dc   0x200040dc   0x00000048   Data   RO          846    .constdata          llc.obj
    0x20004124   0x20004124   0x00000010   Data   RO          847    .constdata          llc.obj
    0x20004134   0x20004134   0x000000b0   Data   RO          848    .constdata          llc.obj
    0x200041e4   0x200041e4   0x00000008   Data   RO          849    .constdata          llc.obj
    0x200041ec   0x200041ec   0x00000010   Data   RO          850    .constdata          llc.obj
    0x200041fc   0x200041fc   0x00000018   Data   RO          857    .constdata          gapc_task.obj
    0x20004214   0x20004214   0x00000008   Data   RO          858    .constdata          gapc_task.obj
    0x2000421c   0x2000421c   0x00000010   Data   RO          859    .constdata          gapc_task.obj
    0x2000422c   0x2000422c   0x00000008   Data   RO          896    .constdata          gpio.o
    0x20004234   0x20004234   0x000000e4   Data   RO         1724    .constdata          diss.o
    0x20004318   0x20004318   0x00000002   Data   RO         1725    .constdata          diss.o
    0x2000431a   0x2000431a   0x00000005   Data   RO         1726    .constdata          diss.o
    0x2000431f   0x2000431f   0x00000005   Data   RO         1727    .constdata          diss.o
    0x20004324   0x20004324   0x00000005   Data   RO         1728    .constdata          diss.o
    0x20004329   0x20004329   0x00000005   Data   RO         1729    .constdata          diss.o
    0x2000432e   0x2000432e   0x00000005   Data   RO         1730    .constdata          diss.o
    0x20004333   0x20004333   0x00000005   Data   RO         1731    .constdata          diss.o
    0x20004338   0x20004338   0x00000005   Data   RO         1732    .constdata          diss.o
    0x2000433d   0x2000433d   0x00000005   Data   RO         1733    .constdata          diss.o
    0x20004342   0x20004342   0x00000005   Data   RO         1734    .constdata          diss.o
    0x20004347   0x20004347   0x00000001   PAD
    0x20004348   0x20004348   0x00000010   Data   RO         1735    .constdata          diss.o
    0x20004358   0x20004358   0x00000008   Data   RO         1772    .constdata          diss_task.o
    0x20004360   0x20004360   0x00000010   Data   RO         1773    .constdata          diss_task.o
    0x20004370   0x20004370   0x00000008   Data   RO         1774    .constdata          diss_task.o
    0x20004378   0x20004378   0x00000018   Data   RO         1775    .constdata          diss_task.o
    0x20004390   0x20004390   0x00000008   Data   RO         1776    .constdata          diss_task.o
    0x20004398   0x20004398   0x00000068   Data   RO         1925    .constdata          app.o
    0x20004400   0x20004400   0x0000003c   Data   RO         2066    .constdata          app_task.o
    0x2000443c   0x2000443c   0x00000008   Data   RO         2067    .constdata          app_task.o
    0x20004444   0x20004444   0x00000008   Data   RO         2068    .constdata          app_task.o
    0x2000444c   0x2000444c   0x00000010   Data   RO         2204    .constdata          app_diss_task.o
    0x2000445c   0x2000445c   0x00000010   Data   RO         2233    .constdata          app_entry_point.o
    0x2000446c   0x2000446c   0x00000030   Data   RO         2613    Region$$Table       anon$$obj.o
    0x2000449c   0x2000449c   0x00000004   Data   RW          634    .data               arch_system.o
    0x200044a0   0x200044a0   0x00000004   Data   RW         2609    .data               mc_p.l(mvars.o)
    0x200044a4   0x200044a4   0x00000004   Data   RW         2610    .data               mc_p.l(mvars.o)


    Execution Region RW_IRAM50 (Exec base: 0x20008000, Load base: 0x200044a8, Size: 0x0000012c, Max: 0x00000bf4, ABSOLUTE)

    Exec Addr    Load Addr    Size         Type   Attr      Idx    E Section Name        Object

    0x20008000        -       0x00000006   Zero   RW          261    retention_mem_area0  nvds.o
    0x20008006        -       0x00000001   Zero   RW          282    retention_mem_area0  arch_main.o
    0x20008007        -       0x00000004   Zero   RW          575    retention_mem_area0  arch_sleep.o
    0x2000800b   0x200044a8   0x00000001   PAD
    0x2000800c        -       0x00000018   Zero   RW          635    retention_mem_area0  arch_system.o
    0x20008024   0x200044a8   0x00000004   PAD
    0x20008028        -       0x00000008   Zero   RW          831    retention_mem_area0  atts_util.obj
    0x20008030        -       0x00000018   Zero   RW          851    retention_mem_area0  llc.obj
    0x20008048        -       0x0000000c   Zero   RW          977    retention_mem_area0  wkupct_quadec.o
    0x20008054        -       0x0000001c   Zero   RW         1437    retention_mem_area0  uart2.o
    0x20008070        -       0x00000001   Zero   RW         1493    retention_mem_area0  rf_580.o
    0x20008071   0x200044a8   0x00000001   PAD
    0x20008072        -       0x00000008   Zero   RW         1538    retention_mem_area0  rwble.o
    0x2000807a   0x200044a8   0x00000002   PAD
    0x2000807c        -       0x00000004   Zero   RW         1660    retention_mem_area0  rwip.o
    0x20008080        -       0x00000004   Zero   RW         1661    retention_mem_area0  rwip.o
    0x20008084        -       0x00000012   Zero   RW         1736    retention_mem_area0  diss.o
    0x20008096        -       0x00000001   Zero   RW         1777    retention_mem_area0  diss_task.o
    0x20008097   0x200044a8   0x00000001   PAD
    0x20008098        -       0x00000038   Zero   RW         1928    retention_mem_area0  app.o
    0x200080d0        -       0x00000001   Zero   RW         2069    retention_mem_area0  app_task.o
    0x200080d1   0x200044a8   0x00000003   PAD
    0x200080d4        -       0x00000050   Zero   RW         2280    retention_mem_area0  app_easy_timer.o
    0x20008124        -       0x00000006   Zero   RW         2546    retention_mem_area0  user_barebone.o


    Execution Region RW_IRAM51 (Exec base: 0x20008bf4, Load base: 0x200044a8, Size: 0x0000040c, Max: 0x0000040c, ABSOLUTE, UNINIT)

    Exec Addr    Load Addr    Size         Type   Attr      Idx    E Section Name        Object

    0x20008bf4        -       0x0000040c   Zero   RW          473    heap_mem_area_not_ret  jump_table.o


    Execution Region RW_IRAM52 (Exec base: 0x20009000, Load base: 0x200044a8, Size: 0x00000020, Max: 0x00000020, ABSOLUTE)

    Exec Addr    Load Addr    Size         Type   Attr      Idx    E Section Name        Object

    0x20009000        -       0x00000020   Zero   RW            1    RW_IRAM52.bss       anon$$obj.o


    Execution Region RW_IRAM53 (Exec base: 0x20009020, Load base: 0x200044a8, Size: 0x000001c0, Max: 0x000001e0, ABSOLUTE)

    Exec Addr    Load Addr    Size         Type   Attr      Idx    E Section Name        Object

    0x20009020        -       0x000000bc   Zero   RW          895    .bss                gpio.o
    0x200090dc        -       0x00000003   Zero   RW         2544    .bss                user_barebone.o
    0x200090df   0x200044a8   0x00000001   PAD
    0x200090e0        -       0x00000100   Zero   RW          197    HEAP                boot_vectors.o


    Execution Region RW_IRAM54 (Exec base: 0x20009200, Load base: 0x200044a8, Size: 0x00000600, Max: 0x00000600, ABSOLUTE, UNINIT)

    Exec Addr    Load Addr    Size         Type   Attr      Idx    E Section Name        Object

    0x20009200        -       0x00000600   Zero   RW          196    STACK               boot_vectors.o



  Load Region LR_RETENTION_RAM2 (Base: 0x00080768, Size: 0x00000000, Max: 0x00002898, ABSOLUTE)

    Execution Region ZI_RET20 (Exec base: 0x00080768, Load base: 0x00080768, Size: 0x00000a8c, Max: 0x000022b8, ABSOLUTE, UNINIT)

    Exec Addr    Load Addr    Size         Type   Attr      Idx    E Section Name        Object

    0x00080768        -       0x0000040c   Zero   RW          471    heap_db_area        jump_table.o
    0x00080b74        -       0x00000154   Zero   RW          472    heap_env_area       jump_table.o
    0x00080cc8        -       0x0000052c   Zero   RW          474    heap_msg_area       jump_table.o


    Execution Region ZI_RET21 (Exec base: 0x00082a20, Load base: 0x00080768, Size: 0x000005e0, Max: 0x000005e0, ABSOLUTE)

    Exec Addr    Load Addr    Size         Type   Attr      Idx    E Section Name        Object

    0x00082a20        -       0x000005de   Zero   RW          281    BLE_exchange_memory  arch_main.o


==============================================================================

Image component sizes


      Code (inc. data)   RO Data    RW Data    ZI Data      Debug   Object Name

       208         14          0          0          0       2087   adc.o
       992         20        104          0         56      19342   app.o
        76          4          0          0          0       2814   app_default_handlers.o
        72          4          0          0          0       1694   app_diss.o
       372         58         16          0          0       2951   app_diss_task.o
       484         26          0          0         80       6129   app_easy_timer.o
       136         10         16          0          0       3919   app_entry_point.o
        38          0          0          0          0       1447   app_msg_utils.o
       396         14         76          0          1      11552   app_task.o
       472         42          0          0       1503      20405   arch_main.o
       528         54        140          0          0      23554   arch_patch.o
       172         18          0          0          4       4153   arch_sleep.o
       812         70          0          4         24     104181   arch_system.o
       288         32        112          0          0        144   atts_task.obj
       192          8          0          0          8        108   atts_util.obj
       108         22        160          0       1792        812   boot_vectors.o
       196         12          0          0          0        108   ch_map.obj
       164         14        291          0         18       6401   diss.o
       252         12         64          0          1       4432   diss_task.o
       352         24         48          0          0        212   gapc_task.obj
         0          0        100          0          0       1320   gapm.o
       384         38          0          0          0        112   gapm_util.obj
       292         18          8          0        188      10649   gpio.o
       104         12          0          0          0       1425   hardfault_handler.o
         2          0        374          0       3736      16075   jump_table.o
       208         16          0          0          0         96   ke_task.obj
      1236         42        288          0         24        520   llc.obj
       144         10          0          0          0         76   llc_con_update_ind.obj
       156         16          0          0          0       6695   nmi_handler.o
       184         28        164          0          6       2492   nvds.o
       132          4          0          0          0       2547   prf_utils.o
       740        178          0          0          1      65645   rf_580.o
       928         70          0          0          8     117328   rwble.o
       424         38          0          0          8      65634   rwip.o
       348         24          0          0          0        160   smpc.obj
       532          4          0          0          0         84   smpc_task.obj
        44          0          0          0          0        741   syscntl.o
        80         18          0          0          0     201635   system_armcm0.o
       444         32          0          0          0       3615   trng.o
       220          8          0          0         28      16936   uart2.o
       348         26          0          0          9       4909   user_barebone.o
        52          4          0          0          0        708   user_periph_setup.o
       120         14          0          0         12       6936   wkupct_quadec.o

    ----------------------------------------------------------------------
     14960       1566       2012          4       7556     742783   Object Totals
      1524        508         48          0         32          0   (incl. Generated)
         4          0          3          0         17          0   (incl. Padding)

    ----------------------------------------------------------------------

      Code (inc. data)   RO Data    RW Data    ZI Data      Debug   Library Member Name

         0          0          0          0          0          0   entry.o
         0          0          0          0          0          0   entry10a.o
         0          0          0          0          0          0   entry11a.o
         8          4          0          0          0          0   entry2.o
         4          0          0          0          0          0   entry5.o
         0          0          0          0          0          0   entry7b.o
         0          0          0          0          0          0   entry8b.o
         8          4          0          0          0          0   entry9a.o
        30          0          0          0          0          0   handlers.o
        36          8          0          0          0         68   init.o
       192         20          0          0          0        144   malloc.o
         0          0          0          8          0          0   mvars.o

    ----------------------------------------------------------------------
       280         36          0          8          0        212   Library Totals
         2          0          0          0          0          0   (incl. Padding)

    ----------------------------------------------------------------------

      Code (inc. data)   RO Data    RW Data    ZI Data      Debug   Library Name

       278         36          0          8          0        212   mc_p.l

    ----------------------------------------------------------------------
       280         36          0          8          0        212   Library Totals

    ----------------------------------------------------------------------

==============================================================================


      Code (inc. data)   RO Data    RW Data    ZI Data      Debug   

     15240       1602       2012         12       7556     740463   Grand Totals
     15240       1602       2012         12       7556     740463   ELF Image Totals
     15240       1602       2012         12          0          0   ROM Totals

==============================================================================

    Total RO  Size (Code + RO Data)                17252 (  16.85kB)
    Total RW  Size (RW Data + ZI Data)              7568 (   7.39kB)
    Total ROM Size (Code + RO Data + RW Data)      17264 (  16.86kB)

==============================================================================

