Component: ARM Compiler 5.06 update 6 (build 750) Tool: armlink [4d35ed]

==============================================================================

Section Cross References

    main.o(i.adv_scan_start) refers to nrf_fstorage.o(i.nrf_fstorage_is_busy) for nrf_fstorage_is_busy
    main.o(i.adv_scan_start) refers to main.o(i.scan_start) for scan_start
    main.o(i.adv_scan_start) refers to boards.o(i.bsp_board_led_on) for bsp_board_led_on
    main.o(i.adv_scan_start) refers to ble_advertising.o(i.ble_advertising_start) for ble_advertising_start
    main.o(i.adv_scan_start) refers to app_error.o(i.app_error_handler_bare) for app_error_handler_bare
    main.o(i.adv_scan_start) refers to main.o(.bss) for .bss
    main.o(i.assert_nrf_callback) refers to app_error_handler_keil.o(.emb_text) for app_error_handler
    main.o(i.ble_evt_handler) refers to ble_conn_state.o(i.ble_conn_state_role) for ble_conn_state_role
    main.o(i.ble_evt_handler) refers to main.o(i.on_ble_central_evt) for on_ble_central_evt
    main.o(i.ble_evt_handler) refers to main.o(i.on_ble_peripheral_evt) for on_ble_peripheral_evt
    main.o(i.conn_params_error_handler) refers to app_error.o(i.app_error_handler_bare) for app_error_handler_bare
    main.o(i.gap_params_init) refers to app_error.o(i.app_error_handler_bare) for app_error_handler_bare
    main.o(i.gap_params_init) refers to main.o(.bss) for .bss
    main.o(i.idle_state_handle) refers to nrf_log_frontend.o(i.nrf_log_frontend_dequeue) for nrf_log_frontend_dequeue
    main.o(i.idle_state_handle) refers to nrf_pwr_mgmt.o(i.nrf_pwr_mgmt_run) for nrf_pwr_mgmt_run
    main.o(i.main) refers to nrf_log_frontend.o(i.nrf_log_init) for nrf_log_init
    main.o(i.main) refers to app_error.o(i.app_error_handler_bare) for app_error_handler_bare
    main.o(i.main) refers to nrf_log_default_backends.o(i.nrf_log_default_backends_init) for nrf_log_default_backends_init
    main.o(i.main) refers to app_timer.o(i.app_timer_init) for app_timer_init
    main.o(i.main) refers to bsp.o(i.bsp_init) for bsp_init
    main.o(i.main) refers to bsp_btn_ble.o(i.bsp_btn_ble_init) for bsp_btn_ble_init
    main.o(i.main) refers to nrf_pwr_mgmt.o(i.nrf_pwr_mgmt_init) for nrf_pwr_mgmt_init
    main.o(i.main) refers to nrf_sdh.o(i.nrf_sdh_enable_request) for nrf_sdh_enable_request
    main.o(i.main) refers to nrf_sdh_ble.o(i.nrf_sdh_ble_default_cfg_set) for nrf_sdh_ble_default_cfg_set
    main.o(i.main) refers to nrf_sdh_ble.o(i.nrf_sdh_ble_enable) for nrf_sdh_ble_enable
    main.o(i.main) refers to main.o(i.scan_init) for scan_init
    main.o(i.main) refers to main.o(i.gap_params_init) for gap_params_init
    main.o(i.main) refers to nrf_ble_gatt.o(i.nrf_ble_gatt_init) for nrf_ble_gatt_init
    main.o(i.main) refers to memseta.o(.text) for __aeabi_memclr4
    main.o(i.main) refers to ble_conn_params.o(i.ble_conn_params_init) for ble_conn_params_init
    main.o(i.main) refers to ble_db_discovery.o(i.ble_db_discovery_init) for ble_db_discovery_init
    main.o(i.main) refers to main.o(i.peer_manager_init) for peer_manager_init
    main.o(i.main) refers to ble_cus.o(i.ble_cus_init) for ble_cus_init
    main.o(i.main) refers to ble_advertising.o(i.ble_advertising_init) for ble_advertising_init
    main.o(i.main) refers to ble_advertising.o(i.ble_advertising_conn_cfg_tag_set) for ble_advertising_conn_cfg_tag_set
    main.o(i.main) refers to nrf_log_frontend.o(i.nrf_log_frontend_std_0) for nrf_log_frontend_std_0
    main.o(i.main) refers to peer_manager.o(i.pm_peers_delete) for pm_peers_delete
    main.o(i.main) refers to main.o(i.adv_scan_start) for adv_scan_start
    main.o(i.main) refers to utils.o(i.my_init) for my_init
    main.o(i.main) refers to storage.o(i.storage_init) for storage_init
    main.o(i.main) refers to accel_wrapper.o(i.accel_init) for accel_init
    main.o(i.main) refers to display_wrapper.o(i.display_wrapper) for display_wrapper
    main.o(i.main) refers to malloc.o(i.malloc) for malloc
    main.o(i.main) refers to buzzer.o(i.buzzer_init) for buzzer_init
    main.o(i.main) refers to buzzer.o(i.control_button_init) for control_button_init
    main.o(i.main) refers to nrfx_systick.o(i.nrfx_systick_delay_ms) for nrfx_systick_delay_ms
    main.o(i.main) refers to main.o(i.idle_state_handle) for idle_state_handle
    main.o(i.main) refers to main.o(.bss) for .bss
    main.o(i.main) refers to main.o(i.conn_params_error_handler) for conn_params_error_handler
    main.o(i.main) refers to main.o(i.db_disc_handler) for db_disc_handler
    main.o(i.main) refers to main.o(.data) for .data
    main.o(i.main) refers to main.o(i.on_adv_evt) for on_adv_evt
    main.o(i.main) refers to nrf_log_frontend.o(log_const_data) for m_nrf_log_app_logs_data_const
    main.o(i.multi_qwr_conn_handle_assign) refers to nrf_ble_qwr.o(i.nrf_ble_qwr_conn_handle_assign) for nrf_ble_qwr_conn_handle_assign
    main.o(i.multi_qwr_conn_handle_assign) refers to app_error.o(i.app_error_handler_bare) for app_error_handler_bare
[...]
    0x00028a40   0x00028a40   0x00000008   Code   RO         1920    i.ble_srv_is_notification_enabled  ble_srv_common.o
    0x00028a48   0x00028a48   0x00000020   Code   RO         1024    i.bsp_board_button_state_get  boards.o
    0x00028a68   0x00028a68   0x00000054   Code   RO         1025    i.bsp_board_init    boards.o
    0x00028abc   0x00028abc   0x00000024   Code   RO         1027    i.bsp_board_led_invert  boards.o
    0x00028ae0   0x00028ae0   0x00000010   Code   RO         1028    i.bsp_board_led_off  boards.o
    0x00028af0   0x00028af0   0x00000010   Code   RO         1029    i.bsp_board_led_on  boards.o
    0x00028b00   0x00028b00   0x00000020   Code   RO         1030    i.bsp_board_led_state_get  boards.o
    0x00028b20   0x00028b20   0x00000012   Code   RO         1031    i.bsp_board_leds_off  boards.o
    0x00028b32   0x00028b32   0x00000012   Code   RO         1032    i.bsp_board_leds_on  boards.o
    0x00028b44   0x00028b44   0x00000024   Code   RO         1033    i.bsp_board_pin_to_button_idx  boards.o
    0x00028b68   0x00028b68   0x00000038   Code   RO         1245    i.bsp_btn_ble_init  bsp_btn_ble.o
    0x00028ba0   0x00028ba0   0x00000090   Code   RO         1127    i.bsp_button_event_handler  bsp.o
    0x00028c30   0x00028c30   0x0000000c   Code   RO         1128    i.bsp_button_is_pressed  bsp.o
    0x00028c3c   0x00028c3c   0x00000044   Code   RO         1131    i.bsp_event_to_button_action_assign  bsp.o
    0x00028c80   0x00028c80   0x00000094   Code   RO         1133    i.bsp_init          bsp.o
    0x00028d14   0x00028d14   0x000001c8   Code   RO         1134    i.bsp_led_indication  bsp.o
    0x00028edc   0x00028edc   0x00000090   Code   RO         7289    i.buf_prealloc      nrf_log_frontend.o
    0x00028f6c   0x00028f6c   0x0000002e   Code   RO         6598    i.buffer_add        nrf_fprintf_format.o
    0x00028f9a   0x00028f9a   0x00000002   PAD
    0x00028f9c   0x00028f9c   0x00000014   Code   RO         7290    i.buffer_is_empty   nrf_log_frontend.o
    0x00028fb0   0x00028fb0   0x00000008   Code   RO         1137    i.button_timer_handler  bsp.o
    0x00028fb8   0x00028fb8   0x00000012   Code   RO          965    i.buzzer_init       buzzer.o
    0x00028fca   0x00028fca   0x00000010   Code   RO          966    i.buzzer_off        buzzer.o
    0x00028fda   0x00028fda   0x00000010   Code   RO          967    i.buzzer_on         buzzer.o
    0x00028fea   0x00028fea   0x00000002   PAD
    0x00028fec   0x00028fec   0x00000028   Code   RO         1978    i.car_update_needed  gatt_cache_manager.o
    0x00029014   0x00029014   0x00000040   Code   RO         1979    i.car_update_pending_handle  gatt_cache_manager.o
    0x00029054   0x00029054   0x0000001c   Code   RO         4235    i.channel_free      nrfx_gpiote.o
    0x00029070   0x00029070   0x00000048   Code   RO         4236    i.channel_port_alloc  nrfx_gpiote.o
    0x000290b8   0x000290b8   0x00000010   Code   RO         4237    i.channel_port_get  nrfx_gpiote.o
    0x000290c8   0x000290c8   0x00000042   Code   RO         1805    i.characteristics_discover  ble_db_discovery.o
    0x0002910a   0x0002910a   0x0000003e   Code   RO         2927    i.claim             peer_id.o
    0x00029148   0x00029148   0x00000028   Code   RO         3766    i.clock_clk_started_notify  nrf_drv_clock.o
    0x00029170   0x00029170   0x0000001c   Code   RO         3767    i.clock_irq_handler  nrf_drv_clock.o
    0x0002918c   0x0002918c   0x000000ac   Code   RO         5635    i.compare_reg_update  app_timer.o
    0x00029238   0x00029238   0x0000003e   Code   RO         1658    i.conn_handle_list_get  ble_conn_state.o
    0x00029276   0x00029276   0x00000088   Code   RO         1372    i.conn_int_encode   ble_advdata.o
    0x000292fe   0x000292fe   0x00000004   Code   RO            7    i.conn_params_error_handler  main.o
    0x00029302   0x00029302   0x00000002   PAD
    0x00029304   0x00029304   0x00000048   Code   RO         1571    i.conn_params_negotiation  ble_conn_params.o
    0x0002934c   0x0002934c   0x00000044   Code   RO         3454    i.conn_sec_failure  security_dispatcher.o
    0x00029390   0x00029390   0x00000004   Code   RO         3318    i.conn_secure       peer_manager_handler.o
    0x00029394   0x00029394   0x00000064   Code   RO          968    i.control_button_cb  buzzer.o
    0x000293f8   0x000293f8   0x0000002c   Code   RO          969    i.control_button_init  buzzer.o
    0x00029424   0x00029424   0x00000048   Code   RO          747    i.crc32             storage.o
    0x0002946c   0x0002946c   0x00000024   Code   RO          748    i.crc32_for_byte    storage.o
    0x00029490   0x00029490   0x00000104   Code   RO          749    i.create_user       storage.o
    0x00029594   0x00029594   0x00000082   Code   RO          527    i.custom_value_char_add  ble_cus.o
    0x00029616   0x00029616   0x00000002   PAD
    0x00029618   0x00029618   0x000000c0   Code   RO         2409    i.data_length_update  nrf_ble_gatt.o
    0x000296d8   0x000296d8   0x00000002   Code   RO            8    i.db_disc_handler   main.o
    0x000296da   0x000296da   0x00000002   PAD
    0x000296dc   0x000296dc   0x00000030   Code   RO         1980    i.db_update_pending_handle  gatt_cache_manager.o
    0x0002970c   0x0002970c   0x00000080   Code   RO         5888    i.delete_execute    fds.o
    0x0002978c   0x0002978c   0x0000008c   Code   RO         1806    i.descriptors_discover  ble_db_discovery.o
    0x00029818   0x00029818   0x0000009c   Code   RO         5427    i.detection_delay_timeout_handler  app_button.o
    0x000298b4   0x000298b4   0x00000090   Code   RO         1807    i.discovery_complete_evt_trigger  ble_db_discovery.o
    0x00029944   0x00029944   0x0000003c   Code   RO         1808    i.discovery_error_evt_trigger  ble_db_discovery.o
    0x00029980   0x00029980   0x0000005c   Code   RO         1809    i.discovery_start   ble_db_discovery.o
    0x000299dc   0x000299dc   0x0000000c   Code   RO         8517    i.display_wrapper   display_wrapper.o
    0x000299e8   0x000299e8   0x00000014   Code   RO         7291    i.dropped_sat16_get  nrf_log_frontend.o
    0x000299fc   0x000299fc   0x00000040   Code   RO         5636    i.elapsed_ticks_acquire  app_timer.o
    0x00029a3c   0x00029a3c   0x0000000a   Code   RO         3455    i.encryption_failure  security_dispatcher.o
    0x00029a46   0x00029a46   0x00000002   PAD
    0x00029a48   0x00029a48   0x0000004c   Code   RO         6725    i.erase             nrf_fstorage_sd.o
    0x00029a94   0x00029a94   0x00000074   Code   RO         5889    i.event_prepare     fds.o
    0x00029b08   0x00029b08   0x00000020   Code   RO         5890    i.event_send        fds.o
    0x00029b28   0x00029b28   0x00000054   Code   RO         6726    i.event_send        nrf_fstorage_sd.o
    0x00029b7c   0x00029b7c   0x000000ac   Code   RO         3613    i.events_send_from_err_code  security_manager.o
    0x00029c28   0x00029c28   0x0000001c   Code   RO         1981    i.evt_send          gatt_cache_manager.o
    0x00029c44   0x00029c44   0x0000001c   Code   RO         2148    i.evt_send          gatts_cache_manager.o
    0x00029c60   0x00029c60   0x0000002c   Code   RO         3018    i.evt_send          peer_manager.o
    0x00029c8c   0x00029c8c   0x0000001c   Code   RO         3456    i.evt_send          security_dispatcher.o
    0x00029ca8   0x00029ca8   0x0000000c   Code   RO         3614    i.evt_send          security_manager.o
    0x00029cb4   0x00029cb4   0x000000cc   Code   RO          750    i.fds_evt_handler   storage.o
    0x00029d80   0x00029d80   0x000000ec   Code   RO         2668    i.fds_evt_handler   peer_data_storage.o
    0x00029e6c   0x00029e6c   0x00000044   Code   RO         5892    i.fds_file_delete   fds.o
    0x00029eb0   0x00029eb0   0x0000003c   Code   RO         5893    i.fds_gc            fds.o
    0x00029eec   0x00029eec   0x000000e0   Code   RO         5894    i.fds_init          fds.o
    0x00029fcc   0x00029fcc   0x00000040   Code   RO         5895    i.fds_record_close  fds.o
    0x0002a00c   0x0002a00c   0x0000000e   Code   RO         5897    i.fds_record_find   fds.o
    0x0002a01a   0x0002a01a   0x00000010   Code   RO         5898    i.fds_record_find_by_key  fds.o
    0x0002a02a   0x0002a02a   0x00000010   Code   RO         5899    i.fds_record_find_in_file  fds.o
    0x0002a03a   0x0002a03a   0x00000010   Code   RO         5900    i.fds_record_id_from_desc  fds.o
    0x0002a04a   0x0002a04a   0x00000002   PAD
    0x0002a04c   0x0002a04c   0x00000048   Code   RO         5902    i.fds_record_open   fds.o
    0x0002a094   0x0002a094   0x0000000e   Code   RO         5903    i.fds_record_update  fds.o
    0x0002a0a2   0x0002a0a2   0x00000008   Code   RO         5904    i.fds_record_write  fds.o
    0x0002a0aa   0x0002a0aa   0x00000002   PAD
    0x0002a0ac   0x0002a0ac   0x0000002c   Code   RO         5906    i.fds_register      fds.o
    0x0002a0d8   0x0002a0d8   0x0000009c   Code   RO         5909    i.fds_stat          fds.o
    0x0002a174   0x0002a174   0x00000014   Code   RO         2669    i.file_id_within_pm_range  peer_data_storage.o
    0x0002a188   0x0002a188   0x00000012   Code   RO         3457    i.flag_id_init      security_dispatcher.o
    0x0002a19a   0x0002a19a   0x00000012   Code   RO         3615    i.flag_id_init      security_manager.o
    0x0002a1ac   0x0002a1ac   0x00000028   Code   RO         1481    i.flags_set         ble_advertising.o
    0x0002a1d4   0x0002a1d4   0x00000030   Code   RO         3616    i.flags_set_from_err_code  security_manager.o
    0x0002a204   0x0002a204   0x00000030   Code   RO         1659    i.for_each_set_flag  ble_conn_state.o
    0x0002a234   0x0002a234   0x00000006   Code   RO         5910    i.fs_event_handler  fds.o
    0x0002a23a   0x0002a23a   0x00000002   PAD
    0x0002a23c   0x0002a23c   0x00000064   Code   RO            9    i.gap_params_init   main.o
    0x0002a2a0   0x0002a2a0   0x0000007c   Code   RO         5911    i.gc_execute        fds.o
    0x0002a31c   0x0002a31c   0x0000004c   Code   RO         5912    i.gc_next_page      fds.o
    0x0002a368   0x0002a368   0x00000040   Code   RO         5913    i.gc_page_erase     fds.o
    0x0002a3a8   0x0002a3a8   0x00000034   Code   RO         5914    i.gc_record_copy    fds.o
    0x0002a3dc   0x0002a3dc   0x00000024   Code   RO         5915    i.gc_record_find_next  fds.o
    0x0002a400   0x0002a400   0x00000088   Code   RO         5916    i.gc_state_advance  fds.o
    0x0002a488   0x0002a488   0x00000230   Code   RO         1982    i.gcm_ble_evt_handler  gatt_cache_manager.o
    0x0002a6b8   0x0002a6b8   0x0000003c   Code   RO         1983    i.gcm_im_evt_handler  gatt_cache_manager.o
    0x0002a6f4   0x0002a6f4   0x00000094   Code   RO         1984    i.gcm_init          gatt_cache_manager.o
    0x0002a788   0x0002a788   0x00000088   Code   RO         1987    i.gcm_pdb_evt_handler  gatt_cache_manager.o
    0x0002a810   0x0002a810   0x00000054   Code   RO          751    i.generate_userid   storage.o
    0x0002a864   0x0002a864   0x00000030   Code   RO          657    i.get_tag           response.o
    0x0002a894   0x0002a894   0x00000114   Code   RO          752    i.get_user_data     storage.o
    0x0002a9a8   0x0002a9a8   0x00000084   Code   RO         5428    i.gpiote_event_handler  app_button.o
    0x0002aa2c   0x0002aa2c   0x0000001c   Code   RO         2149    i.gscm_db_change_notification_done  gatts_cache_manager.o
    0x0002aa48   0x0002aa48   0x00000014   Code   RO         2150    i.gscm_init         gatts_cache_manager.o
    0x0002aa5c   0x0002aa5c   0x00000090   Code   RO         2152    i.gscm_local_db_cache_apply  gatts_cache_manager.o
    0x0002aaec   0x0002aaec   0x000000ac   Code   RO         2153    i.gscm_local_db_cache_update  gatts_cache_manager.o
    0x0002ab98   0x0002ab98   0x00000018   Code   RO         2154    i.gscm_pdb_evt_handler  gatts_cache_manager.o
    0x0002abb0   0x0002abb0   0x0000001e   Code   RO         2155    i.gscm_service_changed_ind_needed  gatts_cache_manager.o
    0x0002abce   0x0002abce   0x00000002   PAD
    0x0002abd0   0x0002abd0   0x0000005c   Code   RO         2156    i.gscm_service_changed_ind_send  gatts_cache_manager.o
    0x0002ac2c   0x0002ac2c   0x00000026   Code   RO         5917    i.header_check      fds.o
    0x0002ac52   0x0002ac52   0x00000012   Code   RO         5918    i.header_has_next   fds.o
    0x0002ac64   0x0002ac64   0x00000014   Code   RO           10    i.idle_state_handle  main.o
    0x0002ac78   0x0002ac78   0x00000046   Code   RO         2245    i.im_address_resolve  id_manager.o
    0x0002acbe   0x0002acbe   0x00000002   PAD
    0x0002acc0   0x0002acc0   0x00000038   Code   RO         2246    i.im_ble_addr_get   id_manager.o
    0x0002acf8   0x0002acf8   0x000000dc   Code   RO         2247    i.im_ble_evt_handler  id_manager.o
    0x0002add4   0x0002add4   0x00000040   Code   RO         2248    i.im_conn_handle_get  id_manager.o
    0x0002ae14   0x0002ae14   0x00000038   Code   RO         2250    i.im_find_duplicate_bonding_data  id_manager.o
    0x0002ae4c   0x0002ae4c   0x00000072   Code   RO         2253    i.im_is_duplicate_bonding_data  id_manager.o
    0x0002aebe   0x0002aebe   0x00000018   Code   RO         2254    i.im_master_id_is_valid  id_manager.o
    0x0002aed6   0x0002aed6   0x0000002a   Code   RO         2255    i.im_master_ids_compare  id_manager.o
    0x0002af00   0x0002af00   0x00000014   Code   RO         2256    i.im_new_peer_id    id_manager.o
    0x0002af14   0x0002af14   0x0000002c   Code   RO         2257    i.im_peer_free      id_manager.o
    0x0002af40   0x0002af40   0x00000024   Code   RO         2258    i.im_peer_id_get_by_conn_handle  id_manager.o
    0x0002af64   0x0002af64   0x0000003c   Code   RO         2259    i.im_peer_id_get_by_master_id  id_manager.o
    0x0002afa0   0x0002afa0   0x00000034   Code   RO         6727    i.init              nrf_fstorage_sd.o
    0x0002afd4   0x0002afd4   0x000000c8   Code   RO         5919    i.init_execute      fds.o
    0x0002b09c   0x0002b09c   0x00000014   Code   RO         1572    i.instance_get      ble_conn_params.o
    0x0002b0b0   0x0002b0b0   0x000000a6   Code   RO         6599    i.int_print         nrf_fprintf_format.o
    0x0002b156   0x0002b156   0x00000002   PAD
    0x0002b158   0x0002b158   0x0000007c   Code   RO         4749    i.interrupts_enable  nrfx_uarte.o
    0x0002b1d4   0x0002b1d4   0x00000034   Code   RO         7292    i.invalid_packets_omit  nrf_log_frontend.o
    0x0002b208   0x0002b208   0x000000a0   Code   RO         5127    i.irq_handler       nrfx_rtc.o
    0x0002b2a8   0x0002b2a8   0x00000010   Code   RO         6728    i.is_busy           nrf_fstorage_sd.o
    0x0002b2b8   0x0002b2b8   0x00000044   Code   RO         1573    i.is_conn_params_ok  ble_conn_params.o
    0x0002b2fc   0x0002b2fc   0x0000004c   Code   RO         1810    i.is_desc_discovery_reqd  ble_db_discovery.o
    0x0002b348   0x0002b348   0x00000030   Code   RO          658    i.is_tag            response.o
    0x0002b378   0x0002b378   0x00000014   Code   RO         2264    i.is_valid_irk      id_manager.o
    0x0002b38c   0x0002b38c   0x00000018   Code   RO         2552    i.is_whitelist_used  nrf_ble_scan.o
    0x0002b3a4   0x0002b3a4   0x0000000c   Code   RO         5920    i.is_word_aligned   fds.o
    0x0002b3b0   0x0002b3b0   0x00000014   Code   RO          659    i.last_tag          response.o
    0x0002b3c4   0x0002b3c4   0x00000030   Code   RO         1138    i.leds_off          bsp.o
    0x0002b3f4   0x0002b3f4   0x00000014   Code   RO         1139    i.leds_timer_handler  bsp.o
    0x0002b408   0x0002b408   0x00000014   Code   RO         2410    i.link_init         nrf_ble_gatt.o
    0x0002b41c   0x0002b41c   0x000000d0   Code   RO         3617    i.link_secure       security_manager.o
    0x0002b4ec   0x0002b4ec   0x0000000a   Code   RO         3458    i.link_secure_authenticate  security_dispatcher.o
    0x0002b4f6   0x0002b4f6   0x00000002   PAD
    0x0002b4f8   0x0002b4f8   0x00000068   Code   RO         3459    i.link_secure_central  security_dispatcher.o
    0x0002b560   0x0002b560   0x00000094   Code   RO         3460    i.link_secure_central_encryption  security_dispatcher.o
    0x0002b5f4   0x0002b5f4   0x00000032   Code   RO         3461    i.link_secure_failure  security_dispatcher.o
    0x0002b626   0x0002b626   0x00000002   PAD
    0x0002b628   0x0002b628   0x0000002c   Code   RO         3618    i.link_secure_pending_handle  security_manager.o
    0x0002b654   0x0002b654   0x000000f8   Code   RO         5637    i.list_insertions_handler  app_timer.o
    0x0002b74c   0x0002b74c   0x000000a8   Code   RO         1988    i.local_db_apply_in_evt  gatt_cache_manager.o
    0x0002b7f4   0x0002b7f4   0x00000010   Code   RO         1989    i.local_db_update   gatt_cache_manager.o
    0x0002b804   0x0002b804   0x0000010c   Code   RO         1990    i.local_db_update_in_evt  gatt_cache_manager.o
    0x0002b910   0x0002b910   0x0000009c   Code   RO         7293    i.log_skip          nrf_log_frontend.o
    0x0002b9ac   0x0002b9ac   0x00000250   Code   RO           11    i.main              main.o
    0x0002bbfc   0x0002bbfc   0x0000006c   Code   RO         8664    i.malloc            mc_w.l(malloc.o)
    0x0002bc68   0x0002bc68   0x00000064   Code   RO         1373    i.manuf_specific_data_encode  ble_advdata.o
    0x0002bccc   0x0002bccc   0x0000007e   Code   RO         6837    i.memobj_op         nrf_memobj.o
    0x0002bd4a   0x0002bd4a   0x00000002   PAD
    0x0002bd4c   0x0002bd4c   0x00000030   Code   RO         7294    i.module_idx_get    nrf_log_frontend.o
    0x0002bd7c   0x0002bd7c   0x00000044   Code   RO           12    i.multi_qwr_conn_handle_assign  main.o
    0x0002bdc0   0x0002bdc0   0x00000008   Code   RO         3405    i.mutex_lock_status_get  pm_buffer.o
    0x0002bdc8   0x0002bdc8   0x00000078   Code   RO          593    i.my_init           utils.o
    0x0002be40   0x0002be40   0x000000a6   Code   RO         1374    i.name_encode       ble_advdata.o
    0x0002bee6   0x0002bee6   0x00000002   PAD
    0x0002bee8   0x0002bee8   0x00000014   Code   RO         3619    i.new_context_get   security_manager.o
    0x0002befc   0x0002befc   0x00000030   Code   RO         2928    i.next_id_get       peer_id.o
    0x0002bf2c   0x0002bf2c   0x00000010   Code   RO         6252    i.nrf_atfifo_clear  nrf_atfifo.o
    0x0002bf3c   0x0002bf3c   0x00000026   Code   RO         6254    i.nrf_atfifo_init   nrf_atfifo.o
    0x0002bf62   0x0002bf62   0x00000016   Code   RO         6255    i.nrf_atfifo_item_alloc  nrf_atfifo.o
    0x0002bf78   0x0002bf78   0x00000016   Code   RO         6256    i.nrf_atfifo_item_free  nrf_atfifo.o
    0x0002bf8e   0x0002bf8e   0x00000016   Code   RO         6257    i.nrf_atfifo_item_get  nrf_atfifo.o
    0x0002bfa4   0x0002bfa4   0x00000016   Code   RO         6258    i.nrf_atfifo_item_put  nrf_atfifo.o
    0x0002bfba   0x0002bfba   0x00000016   Code   RO         6320    i.nrf_atflags_clear  nrf_atflags.o
    0x0002bfd0   0x0002bfd0   0x00000020   Code   RO         6322    i.nrf_atflags_fetch_set  nrf_atflags.o
    0x0002bff0   0x0002bff0   0x0000004a   Code   RO         6324    i.nrf_atflags_find_and_set_flag  nrf_atflags.o
    0x0002c03a   0x0002c03a   0x00000016   Code   RO         6325    i.nrf_atflags_get   nrf_atflags.o
    0x0002c050   0x0002c050   0x00000014   Code   RO         6327    i.nrf_atflags_set   nrf_atflags.o
    0x0002c064   0x0002c064   0x00000006   Code   RO         6388    i.nrf_atomic_flag_clear_fetch  nrf_atomic.o
    0x0002c06a   0x0002c06a   0x00000006   Code   RO         6389    i.nrf_atomic_flag_set  nrf_atomic.o
    0x0002c070   0x0002c070   0x00000006   Code   RO         6390    i.nrf_atomic_flag_set_fetch  nrf_atomic.o
    0x0002c076   0x0002c076   0x0000000c   Code   RO         6391    i.nrf_atomic_u32_add  nrf_atomic.o
    0x0002c082   0x0002c082   0x0000000c   Code   RO         6392    i.nrf_atomic_u32_and  nrf_atomic.o
    0x0002c08e   0x0002c08e   0x0000000a   Code   RO         6394    i.nrf_atomic_u32_fetch_add  nrf_atomic.o
    0x0002c098   0x0002c098   0x0000000a   Code   RO         6395    i.nrf_atomic_u32_fetch_and  nrf_atomic.o
    0x0002c0a2   0x0002c0a2   0x0000000a   Code   RO         6396    i.nrf_atomic_u32_fetch_or  nrf_atomic.o
    0x0002c0ac   0x0002c0ac   0x0000000a   Code   RO         6397    i.nrf_atomic_u32_fetch_store  nrf_atomic.o
    0x0002c0b6   0x0002c0b6   0x0000000c   Code   RO         6401    i.nrf_atomic_u32_or  nrf_atomic.o
    0x0002c0c2   0x0002c0c2   0x0000000c   Code   RO         6403    i.nrf_atomic_u32_sub  nrf_atomic.o
    0x0002c0ce   0x0002c0ce   0x00000044   Code   RO         6522    i.nrf_balloc_alloc  nrf_balloc.o
    0x0002c112   0x0002c112   0x00000030   Code   RO         6523    i.nrf_balloc_free   nrf_balloc.o
    0x0002c142   0x0002c142   0x00000030   Code   RO         6524    i.nrf_balloc_init   nrf_balloc.o
    0x0002c172   0x0002c172   0x00000010   Code   RO         4238    i.nrf_bitmask_bit_is_set  nrfx_gpiote.o
    0x0002c182   0x0002c182   0x00000014   Code   RO         4239    i.nrf_bitmask_bit_set  nrfx_gpiote.o
    0x0002c196   0x0002c196   0x0000002c   Code   RO         2416    i.nrf_ble_gatt_init  nrf_ble_gatt.o
    0x0002c1c2   0x0002c1c2   0x00000002   PAD
    0x0002c1c4   0x0002c1c4   0x00000170   Code   RO         2417    i.nrf_ble_gatt_on_ble_evt  nrf_ble_gatt.o
    0x0002c334   0x0002c334   0x00000016   Code   RO         2511    i.nrf_ble_qwr_conn_handle_assign  nrf_ble_qwr.o
    0x0002c34a   0x0002c34a   0x000000b6   Code   RO         2513    i.nrf_ble_qwr_on_ble_evt  nrf_ble_qwr.o
    0x0002c400   0x0002c400   0x00000050   Code   RO         2554    i.nrf_ble_scan_connect_with_target  nrf_ble_scan.o
    0x0002c450   0x0002c450   0x00000014   Code   RO         2556    i.nrf_ble_scan_default_conn_param_set  nrf_ble_scan.o
    0x0002c464   0x0002c464   0x00000020   Code   RO         2557    i.nrf_ble_scan_default_param_set  nrf_ble_scan.o
    0x0002c484   0x0002c484   0x000000a6   Code   RO         2559    i.nrf_ble_scan_filter_set  nrf_ble_scan.o
    0x0002c52a   0x0002c52a   0x00000014   Code   RO         2560    i.nrf_ble_scan_filters_disable  nrf_ble_scan.o
    0x0002c53e   0x0002c53e   0x00000046   Code   RO         2561    i.nrf_ble_scan_filters_enable  nrf_ble_scan.o
    0x0002c584   0x0002c584   0x00000072   Code   RO         2562    i.nrf_ble_scan_init  nrf_ble_scan.o
    0x0002c5f6   0x0002c5f6   0x0000014a   Code   RO         2563    i.nrf_ble_scan_on_adv_report  nrf_ble_scan.o
    0x0002c740   0x0002c740   0x000000ae   Code   RO         2564    i.nrf_ble_scan_on_ble_evt  nrf_ble_scan.o
    0x0002c7ee   0x0002c7ee   0x00000002   PAD
    0x0002c7f0   0x0002c7f0   0x00000088   Code   RO         2566    i.nrf_ble_scan_start  nrf_ble_scan.o
    0x0002c878   0x0002c878   0x0000000e   Code   RO         4098    i.nrf_clock_event_check  nrfx_clock.o
    0x0002c886   0x0002c886   0x00000010   Code   RO         4099    i.nrf_clock_event_clear  nrfx_clock.o
    0x0002c896   0x0002c896   0x00000002   PAD
    0x0002c898   0x0002c898   0x00000084   Code   RO         3774    i.nrf_drv_clock_init  nrf_drv_clock.o
    0x0002c91c   0x0002c91c   0x00000030   Code   RO         3778    i.nrf_drv_clock_lfclk_release  nrf_drv_clock.o
    0x0002c94c   0x0002c94c   0x00000034   Code   RO         8229    i.nrf_drv_mpu_init  nrf_drv_mpu_twi.o
    0x0002c980   0x0002c980   0x0000006c   Code   RO         8230    i.nrf_drv_mpu_read_registers  nrf_drv_mpu_twi.o
    0x0002c9ec   0x0002c9ec   0x00000028   Code   RO         8231    i.nrf_drv_mpu_twi_event_handler  nrf_drv_mpu_twi.o
    0x0002ca14   0x0002ca14   0x00000054   Code   RO         8232    i.nrf_drv_mpu_write_registers  nrf_drv_mpu_twi.o
    0x0002ca68   0x0002ca68   0x00000040   Code   RO         8233    i.nrf_drv_mpu_write_single_register  nrf_drv_mpu_twi.o
    0x0002caa8   0x0002caa8   0x00000070   Code   RO         5265    i.nrf_drv_spi_init  nrf_drv_spi.o
    0x0002cb18   0x0002cb18   0x00000016   Code   RO         8320    i.nrf_drv_spi_transfer  cfaf.o
    0x0002cb2e   0x0002cb2e   0x00000002   PAD
    0x0002cb30   0x0002cb30   0x00000068   Code   RO         3906    i.nrf_drv_uart_init  nrf_drv_uart.o
    0x0002cb98   0x0002cb98   0x0000001a   Code   RO         6559    i.nrf_fprintf       nrf_fprintf.o
    0x0002cbb2   0x0002cbb2   0x00000018   Code   RO         6560    i.nrf_fprintf_buffer_flush  nrf_fprintf.o
    0x0002cbca   0x0002cbca   0x000001da   Code   RO         6600    i.nrf_fprintf_fmt   nrf_fprintf_format.o
    0x0002cda4   0x0002cda4   0x00000138   Code   RO         6640    i.nrf_fstorage_erase  nrf_fstorage.o
    0x0002cedc   0x0002cedc   0x00000094   Code   RO         6641    i.nrf_fstorage_init  nrf_fstorage.o
    0x0002cf70   0x0002cf70   0x00000050   Code   RO         6642    i.nrf_fstorage_is_busy  nrf_fstorage.o
    0x0002cfc0   0x0002cfc0   0x00000018   Code   RO         6729    i.nrf_fstorage_sdh_req_handler  nrf_fstorage_sd.o
    0x0002cfd8   0x0002cfd8   0x00000020   Code   RO         6730    i.nrf_fstorage_sdh_state_handler  nrf_fstorage_sd.o
    0x0002cff8   0x0002cff8   0x000000a4   Code   RO         6731    i.nrf_fstorage_sys_evt_handler  nrf_fstorage_sd.o
    0x0002d09c   0x0002d09c   0x000001dc   Code   RO         6647    i.nrf_fstorage_write  nrf_fstorage.o
    0x0002d278   0x0002d278   0x00000024   Code   RO         1035    i.nrf_gpio_cfg      boards.o
    0x0002d29c   0x0002d29c   0x00000024   Code   RO         4240    i.nrf_gpio_cfg      nrfx_gpiote.o
    0x0002d2c0   0x0002d2c0   0x00000024   Code   RO         4561    i.nrf_gpio_cfg      nrfx_uart.o
    0x0002d2e4   0x0002d2e4   0x00000024   Code   RO         4750    i.nrf_gpio_cfg      nrfx_uarte.o
    0x0002d308   0x0002d308   0x00000024   Code   RO         4966    i.nrf_gpio_cfg      nrfx_twi.o
    0x0002d32c   0x0002d32c   0x00000024   Code   RO         5307    i.nrf_gpio_cfg      nrfx_spim.o
    0x0002d350   0x0002d350   0x00000012   Code   RO         4562    i.nrf_gpio_cfg_default  nrfx_uart.o
    0x0002d362   0x0002d362   0x00000012   Code   RO         4751    i.nrf_gpio_cfg_default  nrfx_uarte.o
    0x0002d374   0x0002d374   0x00000012   Code   RO         4563    i.nrf_gpio_cfg_input  nrfx_uart.o
    0x0002d386   0x0002d386   0x00000012   Code   RO         4752    i.nrf_gpio_cfg_input  nrfx_uarte.o
    0x0002d398   0x0002d398   0x00000014   Code   RO         4564    i.nrf_gpio_cfg_output  nrfx_uart.o
    0x0002d3ac   0x0002d3ac   0x00000014   Code   RO         4753    i.nrf_gpio_cfg_output  nrfx_uarte.o
    0x0002d3c0   0x0002d3c0   0x00000014   Code   RO         5308    i.nrf_gpio_cfg_output  nrfx_spim.o
    0x0002d3d4   0x0002d3d4   0x00000010   Code   RO         8321    i.nrf_gpio_cfg_output  cfaf.o
    0x0002d3e4   0x0002d3e4   0x00000022   Code   RO         4242    i.nrf_gpio_cfg_sense_set  nrfx_gpiote.o
    0x0002d406   0x0002d406   0x0000000e   Code   RO         5309    i.nrf_gpio_pin_clear  nrfx_spim.o
    0x0002d414   0x0002d414   0x0000000e   Code   RO         8322    i.nrf_gpio_pin_clear  cfaf.o
    0x0002d422   0x0002d422   0x0000000e   Code   RO         5310    i.nrf_gpio_pin_set  nrfx_spim.o
    0x0002d430   0x0002d430   0x0000000e   Code   RO         8323    i.nrf_gpio_pin_set  cfaf.o
    0x0002d43e   0x0002d43e   0x00000016   Code   RO         1036    i.nrf_gpio_pin_write  boards.o
    0x0002d454   0x0002d454   0x00000028   Code   RO         4243    i.nrf_gpio_ports_read  nrfx_gpiote.o
    0x0002d47c   0x0002d47c   0x00000014   Code   RO         4244    i.nrf_gpiote_event_clear  nrfx_gpiote.o
    0x0002d490   0x0002d490   0x00000010   Code   RO         4245    i.nrf_gpiote_event_is_set  nrfx_gpiote.o
    0x0002d4a0   0x0002d4a0   0x0000005c   Code   RO         7295    i.nrf_log_backend_add  nrf_log_frontend.o
    0x0002d4fc   0x0002d4fc   0x000000c8   Code   RO         7134    i.nrf_log_backend_serial_put  nrf_log_backend_serial.o
    0x0002d5c4   0x0002d5c4   0x00000002   Code   RO         7174    i.nrf_log_backend_uart_flush  nrf_log_backend_uart.o
    0x0002d5c6   0x0002d5c6   0x00000006   Code   RO         7175    i.nrf_log_backend_uart_init  nrf_log_backend_uart.o
    0x0002d5cc   0x0002d5cc   0x0000002c   Code   RO         7176    i.nrf_log_backend_uart_panic_set  nrf_log_backend_uart.o
    0x0002d5f8   0x0002d5f8   0x00000018   Code   RO         7177    i.nrf_log_backend_uart_put  nrf_log_backend_uart.o
    0x0002d610   0x0002d610   0x00000030   Code   RO         7297    i.nrf_log_color_id_get  nrf_log_frontend.o
    0x0002d640   0x0002d640   0x0000001c   Code   RO         7253    i.nrf_log_default_backends_init  nrf_log_default_backends.o
    0x0002d65c   0x0002d65c   0x00000234   Code   RO         7298    i.nrf_log_frontend_dequeue  nrf_log_frontend.o
    0x0002d890   0x0002d890   0x000000a8   Code   RO         7299    i.nrf_log_frontend_hexdump  nrf_log_frontend.o
    0x0002d938   0x0002d938   0x00000008   Code   RO         7300    i.nrf_log_frontend_std_0  nrf_log_frontend.o
    0x0002d940   0x0002d940   0x0000000e   Code   RO         7301    i.nrf_log_frontend_std_1  nrf_log_frontend.o
    0x0002d94e   0x0002d94e   0x00000010   Code   RO         7302    i.nrf_log_frontend_std_2  nrf_log_frontend.o
    0x0002d95e   0x0002d95e   0x00000012   Code   RO         7303    i.nrf_log_frontend_std_3  nrf_log_frontend.o
    0x0002d970   0x0002d970   0x00000014   Code   RO         7304    i.nrf_log_frontend_std_4  nrf_log_frontend.o
    0x0002d984   0x0002d984   0x000000b0   Code   RO         7475    i.nrf_log_hexdump_entry_process  nrf_log_str_formatter.o
    0x0002da34   0x0002da34   0x0000003c   Code   RO         7307    i.nrf_log_init      nrf_log_frontend.o
    0x0002da70   0x0002da70   0x00000014   Code   RO         7308    i.nrf_log_module_cnt_get  nrf_log_frontend.o
    0x0002da84   0x0002da84   0x0000001c   Code   RO         7311    i.nrf_log_module_name_get  nrf_log_frontend.o
    0x0002daa0   0x0002daa0   0x0000002c   Code   RO         7312    i.nrf_log_panic     nrf_log_frontend.o
    0x0002dacc   0x0002dacc   0x000000b6   Code   RO         7476    i.nrf_log_std_entry_process  nrf_log_str_formatter.o
    0x0002db82   0x0002db82   0x00000060   Code   RO         6838    i.nrf_memobj_alloc  nrf_memobj.o
    0x0002dbe2   0x0002dbe2   0x00000032   Code   RO         6839    i.nrf_memobj_free   nrf_memobj.o
    0x0002dc14   0x0002dc14   0x00000008   Code   RO         6840    i.nrf_memobj_get    nrf_memobj.o
    0x0002dc1c   0x0002dc1c   0x00000004   Code   RO         6841    i.nrf_memobj_pool_init  nrf_memobj.o
    0x0002dc20   0x0002dc20   0x0000001e   Code   RO         6842    i.nrf_memobj_put    nrf_memobj.o
    0x0002dc3e   0x0002dc3e   0x00000010   Code   RO         6843    i.nrf_memobj_read   nrf_memobj.o
    0x0002dc4e   0x0002dc4e   0x00000010   Code   RO         6844    i.nrf_memobj_write  nrf_memobj.o
    0x0002dc5e   0x0002dc5e   0x00000002   PAD
    0x0002dc60   0x0002dc60   0x00000028   Code   RO         6916    i.nrf_pwr_mgmt_init  nrf_pwr_mgmt.o
    0x0002dc88   0x0002dc88   0x00000044   Code   RO         6917    i.nrf_pwr_mgmt_run  nrf_pwr_mgmt.o
    0x0002dccc   0x0002dccc   0x0000001c   Code   RO         6990    i.nrf_ringbuf_init  nrf_ringbuf.o
    0x0002dce8   0x0002dce8   0x0000000c   Code   RO         5128    i.nrf_rtc_event_clear  nrfx_rtc.o
    0x0002dcf4   0x0002dcf4   0x00000014   Code   RO         8010    i.nrf_sdh_ble_app_ram_start_get  nrf_sdh_ble.o
    0x0002dd08   0x0002dd08   0x00000100   Code   RO         8011    i.nrf_sdh_ble_default_cfg_set  nrf_sdh_ble.o
    0x0002de08   0x0002de08   0x00000130   Code   RO         8012    i.nrf_sdh_ble_enable  nrf_sdh_ble.o
    0x0002df38   0x0002df38   0x0000005c   Code   RO         8013    i.nrf_sdh_ble_evts_poll  nrf_sdh_ble.o
    0x0002df94   0x0002df94   0x00000054   Code   RO         7891    i.nrf_sdh_disable_request  nrf_sdh.o
    0x0002dfe8   0x0002dfe8   0x00000074   Code   RO         7892    i.nrf_sdh_enable_request  nrf_sdh.o
    0x0002e05c   0x0002e05c   0x00000024   Code   RO         7893    i.nrf_sdh_evts_poll  nrf_sdh.o
    0x0002e080   0x0002e080   0x0000000c   Code   RO         7894    i.nrf_sdh_is_enabled  nrf_sdh.o
    0x0002e08c   0x0002e08c   0x0000001c   Code   RO         7896    i.nrf_sdh_request_continue  nrf_sdh.o
    0x0002e0a8   0x0002e0a8   0x0000003c   Code   RO         8064    i.nrf_sdh_soc_evts_poll  nrf_sdh_soc.o
    0x0002e0e4   0x0002e0e4   0x0000000a   Code   RO         7048    i.nrf_section_iter_init  nrf_section_iter.o
    0x0002e0ee   0x0002e0ee   0x00000024   Code   RO         7049    i.nrf_section_iter_item_set  nrf_section_iter.o
    0x0002e112   0x0002e112   0x00000020   Code   RO         7050    i.nrf_section_iter_next  nrf_section_iter.o
    0x0002e132   0x0002e132   0x0000000a   Code   RO         5311    i.nrf_spim_event_check  nrfx_spim.o
    0x0002e13c   0x0002e13c   0x00000038   Code   RO         7083    i.nrf_strerror_find  nrf_strerror.o
    0x0002e174   0x0002e174   0x00000014   Code   RO         7084    i.nrf_strerror_get  nrf_strerror.o
    0x0002e188   0x0002e188   0x0000000a   Code   RO         4968    i.nrf_twi_event_check  nrfx_twi.o
    0x0002e192   0x0002e192   0x0000000c   Code   RO         4969    i.nrf_twi_event_clear  nrfx_twi.o
    0x0002e19e   0x0002e19e   0x0000000a   Code   RO         4565    i.nrf_uart_event_check  nrfx_uart.o
    0x0002e1a8   0x0002e1a8   0x0000000c   Code   RO         4566    i.nrf_uart_event_clear  nrfx_uart.o
    0x0002e1b4   0x0002e1b4   0x0000000c   Code   RO         4567    i.nrf_uart_int_enable_check  nrfx_uart.o
    0x0002e1c0   0x0002e1c0   0x0000000a   Code   RO         4754    i.nrf_uarte_event_check  nrfx_uarte.o
    0x0002e1ca   0x0002e1ca   0x0000000c   Code   RO         4755    i.nrf_uarte_event_clear  nrfx_uarte.o
    0x0002e1d6   0x0002e1d6   0x00000002   PAD
    0x0002e1d8   0x0002e1d8   0x00000054   Code   RO         4104    i.nrfx_clock_enable  nrfx_clock.o
    0x0002e22c   0x0002e22c   0x0000006c   Code   RO         4107    i.nrfx_clock_init   nrfx_clock.o
    0x0002e298   0x0002e298   0x0000001c   Code   RO         4110    i.nrfx_clock_lfclk_stop  nrfx_clock.o
    0x0002e2b4   0x0002e2b4   0x00000010   Code   RO         5638    i.nrfx_coredep_delay_us  app_timer.o
    0x0002e2c4   0x0002e2c4   0x000000a4   Code   RO         4250    i.nrfx_gpiote_in_event_enable  nrfx_gpiote.o
    0x0002e368   0x0002e368   0x000000d0   Code   RO         4251    i.nrfx_gpiote_in_init  nrfx_gpiote.o
    0x0002e438   0x0002e438   0x00000014   Code   RO         4252    i.nrfx_gpiote_in_is_set  nrfx_gpiote.o
    0x0002e44c   0x0002e44c   0x0000006c   Code   RO         4254    i.nrfx_gpiote_init  nrfx_gpiote.o
    0x0002e4b8   0x0002e4b8   0x00000014   Code   RO         4255    i.nrfx_gpiote_is_init  nrfx_gpiote.o
    0x0002e4cc   0x0002e4cc   0x00000010   Code   RO         4756    i.nrfx_is_in_ram    nrfx_uarte.o
    0x0002e4dc   0x0002e4dc   0x00000010   Code   RO         5312    i.nrfx_is_in_ram    nrfx_spim.o
    0x0002e4ec   0x0002e4ec   0x0000003a   Code   RO         4507    i.nrfx_prs_acquire  nrfx_prs.o
    0x0002e526   0x0002e526   0x00000012   Code   RO         4508    i.nrfx_prs_release  nrfx_prs.o
    0x0002e538   0x0002e538   0x00000040   Code   RO         5132    i.nrfx_rtc_enable   nrfx_rtc.o
    0x0002e578   0x0002e578   0x000000e0   Code   RO         5133    i.nrfx_rtc_init     nrfx_rtc.o
    0x0002e658   0x0002e658   0x00000174   Code   RO         5315    i.nrfx_spim_init    nrfx_spim.o
    0x0002e7cc   0x0002e7cc   0x00000064   Code   RO         5318    i.nrfx_spim_xfer    nrfx_spim.o
    0x0002e830   0x0002e830   0x00000026   Code   RO         4903    i.nrfx_systick_delay_ms  nrfx_systick.o
    0x0002e856   0x0002e856   0x00000014   Code   RO         4904    i.nrfx_systick_delay_ticks  nrfx_systick.o
    0x0002e86a   0x0002e86a   0x00000010   Code   RO         4907    i.nrfx_systick_init  nrfx_systick.o
    0x0002e87a   0x0002e87a   0x00000002   PAD
    0x0002e87c   0x0002e87c   0x00000014   Code   RO         4908    i.nrfx_systick_ms_tick  nrfx_systick.o
    0x0002e890   0x0002e890   0x00000020   Code   RO         4972    i.nrfx_twi_enable   nrfx_twi.o
    0x0002e8b0   0x0002e8b0   0x000000dc   Code   RO         4973    i.nrfx_twi_init     nrfx_twi.o
    0x0002e98c   0x0002e98c   0x00000030   Code   RO         4975    i.nrfx_twi_rx       nrfx_twi.o
    0x0002e9bc   0x0002e9bc   0x00000036   Code   RO         4977    i.nrfx_twi_tx       nrfx_twi.o
    0x0002e9f2   0x0002e9f2   0x00000002   PAD
    0x0002e9f4   0x0002e9f4   0x00000024   Code   RO         4979    i.nrfx_twi_xfer     nrfx_twi.o
    0x0002ea18   0x0002ea18   0x00000010   Code   RO         4568    i.nrfx_uart_0_irq_handler  nrfx_uart.o
    0x0002ea28   0x0002ea28   0x000000d0   Code   RO         4570    i.nrfx_uart_init    nrfx_uart.o
    0x0002eaf8   0x0002eaf8   0x000000a4   Code   RO         4576    i.nrfx_uart_tx      nrfx_uart.o
    0x0002eb9c   0x0002eb9c   0x00000020   Code   RO         4578    i.nrfx_uart_tx_in_progress  nrfx_uart.o
    0x0002ebbc   0x0002ebbc   0x000000b4   Code   RO         4579    i.nrfx_uart_uninit  nrfx_uart.o
    0x0002ec70   0x0002ec70   0x00000010   Code   RO         4757    i.nrfx_uarte_0_irq_handler  nrfx_uarte.o
    0x0002ec80   0x0002ec80   0x0000006c   Code   RO         4759    i.nrfx_uarte_init   nrfx_uarte.o
    0x0002ecec   0x0002ecec   0x00000090   Code   RO         4763    i.nrfx_uarte_tx     nrfx_uarte.o
    0x0002ed7c   0x0002ed7c   0x0000001c   Code   RO         4765    i.nrfx_uarte_tx_in_progress  nrfx_uarte.o
    0x0002ed98   0x0002ed98   0x000000b0   Code   RO         4766    i.nrfx_uarte_uninit  nrfx_uarte.o
    0x0002ee48   0x0002ee48   0x00000018   Code   RO         8518    i.off_display       display_wrapper.o
    0x0002ee60   0x0002ee60   0x0000005c   Code   RO           13    i.on_adv_evt        main.o
    0x0002eebc   0x0002eebc   0x000000f8   Code   RO           14    i.on_ble_central_evt  main.o
    0x0002efb4   0x0002efb4   0x000000ec   Code   RO           15    i.on_ble_peripheral_evt  main.o
    0x0002f0a0   0x0002f0a0   0x00000150   Code   RO         1811    i.on_characteristic_discovery_rsp  ble_db_discovery.o
    0x0002f1f0   0x0002f1f0   0x000000a8   Code   RO         2418    i.on_connected_evt  nrf_ble_gatt.o
    0x0002f298   0x0002f298   0x000000f0   Code   RO         1812    i.on_descriptor_discovery_rsp  ble_db_discovery.o
    0x0002f388   0x0002f388   0x000000ac   Code   RO         2419    i.on_exchange_mtu_request_evt  nrf_ble_gatt.o
    0x0002f434   0x0002f434   0x00000068   Code   RO         1813    i.on_primary_srv_discovery_rsp  ble_db_discovery.o
    0x0002f49c   0x0002f49c   0x0000007c   Code   RO         1814    i.on_srv_disc_completion  ble_db_discovery.o
    0x0002f518   0x0002f518   0x000000bc   Code   RO          528    i.on_write          ble_cus.o
    0x0002f5d4   0x0002f5d4   0x00000024   Code   RO         5921    i.page_identify     fds.o
    0x0002f5f8   0x0002f5f8   0x0000001c   Code   RO         5922    i.page_offsets_update  fds.o
    0x0002f614   0x0002f614   0x0000006c   Code   RO         5923    i.page_scan         fds.o
    0x0002f680   0x0002f680   0x0000001c   Code   RO         5924    i.page_tag_write_data  fds.o
    0x0002f69c   0x0002f69c   0x00000024   Code   RO         5925    i.page_tag_write_swap  fds.o
    0x0002f6c0   0x0002f6c0   0x0000011c   Code   RO         5926    i.pages_init        fds.o
    0x0002f7dc   0x0002f7dc   0x0000000c   Code   RO         3462    i.pairing           security_dispatcher.o
    0x0002f7e8   0x0002f7e8   0x00000074   Code   RO         3463    i.pairing_failure   security_dispatcher.o
    0x0002f85c   0x0002f85c   0x0000002e   Code   RO         3464    i.pairing_success_evt_send  security_dispatcher.o
    0x0002f88a   0x0002f88a   0x00000006   Code   RO         3620    i.params_reply_pending_handle  security_manager.o
    0x0002f890   0x0002f890   0x00000028   Code   RO         3621    i.params_req_send   security_manager.o
    0x0002f8b8   0x0002f8b8   0x0000001c   Code   RO         2808    i.pdb_evt_send      peer_database.o
    0x0002f8d4   0x0002f8d4   0x00000090   Code   RO         2809    i.pdb_init          peer_database.o
    0x0002f964   0x0002f964   0x0000007c   Code   RO         2810    i.pdb_pds_evt_handler  peer_database.o
    0x0002f9e0   0x0002f9e0   0x00000006   Code   RO         2811    i.pdb_peer_data_ptr_get  peer_database.o
    0x0002f9e6   0x0002f9e6   0x00000002   PAD
    0x0002f9e8   0x0002f9e8   0x0000008c   Code   RO         2812    i.pdb_peer_free     peer_database.o
    0x0002fa74   0x0002fa74   0x000000dc   Code   RO         2813    i.pdb_write_buf_get  peer_database.o
    0x0002fb50   0x0002fb50   0x00000014   Code   RO         2814    i.pdb_write_buf_release  peer_database.o
    0x0002fb64   0x0002fb64   0x00000036   Code   RO         2815    i.pdb_write_buf_store  peer_database.o
    0x0002fb9a   0x0002fb9a   0x00000002   PAD
    0x0002fb9c   0x0002fb9c   0x00000010   Code   RO         2670    i.pds_evt_send      peer_data_storage.o
    0x0002fbac   0x0002fbac   0x000000dc   Code   RO         2671    i.pds_init          peer_data_storage.o
    0x0002fc88   0x0002fc88   0x00000004   Code   RO         2672    i.pds_next_deleted_peer_id_get  peer_data_storage.o
    0x0002fc8c   0x0002fc8c   0x00000004   Code   RO         2673    i.pds_next_peer_id_get  peer_data_storage.o
    0x0002fc90   0x0002fc90   0x00000058   Code   RO         2676    i.pds_peer_data_iterate  peer_data_storage.o
    0x0002fce8   0x0002fce8   0x00000010   Code   RO         2677    i.pds_peer_data_iterate_prepare  peer_data_storage.o
    0x0002fcf8   0x0002fcf8   0x00000072   Code   RO         2678    i.pds_peer_data_read  peer_data_storage.o
    0x0002fd6a   0x0002fd6a   0x00000002   PAD
    0x0002fd6c   0x0002fd6c   0x000000a0   Code   RO         2679    i.pds_peer_data_store  peer_data_storage.o
    0x0002fe0c   0x0002fe0c   0x00000008   Code   RO         2680    i.pds_peer_id_allocate  peer_data_storage.o
    0x0002fe14   0x0002fe14   0x00000016   Code   RO         2681    i.pds_peer_id_free  peer_data_storage.o
    0x0002fe2a   0x0002fe2a   0x00000004   Code   RO         2682    i.pds_peer_id_is_allocated  peer_data_storage.o
    0x0002fe2e   0x0002fe2e   0x00000002   PAD
    0x0002fe30   0x0002fe30   0x0000009c   Code   RO         2684    i.peer_data_delete_process  peer_data_storage.o
    0x0002fecc   0x0002fecc   0x00000030   Code   RO         2685    i.peer_data_find    peer_data_storage.o
    0x0002fefc   0x0002fefc   0x00000024   Code   RO         2686    i.peer_data_id_is_valid  peer_data_storage.o
    0x0002ff20   0x0002ff20   0x0000001a   Code   RO         2816    i.peer_data_point_to_buffer  peer_database.o
    0x0002ff3a   0x0002ff3a   0x00000002   PAD
    0x0002ff3c   0x0002ff3c   0x0000000c   Code   RO         2929    i.peer_id_allocate  peer_id.o
    0x0002ff48   0x0002ff48   0x00000024   Code   RO         2930    i.peer_id_delete    peer_id.o
    0x0002ff6c   0x0002ff6c   0x0000001c   Code   RO         2931    i.peer_id_free      peer_id.o
    0x0002ff88   0x0002ff88   0x0000000c   Code   RO         2932    i.peer_id_get_next_deleted  peer_id.o
    0x0002ff94   0x0002ff94   0x00000030   Code   RO         2933    i.peer_id_get_next_used  peer_id.o
    0x0002ffc4   0x0002ffc4   0x0000000c   Code   RO         2934    i.peer_id_init      peer_id.o
    0x0002ffd0   0x0002ffd0   0x00000014   Code   RO         2935    i.peer_id_is_allocated  peer_id.o
    0x0002ffe4   0x0002ffe4   0x00000014   Code   RO         2936    i.peer_id_is_deleted  peer_id.o
    0x0002fff8   0x0002fff8   0x0000006c   Code   RO           16    i.peer_manager_init  main.o
    0x00030064   0x00030064   0x00000012   Code   RO         1482    i.phy_is_valid      ble_advertising.o
    0x00030076   0x00030076   0x00000002   PAD
    0x00030078   0x00030078   0x00000018   Code   RO         4271    i.pin_in_use_by_port  nrfx_gpiote.o
    0x00030090   0x00030090   0x00000018   Code   RO         4272    i.pin_in_use_by_te  nrfx_gpiote.o
    0x000300a8   0x000300a8   0x00000064   Code   RO         3406    i.pm_buffer_block_acquire  pm_buffer.o
    0x0003010c   0x0003010c   0x00000024   Code   RO         3407    i.pm_buffer_init    pm_buffer.o
    0x00030130   0x00030130   0x00000028   Code   RO         3408    i.pm_buffer_ptr_get  pm_buffer.o
    0x00030158   0x00030158   0x00000032   Code   RO         3409    i.pm_buffer_release  pm_buffer.o
    0x0003018a   0x0003018a   0x00000002   PAD
    0x0003018c   0x0003018c   0x00000078   Code   RO         3023    i.pm_conn_sec_status_get  peer_manager.o
    0x00030204   0x00030204   0x0000001c   Code   RO         3024    i.pm_conn_secure    peer_manager.o
    0x00030220   0x00030220   0x00000024   Code   RO           17    i.pm_evt_handler    main.o
    0x00030244   0x00030244   0x00000004   Code   RO         3026    i.pm_gcm_evt_handler  peer_manager.o
    0x00030248   0x00030248   0x00000004   Code   RO         3027    i.pm_gscm_evt_handler  peer_manager.o
    0x0003024c   0x0003024c   0x00000068   Code   RO         3319    i.pm_handler_disconnect_on_sec_failure  peer_manager_handler.o
    0x000302b4   0x000302b4   0x00000210   Code   RO         3320    i.pm_handler_flash_clean  peer_manager_handler.o
    0x000304c4   0x000304c4   0x0000001c   Code   RO         3321    i.pm_handler_flash_clean_on_return  peer_manager_handler.o
    0x000304e0   0x000304e0   0x00000054   Code   RO         3322    i.pm_handler_on_pm_evt  peer_manager_handler.o
    0x00030534   0x00030534   0x000002dc   Code   RO         3323    i.pm_handler_pm_evt_log  peer_manager_handler.o
    0x00030810   0x00030810   0x00000004   Code   RO         3030    i.pm_im_evt_handler  peer_manager.o
    0x00030814   0x00030814   0x000001bc   Code   RO         3031    i.pm_init           peer_manager.o
    0x000309d0   0x000309d0   0x00000120   Code   RO         3035    i.pm_pdb_evt_handler  peer_manager.o
    0x00030af0   0x00030af0   0x00000014   Code   RO         3046    i.pm_peer_delete    peer_manager.o
    0x00030b04   0x00030b04   0x0000011c   Code   RO         3050    i.pm_peer_rank_highest  peer_manager.o
    0x00030c20   0x00030c20   0x000000ec   Code   RO         3051    i.pm_peer_ranks_get  peer_manager.o
    0x00030d0c   0x00030d0c   0x00000094   Code   RO         3052    i.pm_peers_delete   peer_manager.o
    0x00030da0   0x00030da0   0x0000002c   Code   RO         3055    i.pm_register       peer_manager.o
    0x00030dcc   0x00030dcc   0x00000014   Code   RO         3056    i.pm_sec_params_set  peer_manager.o
    0x00030de0   0x00030de0   0x0000000a   Code   RO         3057    i.pm_sm_evt_handler  peer_manager.o
    0x00030dea   0x00030dea   0x0000000e   Code   RO          753    i.pointer_to_int    storage.o
    0x00030df8   0x00030df8   0x0000003c   Code   RO         7478    i.postfix_process   nrf_log_str_formatter.o
    0x00030e34   0x00030e34   0x00000098   Code   RO         7479    i.prefix_process    nrf_log_str_formatter.o
    0x00030ecc   0x00030ecc   0x00000018   Code   RO         4509    i.prs_box_get       nrfx_prs.o
    0x00030ee4   0x00030ee4   0x0000001c   Code   RO         5927    i.queue_buf_get     fds.o
    0x00030f00   0x00030f00   0x00000010   Code   RO         5928    i.queue_buf_store   fds.o
    0x00030f10   0x00030f10   0x00000014   Code   RO         6732    i.queue_free        nrf_fstorage_sd.o
    0x00030f24   0x00030f24   0x000000a0   Code   RO         5929    i.queue_process     fds.o
    0x00030fc4   0x00030fc4   0x000000a0   Code   RO         6733    i.queue_process     nrf_fstorage_sd.o
    0x00031064   0x00031064   0x0000001c   Code   RO         5930    i.queue_start       fds.o
    0x00031080   0x00031080   0x00000024   Code   RO         6734    i.queue_start       nrf_fstorage_sd.o
    0x000310a4   0x000310a4   0x0000001c   Code   RO         3326    i.rank_highest      peer_manager_handler.o
    0x000310c0   0x000310c0   0x00000028   Code   RO         3060    i.rank_vars_update  peer_manager.o
    0x000310e8   0x000310e8   0x0000000e   Code   RO         6735    i.read              nrf_fstorage_sd.o
    0x000310f6   0x000310f6   0x00000002   PAD
    0x000310f8   0x000310f8   0x000000b0   Code   RO         2817    i.reattempt_previous_operations  peer_database.o
    0x000311a8   0x000311a8   0x00000088   Code   RO         5931    i.record_find       fds.o
    0x00031230   0x00031230   0x000000a0   Code   RO         5932    i.record_find_by_desc  fds.o
    0x000312d0   0x000312d0   0x0000005c   Code   RO         5933    i.record_find_next  fds.o
    0x0003132c   0x0003132c   0x00000038   Code   RO         5934    i.record_header_flag_dirty  fds.o
    0x00031364   0x00031364   0x00000088   Code   RO         5935    i.records_stat      fds.o
    0x000313ec   0x000313ec   0x00000038   Code   RO         1815    i.registered_handler_get  ble_db_discovery.o
    0x00031424   0x00031424   0x00000010   Code   RO         2938    i.release           peer_id.o
    0x00031434   0x00031434   0x00000134   Code   RO          843    i.remind            accel_wrapper.o
    0x00031568   0x00031568   0x00000004   Code   RO         6736    i.rmap              nrf_fstorage_sd.o
    0x0003156c   0x0003156c   0x0000003c   Code   RO         5639    i.rtc1_stop         app_timer.o
    0x000315a8   0x000315a8   0x00000002   Code   RO          594    i.rtc_handler       utils.o
    0x000315aa   0x000315aa   0x00000032   Code   RO         4580    i.rx_byte           nrfx_uart.o
    0x000315dc   0x000315dc   0x00000016   Code   RO         4581    i.rx_done_event     nrfx_uart.o
    0x000315f2   0x000315f2   0x00000016   Code   RO         4767    i.rx_done_event     nrfx_uarte.o
    0x00031608   0x00031608   0x00000024   Code   RO         1991    i.sc_send_pending_handle  gatt_cache_manager.o
    0x0003162c   0x0003162c   0x00000020   Code   RO           18    i.scan_evt_handler  main.o
    0x0003164c   0x0003164c   0x0000006c   Code   RO           19    i.scan_init         main.o
    0x000316b8   0x000316b8   0x0000001c   Code   RO           20    i.scan_start        main.o
    0x000316d4   0x000316d4   0x00000050   Code   RO         3781    i.sd_state_evt_handler  nrf_drv_clock.o
    0x00031724   0x00031724   0x00000030   Code   RO         7899    i.sdh_request_observer_notify  nrf_sdh.o
    0x00031754   0x00031754   0x0000002c   Code   RO         7900    i.sdh_state_observer_notify  nrf_sdh.o
    0x00031780   0x00031780   0x000000d8   Code   RO         3465    i.sec_info_request_process  security_dispatcher.o
    0x00031858   0x00031858   0x000000f4   Code   RO         3466    i.sec_keyset_fill   security_dispatcher.o
    0x0003194c   0x0003194c   0x00000076   Code   RO         3622    i.sec_params_verify  security_manager.o
    0x000319c2   0x000319c2   0x00000002   PAD
    0x000319c4   0x000319c4   0x00000060   Code   RO         3467    i.sec_proc_start    security_dispatcher.o
    0x00031a24   0x00031a24   0x0000000c   Code   RO         3468    i.sec_procedure     security_dispatcher.o
    0x00031a30   0x00031a30   0x00000022   Code   RO         3469    i.send_config_req   security_dispatcher.o
    0x00031a52   0x00031a52   0x00000002   PAD
    0x00031a54   0x00031a54   0x00000010   Code   RO         1574    i.send_error_evt    ble_conn_params.o
    0x00031a64   0x00031a64   0x00000028   Code   RO         1992    i.send_unexpected_error  gatt_cache_manager.o
    0x00031a8c   0x00031a8c   0x00000028   Code   RO         3470    i.send_unexpected_error  security_dispatcher.o
    0x00031ab4   0x00031ab4   0x00000040   Code   RO         7178    i.serial_tx         nrf_log_backend_uart.o
    0x00031af4   0x00031af4   0x00000070   Code   RO         1993    i.service_changed_cccd  gatt_cache_manager.o
    0x00031b64   0x00031b64   0x00000014   Code   RO         1994    i.service_changed_pending_flags_check  gatt_cache_manager.o
    0x00031b78   0x00031b78   0x00000094   Code   RO         2157    i.service_changed_pending_set  gatts_cache_manager.o
    0x00031c0c   0x00031c0c   0x00000104   Code   RO         1995    i.service_changed_send_in_evt  gatt_cache_manager.o
    0x00031d10   0x00031d10   0x00000088   Code   RO         1375    i.service_data_encode  ble_advdata.o
    0x00031d98   0x00031d98   0x0000000c   Code   RO          754    i.set_addr          storage.o
    0x00031da4   0x00031da4   0x000001c0   Code   RO          755    i.set_reminder      storage.o
    0x00031f64   0x00031f64   0x0000002c   Code   RO         3623    i.sm_ble_evt_handler  security_manager.o
    0x00031f90   0x00031f90   0x00000058   Code   RO         3625    i.sm_init           security_manager.o
    0x00031fe8   0x00031fe8   0x0000000a   Code   RO         3627    i.sm_link_secure    security_manager.o
    0x00031ff2   0x00031ff2   0x00000002   PAD
    0x00031ff4   0x00031ff4   0x00000044   Code   RO         3628    i.sm_pdb_evt_handler  security_manager.o
    0x00032038   0x00032038   0x00000034   Code   RO         3630    i.sm_sec_params_set  security_manager.o
    0x0003206c   0x0003206c   0x00000060   Code   RO         3631    i.sm_smd_evt_handler  security_manager.o
    0x000320cc   0x000320cc   0x00000124   Code   RO         3471    i.smd_ble_evt_handler  security_dispatcher.o
    0x000321f0   0x000321f0   0x00000068   Code   RO         3473    i.smd_init          security_dispatcher.o
    0x00032258   0x00032258   0x0000003a   Code   RO         3474    i.smd_link_secure   security_dispatcher.o
    0x00032292   0x00032292   0x00000002   PAD
    0x00032294   0x00032294   0x000000b0   Code   RO         3475    i.smd_params_reply  security_dispatcher.o
    0x00032344   0x00032344   0x00000040   Code   RO         3632    i.smd_params_reply_perform  security_manager.o
    0x00032384   0x00032384   0x00000018   Code   RO         3782    i.soc_evt_handler   nrf_drv_clock.o
    0x0003239c   0x0003239c   0x00000038   Code   RO         7901    i.softdevice_evt_irq_disable  nrf_sdh.o
    0x000323d4   0x000323d4   0x00000058   Code   RO         7902    i.softdevices_evt_irq_enable  nrf_sdh.o
    0x0003242c   0x0003242c   0x00000038   Code   RO         5266    i.spim_evt_handler  nrf_drv_spi.o
    0x00032464   0x00032464   0x000000bc   Code   RO         5319    i.spim_xfer         nrfx_spim.o
    0x00032520   0x00032520   0x0000008c   Code   RO         7314    i.std_n             nrf_log_frontend.o
    0x000325ac   0x000325ac   0x000000dc   Code   RO          756    i.storage_init      storage.o
    0x00032688   0x00032688   0x0000006c   Code   RO         1996    i.store_car_value   gatt_cache_manager.o
    0x000326f4   0x000326f4   0x0000001c   Code   RO          661    i.tag_init          response.o
    0x00032710   0x00032710   0x00000028   Code   RO          662    i.tag_present       response.o
    0x00032738   0x00032738   0x00000080   Code   RO         5640    i.timer_list_handler  app_timer.o
    0x000327b8   0x000327b8   0x0000003c   Code   RO         5641    i.timer_list_insert  app_timer.o
    0x000327f4   0x000327f4   0x00000060   Code   RO         5642    i.timer_list_remove  app_timer.o
    0x00032854   0x00032854   0x00000048   Code   RO         5643    i.timer_stop_op_schedule  app_timer.o
    0x0003289c   0x0003289c   0x00000074   Code   RO         5644    i.timer_timeouts_check  app_timer.o
    0x00032910   0x00032910   0x000000ba   Code   RO         4980    i.twi_irq_handler   nrfx_twi.o
    0x000329ca   0x000329ca   0x0000001e   Code   RO         4981    i.twi_process_error  nrfx_twi.o
    0x000329e8   0x000329e8   0x000000c8   Code   RO         4982    i.twi_rx_start_transfer  nrfx_twi.o
    0x00032ab0   0x00032ab0   0x00000028   Code   RO         4983    i.twi_send_byte     nrfx_twi.o
    0x00032ad8   0x00032ad8   0x00000104   Code   RO         4984    i.twi_transfer      nrfx_twi.o
    0x00032bdc   0x00032bdc   0x000000d0   Code   RO         4985    i.twi_tx_start_transfer  nrfx_twi.o
    0x00032cac   0x00032cac   0x00000094   Code   RO         4986    i.twi_xfer          nrfx_twi.o
    0x00032d40   0x00032d40   0x00000020   Code   RO         4583    i.tx_byte           nrfx_uart.o
    0x00032d60   0x00032d60   0x0000001a   Code   RO         4584    i.tx_done_event     nrfx_uart.o
    0x00032d7a   0x00032d7a   0x00000002   PAD
    0x00032d7c   0x00032d7c   0x00000030   Code   RO         3907    i.uart_evt_handler  nrf_drv_uart.o
    0x00032dac   0x00032dac   0x0000000c   Code   RO         7179    i.uart_evt_handler  nrf_log_backend_uart.o
    0x00032db8   0x00032db8   0x00000050   Code   RO         7180    i.uart_init         nrf_log_backend_uart.o
    0x00032e08   0x00032e08   0x00000128   Code   RO         4585    i.uart_irq_handler  nrfx_uart.o
    0x00032f30   0x00032f30   0x00000030   Code   RO         3908    i.uarte_evt_handler  nrf_drv_uart.o
    0x00032f60   0x00032f60   0x000000f2   Code   RO         4768    i.uarte_irq_handler  nrfx_uarte.o
    0x00033052   0x00033052   0x0000000a   Code   RO         1376    i.uint16_encode     ble_advdata.o
    0x0003305c   0x0003305c   0x00000020   Code   RO         6737    i.uninit            nrf_fstorage_sd.o
    0x0003307c   0x0003307c   0x000000b4   Code   RO         6601    i.unsigned_print    nrf_fprintf_format.o
    0x00033130   0x00033130   0x00000030   Code   RO         1997    i.update_pending_flags_check  gatt_cache_manager.o
    0x00033160   0x00033160   0x00000084   Code   RO          663    i.update_tag        response.o
    0x000331e4   0x000331e4   0x00000068   Code   RO         1575    i.update_timeout_handler  ble_conn_params.o
    0x0003324c   0x0003324c   0x00000018   Code   RO         1483    i.use_whitelist     ble_advertising.o
    0x00033264   0x00033264   0x0000000c   Code   RO         1660    i.user_flag_is_acquired  ble_conn_state.o
    0x00033270   0x00033270   0x00000024   Code   RO         2514    i.user_mem_reply    nrf_ble_qwr.o
    0x00033294   0x00033294   0x00000030   Code   RO         5645    i.user_op_alloc     app_timer.o
    0x000332c4   0x000332c4   0x00000030   Code   RO         1377    i.uuid_list_encode  ble_advdata.o
    0x000332f4   0x000332f4   0x0000009e   Code   RO         1378    i.uuid_list_sized_encode  ble_advdata.o
    0x00033392   0x00033392   0x00000004   Code   RO         6738    i.wmap              nrf_fstorage_sd.o
    0x00033396   0x00033396   0x00000002   PAD
    0x00033398   0x00033398   0x00000050   Code   RO         6739    i.write             nrf_fstorage_sd.o
    0x000333e8   0x000333e8   0x0000014c   Code   RO         2818    i.write_buf_store   peer_database.o
    0x00033534   0x00033534   0x00000034   Code   RO         2819    i.write_buffer_record_find  peer_database.o
    0x00033568   0x00033568   0x00000030   Code   RO         2820    i.write_buffer_record_find_next  peer_database.o
    0x00033598   0x00033598   0x0000001c   Code   RO         2821    i.write_buffer_record_invalidate  peer_database.o
    0x000335b4   0x000335b4   0x0000002c   Code   RO         2822    i.write_buffer_record_release  peer_database.o
    0x000335e0   0x000335e0   0x000000e8   Code   RO         5936    i.write_enqueue     fds.o
    0x000336c8   0x000336c8   0x000000f4   Code   RO         5937    i.write_execute     fds.o
    0x000337bc   0x000337bc   0x00000084   Code   RO         8519    i.write_reminders   display_wrapper.o
    0x00033840   0x00033840   0x00000018   Code   RO         5938    i.write_space_free  fds.o
    0x00033858   0x00033858   0x0000005c   Code   RO         5939    i.write_space_reserve  fds.o
    0x000338b4   0x000338b4   0x00000001   Data   RO           22    .constdata          main.o
    0x000338b5   0x000338b5   0x00000003   PAD
    0x000338b8   0x000338b8   0x00000010   Data   RO          529    .constdata          ble_cus.o
    0x000338c8   0x000338c8   0x00000010   Data   RO          595    .constdata          utils.o
    0x000338d8   0x000338d8   0x00000003   Data   RO          844    .constdata          accel_wrapper.o
    0x000338db   0x000338db   0x00000001   PAD
    0x000338dc   0x000338dc   0x00000003   Data   RO          970    .constdata          buzzer.o
    0x000338df   0x000338df   0x00000008   Data   RO         1037    .constdata          boards.o
    0x000338e7   0x000338e7   0x00000001   PAD
    0x000338e8   0x000338e8   0x0000002c   Data   RO         1145    .constdata          bsp.o
    0x00033914   0x00033914   0x0000007c   Data   RO         1817    .constdata          ble_db_discovery.o
    0x00033990   0x00033990   0x0000007c   Data   RO         1998    .constdata          gatt_cache_manager.o
    0x00033a0c   0x00033a0c   0x00000004   Data   RO         2158    .constdata          gatts_cache_manager.o
    0x00033a10   0x00033a10   0x00000010   Data   RO         2159    .constdata          gatts_cache_manager.o
    0x00033a20   0x00033a20   0x00000004   Data   RO         2160    .constdata          gatts_cache_manager.o
    0x00033a24   0x00033a24   0x00000008   Data   RO         2267    .constdata          id_manager.o
    0x00033a2c   0x00033a2c   0x00000016   Data   RO         2420    .constdata          nrf_ble_gatt.o
    0x00033a42   0x00033a42   0x00000002   PAD
    0x00033a44   0x00033a44   0x0000001c   Data   RO         2687    .constdata          peer_data_storage.o
    0x00033a60   0x00033a60   0x00000010   Data   RO         2824    .constdata          peer_database.o
    0x00033a70   0x00033a70   0x0000002c   Data   RO         3062    .constdata          peer_manager.o
    0x00033a9c   0x00033a9c   0x00000018   Data   RO         3327    .constdata          peer_manager_handler.o
    0x00033ab4   0x00033ab4   0x000000a4   Data   RO         3477    .constdata          security_dispatcher.o
    0x00033b58   0x00033b58   0x00000004   Data   RO         3633    .constdata          security_manager.o
    0x00033b5c   0x00033b5c   0x00000070   Data   RO         3784    .constdata          nrf_drv_clock.o
    0x00033bcc   0x00033bcc   0x0000002d   Data   RO         4112    .constdata          nrfx_clock.o
    0x00033bf9   0x00033bf9   0x00000003   PAD
    0x00033bfc   0x00033bfc   0x00000004   Data   RO         4274    .constdata          nrfx_gpiote.o
    0x00033c00   0x00033c00   0x00000004   Data   RO         4588    .constdata          nrfx_uart.o
    0x00033c04   0x00033c04   0x00000004   Data   RO         4771    .constdata          nrfx_uarte.o
    0x00033c08   0x00033c08   0x00000018   Data   RO         4989    .constdata          nrfx_twi.o
    0x00033c20   0x00033c20   0x00000032   Data   RO         5140    .constdata          nrfx_rtc.o
    0x00033c52   0x00033c52   0x00000002   PAD
    0x00033c54   0x00033c54   0x00000010   Data   RO         5268    .constdata          nrf_drv_spi.o
    0x00033c64   0x00033c64   0x00000004   Data   RO         5322    .constdata          nrfx_spim.o
    0x00033c68   0x00033c68   0x00000008   Data   RO         5430    .constdata          app_button.o
    0x00033c70   0x00033c70   0x00000006   Data   RO         5647    .constdata          app_timer.o
    0x00033c76   0x00033c76   0x00000002   PAD
    0x00033c78   0x00033c78   0x00000018   Data   RO         5942    .constdata          fds.o
    0x00033c90   0x00033c90   0x00000010   Data   RO         6602    .constdata          nrf_fprintf_format.o
    0x00033ca0   0x00033ca0   0x0000005e   Data   RO         6648    .constdata          nrf_fstorage.o
    0x00033cfe   0x00033cfe   0x00000002   PAD
    0x00033d00   0x00033d00   0x00000010   Data   RO         6742    .constdata          nrf_fstorage_sd.o
    0x00033d10   0x00033d10   0x00000020   Data   RO         6743    .constdata          nrf_fstorage_sd.o
    0x00033d30   0x00033d30   0x00000018   Data   RO         6921    .constdata          nrf_pwr_mgmt.o
    0x00033d48   0x00033d48   0x0000000c   Data   RO         6922    .constdata          nrf_pwr_mgmt.o
    0x00033d54   0x00033d54   0x0000013c   Data   RO         7085    .constdata          nrf_strerror.o
    0x00033e90   0x00033e90   0x0000000c   Data   RO         7182    .constdata          nrf_log_backend_uart.o
    0x00033e9c   0x00033e9c   0x00000020   Data   RO         7183    .constdata          nrf_log_backend_uart.o
    0x00033ebc   0x00033ebc   0x0000000c   Data   RO         7319    .constdata          nrf_log_frontend.o
    0x00033ec8   0x00033ec8   0x00000010   Data   RO         7903    .constdata          nrf_sdh.o
    0x00033ed8   0x00033ed8   0x00000028   Data   RO         7904    .constdata          nrf_sdh.o
    0x00033f00   0x00033f00   0x00000010   Data   RO         7905    .constdata          nrf_sdh.o
    0x00033f10   0x00033f10   0x00000010   Data   RO         7906    .constdata          nrf_sdh.o
    0x00033f20   0x00033f20   0x00000020   Data   RO         8014    .constdata          nrf_sdh_ble.o
    0x00033f40   0x00033f40   0x00000010   Data   RO         8015    .constdata          nrf_sdh_ble.o
    0x00033f50   0x00033f50   0x00000010   Data   RO         8065    .constdata          nrf_sdh_soc.o
    0x00033f60   0x00033f60   0x0000000c   Data   RO         8066    .constdata          nrf_sdh_soc.o
    0x00033f6c   0x00033f6c   0x00000018   Data   RO         8235    .constdata          nrf_drv_mpu_twi.o
    0x00033f84   0x00033f84   0x0000051c   Data   RO         8324    .constdata          cfaf.o
    0x000344a0   0x000344a0   0x00000005   Data   RO         8520    .constdata          display_wrapper.o
    0x000344a5   0x000344a5   0x00000081   Data   RO         8622    .constdata          mc_w.l(ctype_o.o)
    0x00034526   0x00034526   0x00000002   PAD
    0x00034528   0x00034528   0x00000004   Data   RO         8623    .constdata          mc_w.l(ctype_o.o)
    0x0003452c   0x0003452c   0x000001d1   Data   RO          758    .conststring        storage.o
    0x000346fd   0x000346fd   0x00000003   PAD
    0x00034700   0x00034700   0x000000a2   Data   RO         1818    .conststring        ble_db_discovery.o
    0x000347a2   0x000347a2   0x00000002   PAD
    0x000347a4   0x000347a4   0x000001a4   Data   RO         1999    .conststring        gatt_cache_manager.o
    0x00034948   0x00034948   0x0000019c   Data   RO         2161    .conststring        gatts_cache_manager.o
    0x00034ae4   0x00034ae4   0x000000a2   Data   RO         2421    .conststring        nrf_ble_gatt.o
    0x00034b86   0x00034b86   0x00000002   PAD
    0x00034b88   0x00034b88   0x000000e8   Data   RO         2688    .conststring        peer_data_storage.o
    0x00034c70   0x00034c70   0x00000180   Data   RO         2825    .conststring        peer_database.o
    0x00034df0   0x00034df0   0x00000090   Data   RO         3063    .conststring        peer_manager.o
    0x00034e80   0x00034e80   0x000002ca   Data   RO         3328    .conststring        peer_manager_handler.o
    0x0003514a   0x0003514a   0x00000002   PAD
    0x0003514c   0x0003514c   0x00000306   Data   RO         3478    .conststring        security_dispatcher.o
    0x00035452   0x00035452   0x00000002   PAD
    0x00035454   0x00035454   0x0000017b   Data   RO         3634    .conststring        security_manager.o
    0x000355cf   0x000355cf   0x00000001   PAD
    0x000355d0   0x000355d0   0x0000004f   Data   RO         6649    .conststring        nrf_fstorage.o
    0x0003561f   0x0003561f   0x00000001   PAD
    0x00035620   0x00035620   0x000003eb   Data   RO         7086    .conststring        nrf_strerror.o
    0x00035a0b   0x00035a0b   0x00000001   PAD
    0x00035a0c   0x00035a0c   0x00000066   Data   RO         7480    .conststring        nrf_log_str_formatter.o
    0x00035a72   0x00035a72   0x00000002   PAD
    0x00035a74   0x00035a74   0x00000188   Data   RO         8016    .conststring        nrf_sdh_ble.o
    0x00035bfc   0x00035bfc   0x0000000c   Data   RO         1819    .conststrlit        ble_db_discovery.o
    0x00035c08   0x00035c08   0x00000011   Data   RO         2000    .conststrlit        gatt_cache_manager.o
    0x00035c19   0x00035c19   0x00000003   PAD
    0x00035c1c   0x00035c1c   0x00000012   Data   RO         2162    .conststrlit        gatts_cache_manager.o
    0x00035c2e   0x00035c2e   0x00000002   PAD
    0x00035c30   0x00035c30   0x00000010   Data   RO         2269    .conststrlit        id_manager.o
    0x00035c40   0x00035c40   0x0000000d   Data   RO         2422    .conststrlit        nrf_ble_gatt.o
    0x00035c4d   0x00035c4d   0x00000003   PAD
    0x00035c50   0x00035c50   0x00000009   Data   RO         2568    .conststrlit        nrf_ble_scan.o
    0x00035c59   0x00035c59   0x00000003   PAD
    0x00035c5c   0x00035c5c   0x00000011   Data   RO         2689    .conststrlit        peer_data_storage.o
    0x00035c6d   0x00035c6d   0x00000003   PAD
    0x00035c70   0x00035c70   0x00000011   Data   RO         2826    .conststrlit        peer_database.o
    0x00035c81   0x00035c81   0x00000003   PAD
    0x00035c84   0x00035c84   0x0000000d   Data   RO         3064    .conststrlit        peer_manager.o
    0x00035c91   0x00035c91   0x00000003   PAD
    0x00035c94   0x00035c94   0x00000015   Data   RO         3330    .conststrlit        peer_manager_handler.o
    0x00035ca9   0x00035ca9   0x00000003   PAD
    0x00035cac   0x00035cac   0x00000011   Data   RO         3479    .conststrlit        security_dispatcher.o
    0x00035cbd   0x00035cbd   0x00000003   PAD
    0x00035cc0   0x00035cc0   0x00000010   Data   RO         3635    .conststrlit        security_manager.o
    0x00035cd0   0x00035cd0   0x00000006   Data   RO         3785    .conststrlit        nrf_drv_clock.o
    0x00035cd6   0x00035cd6   0x00000002   PAD
    0x00035cd8   0x00035cd8   0x00000006   Data   RO         4113    .conststrlit        nrfx_clock.o
    0x00035cde   0x00035cde   0x00000002   PAD
    0x00035ce0   0x00035ce0   0x00000007   Data   RO         4278    .conststrlit        nrfx_gpiote.o
    0x00035ce7   0x00035ce7   0x00000001   PAD
    0x00035ce8   0x00035ce8   0x00000004   Data   RO         4511    .conststrlit        nrfx_prs.o
    0x00035cec   0x00035cec   0x00000005   Data   RO         4591    .conststrlit        nrfx_uart.o
    0x00035cf1   0x00035cf1   0x00000003   PAD
    0x00035cf4   0x00035cf4   0x00000006   Data   RO         4774    .conststrlit        nrfx_uarte.o
    0x00035cfa   0x00035cfa   0x00000002   PAD
    0x00035cfc   0x00035cfc   0x00000004   Data   RO         4992    .conststrlit        nrfx_twi.o
    0x00035d00   0x00035d00   0x00000004   Data   RO         5141    .conststrlit        nrfx_rtc.o
    0x00035d04   0x00035d04   0x00000005   Data   RO         5325    .conststrlit        nrfx_spim.o
    0x00035d09   0x00035d09   0x00000003   PAD
    0x00035d0c   0x00035d0c   0x0000000d   Data   RO         6650    .conststrlit        nrf_fstorage.o
    0x00035d19   0x00035d19   0x00000003   PAD
    0x00035d1c   0x00035d1c   0x00000009   Data   RO         6923    .conststrlit        nrf_pwr_mgmt.o
    0x00035d25   0x00035d25   0x00000003   PAD
    0x00035d28   0x00035d28   0x00000011   Data   RO         7254    .conststrlit        nrf_log_default_backends.o
    0x00035d39   0x00035d39   0x00000003   PAD
    0x00035d3c   0x00035d3c   0x00000004   Data   RO         7320    .conststrlit        nrf_log_frontend.o
    0x00035d40   0x00035d40   0x00000008   Data   RO         7907    .conststrlit        nrf_sdh.o
    0x00035d48   0x00035d48   0x0000000c   Data   RO         8017    .conststrlit        nrf_sdh_ble.o
    0x00035d54   0x00035d54   0x0000000c   Data   RO         8067    .conststrlit        nrf_sdh_soc.o
    0x00035d60   0x00035d60   0x00000020   Data   RO         8713    Region$$Table       anon$$obj.o
    0x00035d80   0x00035d80   0x00000010   Data   RO         7256    log_backends        nrf_log_default_backends.o
    0x00035d90   0x00035d90   0x00000008   Data   RO         1821    log_const_data      ble_db_discovery.o
    0x00035d98   0x00035d98   0x00000008   Data   RO         2002    log_const_data      gatt_cache_manager.o
    0x00035da0   0x00035da0   0x00000008   Data   RO         2164    log_const_data      gatts_cache_manager.o
    0x00035da8   0x00035da8   0x00000008   Data   RO         2271    log_const_data      id_manager.o
    0x00035db0   0x00035db0   0x00000008   Data   RO         2423    log_const_data      nrf_ble_gatt.o
    0x00035db8   0x00035db8   0x00000008   Data   RO         2569    log_const_data      nrf_ble_scan.o
    0x00035dc0   0x00035dc0   0x00000008   Data   RO         2691    log_const_data      peer_data_storage.o
    0x00035dc8   0x00035dc8   0x00000008   Data   RO         2828    log_const_data      peer_database.o
    0x00035dd0   0x00035dd0   0x00000008   Data   RO         3066    log_const_data      peer_manager.o
    0x00035dd8   0x00035dd8   0x00000008   Data   RO         3333    log_const_data      peer_manager_handler.o
    0x00035de0   0x00035de0   0x00000008   Data   RO         3481    log_const_data      security_dispatcher.o
    0x00035de8   0x00035de8   0x00000008   Data   RO         3637    log_const_data      security_manager.o
    0x00035df0   0x00035df0   0x00000008   Data   RO         3786    log_const_data      nrf_drv_clock.o
    0x00035df8   0x00035df8   0x00000008   Data   RO         4115    log_const_data      nrfx_clock.o
    0x00035e00   0x00035e00   0x00000008   Data   RO         4279    log_const_data      nrfx_gpiote.o
    0x00035e08   0x00035e08   0x00000008   Data   RO         4513    log_const_data      nrfx_prs.o
    0x00035e10   0x00035e10   0x00000008   Data   RO         4592    log_const_data      nrfx_uart.o
    0x00035e18   0x00035e18   0x00000008   Data   RO         4775    log_const_data      nrfx_uarte.o
    0x00035e20   0x00035e20   0x00000008   Data   RO         4993    log_const_data      nrfx_twi.o
    0x00035e28   0x00035e28   0x00000008   Data   RO         5143    log_const_data      nrfx_rtc.o
    0x00035e30   0x00035e30   0x00000008   Data   RO         5326    log_const_data      nrfx_spim.o
    0x00035e38   0x00035e38   0x00000008   Data   RO         6651    log_const_data      nrf_fstorage.o
    0x00035e40   0x00035e40   0x00000008   Data   RO         6925    log_const_data      nrf_pwr_mgmt.o
    0x00035e48   0x00035e48   0x00000008   Data   RO         7323    log_const_data      nrf_log_frontend.o
    0x00035e50   0x00035e50   0x00000008   Data   RO         7909    log_const_data      nrf_sdh.o
    0x00035e58   0x00035e58   0x00000008   Data   RO         8019    log_const_data      nrf_sdh_ble.o
    0x00035e60   0x00035e60   0x00000008   Data   RO         8068    log_const_data      nrf_sdh_soc.o
    0x00035e68   0x00035e68   0x00000014   Data   RO         7324    nrf_balloc          nrf_log_frontend.o
    0x00035e7c   0x00035e7c   0x00000008   Data   RO         1662    sdh_ble_observers0  ble_conn_state.o
    0x00035e84   0x00035e84   0x00000028   Data   RO           25    sdh_ble_observers1  main.o
    0x00035eac   0x00035eac   0x00000008   Data   RO         1248    sdh_ble_observers1  bsp_btn_ble.o
    0x00035eb4   0x00035eb4   0x00000008   Data   RO         1578    sdh_ble_observers1  ble_conn_params.o
    0x00035ebc   0x00035ebc   0x00000008   Data   RO         3067    sdh_ble_observers1  peer_manager.o
    0x00035ec4   0x00035ec4   0x00000020   Data   RO           26    sdh_ble_observers2  main.o
    0x00035ee4   0x00035ee4   0x00000008   Data   RO           27    sdh_ble_observers3  main.o
    0x00035eec   0x00035eec   0x00000008   Data   RO         6745    sdh_req_observers0  nrf_fstorage_sd.o
    0x00035ef4   0x00035ef4   0x00000008   Data   RO         3787    sdh_soc_observers0  nrf_drv_clock.o
    0x00035efc   0x00035efc   0x00000008   Data   RO         6746    sdh_soc_observers0  nrf_fstorage_sd.o
    0x00035f04   0x00035f04   0x00000008   Data   RO           28    sdh_soc_observers1  main.o
    0x00035f0c   0x00035f0c   0x00000008   Data   RO         8020    sdh_stack_observers0  nrf_sdh_ble.o
    0x00035f14   0x00035f14   0x00000008   Data   RO         8069    sdh_stack_observers0  nrf_sdh_soc.o
    0x00035f1c   0x00035f1c   0x00000008   Data   RO         3788    sdh_state_observers0  nrf_drv_clock.o
    0x00035f24   0x00035f24   0x00000008   Data   RO         6747    sdh_state_observers0  nrf_fstorage_sd.o


    Execution Region RW_IRAM1 (Exec base: 0x20002d60, Load base: 0x00035f2c, Size: 0x000041e0, Max: 0x0000d2a0, ABSOLUTE, COMPRESSED[0x00000104])

    Exec Addr    Load Addr    Size         Type   Attr      Idx    E Section Name        Object

    0x20002d60   COMPRESSED   0x00000598   Data   RW           23    .data               main.o
    0x200032f8   COMPRESSED   0x0000001e   Data   RW           24    .data               main.o
    0x20003316   COMPRESSED   0x00000002   Data   RW          596    .data               utils.o
    0x20003318   COMPRESSED   0x00000004   Data   RW          664    .data               response.o
    0x2000331c   COMPRESSED   0x0000005c   Data   RW          759    .data               storage.o
    0x20003378   COMPRESSED   0x0000000c   Data   RW          845    .data               accel_wrapper.o
    0x20003384   COMPRESSED   0x00000010   Data   RW         1146    .data               bsp.o
    0x20003394   COMPRESSED   0x00000008   Data   RW         1247    .data               bsp_btn_ble.o
    0x2000339c   COMPRESSED   0x00000008   Data   RW         1577    .data               ble_conn_params.o
    0x200033a4   COMPRESSED   0x00000010   Data   RW         1820    .data               ble_db_discovery.o
    0x200033b4   COMPRESSED   0x00000010   Data   RW         2001    .data               gatt_cache_manager.o
    0x200033c4   COMPRESSED   0x0000000c   Data   RW         2163    .data               gatts_cache_manager.o
    0x200033d0   COMPRESSED   0x0000000c   Data   RW         2690    .data               peer_data_storage.o
    0x200033dc   COMPRESSED   0x00000008   Data   RW         2827    .data               peer_database.o
    0x200033e4   COMPRESSED   0x00000010   Data   RW         3065    .data               peer_manager.o
    0x200033f4   COMPRESSED   0x00000060   Data   RW         3331    .data               peer_manager_handler.o
    0x20003454   COMPRESSED   0x00000005   Data   RW         3480    .data               security_dispatcher.o
    0x20003459   COMPRESSED   0x00000003   PAD
    0x2000345c   COMPRESSED   0x00000015   Data   RW         3636    .data               security_manager.o
    0x20003471   COMPRESSED   0x00000003   PAD
    0x20003474   COMPRESSED   0x0000000c   Data   RW         3909    .data               nrf_drv_uart.o
    0x20003480   COMPRESSED   0x00000008   Data   RW         4114    .data               nrfx_clock.o
    0x20003488   COMPRESSED   0x00000008   Data   RW         4512    .data               nrfx_prs.o
    0x20003490   COMPRESSED   0x00000010   Data   RW         5142    .data               nrfx_rtc.o
    0x200034a0   COMPRESSED   0x00000020   Data   RW         5431    .data               app_button.o
    0x200034c0   COMPRESSED   0x00000014   Data   RW         5648    .data               app_timer.o
    0x200034d4   COMPRESSED   0x00000030   Data   RW         5943    .data               fds.o
    0x20003504   COMPRESSED   0x00000008   Data   RW         6744    .data               nrf_fstorage_sd.o
    0x2000350c   COMPRESSED   0x00000008   Data   RW         6924    .data               nrf_pwr_mgmt.o
    0x20003514   COMPRESSED   0x00000018   Data   RW         7184    .data               nrf_log_backend_uart.o
    0x2000352c   COMPRESSED   0x00000008   Data   RW         7255    .data               nrf_log_default_backends.o
    0x20003534   COMPRESSED   0x00000008   Data   RW         7321    .data               nrf_log_frontend.o
    0x2000353c   COMPRESSED   0x00000008   Data   RW         7322    .data               nrf_log_frontend.o
    0x20003544   COMPRESSED   0x00000040   Data   RW         7481    .data               nrf_log_str_formatter.o
    0x20003584   COMPRESSED   0x00000003   Data   RW         7908    .data               nrf_sdh.o
    0x20003587   COMPRESSED   0x00000001   Data   RW         8018    .data               nrf_sdh_ble.o
    0x20003588   COMPRESSED   0x00000002   Data   RW         8236    .data               nrf_drv_mpu_twi.o
    0x2000358a   COMPRESSED   0x00000012   Data   RW         8521    .data               display_wrapper.o
    0x2000359c   COMPRESSED   0x00000004   Data   RW         8578    .data               system_nrf52.o
    0x200035a0   COMPRESSED   0x00000004   Data   RW         8708    .data               mc_w.l(mvars.o)
    0x200035a4   COMPRESSED   0x00000004   Data   RW         8709    .data               mc_w.l(mvars.o)
    0x200035a8   COMPRESSED   0x00000014   Data   RW         5944    fs_data             fds.o
    0x200035bc        -       0x00000404   Zero   RW           21    .bss                main.o
    0x200039c0        -       0x00000464   Zero   RW          757    .bss                storage.o
    0x20003e24        -       0x00000020   Zero   RW         1141    .bss                bsp.o
    0x20003e44        -       0x00000020   Zero   RW         1142    .bss                bsp.o
    0x20003e64        -       0x0000000c   Zero   RW         1143    .bss                bsp.o
    0x20003e70        -       0x00000020   Zero   RW         1144    .bss                bsp.o
    0x20003e90        -       0x00000050   Zero   RW         1576    .bss                ble_conn_params.o
    0x20003ee0        -       0x00000078   Zero   RW         1661    .bss                ble_conn_state.o
    0x20003f58        -       0x00000318   Zero   RW         1816    .bss                ble_db_discovery.o
    0x20004270        -       0x000000d8   Zero   RW         2266    .bss                id_manager.o
    0x20004348        -       0x00000180   Zero   RW         2823    .bss                peer_database.o
    0x200044c8        -       0x00000040   Zero   RW         2939    .bss                peer_id.o
    0x20004508        -       0x0000000c   Zero   RW         3061    .bss                peer_manager.o
    0x20004514        -       0x00000040   Zero   RW         3476    .bss                security_dispatcher.o
    0x20004554        -       0x00000014   Zero   RW         3783    .bss                nrf_drv_clock.o
    0x20004568        -       0x0000005c   Zero   RW         4273    .bss                nrfx_gpiote.o
    0x200045c4        -       0x0000002c   Zero   RW         4586    .bss                nrfx_uart.o
    0x200045f0        -       0x00000024   Zero   RW         4769    .bss                nrfx_uarte.o
    0x20004614        -       0x0000003c   Zero   RW         4987    .bss                nrfx_twi.o
    0x20004650        -       0x00000018   Zero   RW         5267    .bss                nrf_drv_spi.o
    0x20004668        -       0x00000024   Zero   RW         5320    .bss                nrfx_spim.o
    0x2000468c        -       0x00000020   Zero   RW         5429    .bss                app_button.o
    0x200046ac        -       0x0000010c   Zero   RW         5646    .bss                app_timer.o
    0x200047b8        -       0x0000000c   Zero   RW         5799    .bss                app_util_platform.o
    0x200047c4        -       0x00000010   Zero   RW         5940    .bss                fds.o
    0x200047d4        -       0x000000e0   Zero   RW         5941    .bss                fds.o
    0x200048b4        -       0x00000010   Zero   RW         6740    .bss                nrf_fstorage_sd.o
    0x200048c4        -       0x000000a0   Zero   RW         6741    .bss                nrf_fstorage_sd.o
    0x20004964        -       0x0000000c   Zero   RW         6920    .bss                nrf_pwr_mgmt.o
    0x20004970        -       0x00000040   Zero   RW         7181    .bss                nrf_log_backend_uart.o
    0x200049b0        -       0x000000c0   Zero   RW         7315    .bss                nrf_log_frontend.o
    0x20004a70        -       0x00000080   Zero   RW         7316    .bss                nrf_log_frontend.o
    0x20004af0        -       0x00000018   Zero   RW         7317    .bss                nrf_log_frontend.o
    0x20004b08        -       0x00000424   Zero   RW         7318    .bss                nrf_log_frontend.o
    0x20004f2c        -       0x0000000e   Zero   RW         8234    .bss                nrf_drv_mpu_twi.o
    0x20004f3a   COMPRESSED   0x00000006   PAD
    0x20004f40        -       0x00000000   Zero   RW         8567    HEAP                arm_startup_nrf52.o
    0x20004f40        -       0x00002000   Zero   RW         8566    STACK               arm_startup_nrf52.o


==============================================================================

Image component sizes


      Code (inc. data)   RO Data    RW Data    ZI Data      Debug   Object Name

       572        242          3         12          0      31863   accel_wrapper.o
       444         38          8         32         32       4978   app_button.o
        22          0          0          0          0       2521   app_error.o
       132         46          0          0          0      30645   app_error_weak.o
        96          0          0          0          0       6229   app_mpu.o
         0          0          0          0          0      37146   app_scheduler.o
      1510        118          6         20        268      49327   app_timer.o
       124         14          0          0         12       9774   app_util_platform.o
        36          8        512          0       8192        956   arm_startup_nrf52.o
      1574          0          0          0          0      56268   ble_advdata.o
      1022          6          0          0          0      12160   ble_advertising.o
       636         44          8          8         80       9551   ble_conn_params.o
       774         60          8          0        120      16203   ble_conn_state.o
       542         48         16          0          0       9950   ble_cus.o
      1610         80        306         16        792      17694   ble_db_discovery.o
         8          0          0          0          0       1530   ble_srv_common.o
       346         34          8          0          0      13465   boards.o
       910         80         44         16        108      13707   bsp.o
       222         10          8          8          0       4275   bsp_btn_ble.o
       194         58          3          0          0      12885   buzzer.o
      1988         98       1308          0          0      32312   cfaf.o
       168         28          5         18          0       2811   display_wrapper.o
      3734        328         24         68        240      52030   fds.o
      2164        556        569         16          0      35399   gatt_cache_manager.o
       686         84        462         12          0      16943   gatts_cache_manager.o
       946         34         32          0        216      15656   id_manager.o
      1772        326         89       1462       1028     221990   main.o
       342          0          0          0          0       6990   nrf_atfifo.o
       170          0          0          0          0       4968   nrf_atflags.o
       332          0          0          0          0      10570   nrf_atomic.o
       164          0          0          0          0       3776   nrf_balloc.o
       964        272        205          0          0      37055   nrf_ble_gatt.o
       240          0          0          0          0       4054   nrf_ble_qwr.o
      1166         44         17          0          0      14531   nrf_ble_scan.o
       352         80        142          0         20      40279   nrf_drv_clock.o
       348         48         24          2         14      10598   nrf_drv_mpu_twi.o
       168         18         16          0         24      11163   nrf_drv_spi.o
       200         26          0         12          0      18216   nrf_drv_uart.o
        50          0          0          0          0       3673   nrf_fprintf.o
       866          4         16          0          0       5686   nrf_fprintf_format.o
      1052        442        194          0          0       9231   nrf_fstorage.o
       798         82         72          8        176      16623   nrf_fstorage_sd.o
       200          0          0          0          0      11741   nrf_log_backend_serial.o
       232         44         44         24         64      21590   nrf_log_backend_uart.o
        28          4         33          8          0       3453   nrf_log_default_backends.o
      1680        118         44         16       1404      33395   nrf_log_frontend.o
       570        108        102         64          0       5872   nrf_log_str_formatter.o
       346          0          0          0          0       9887   nrf_memobj.o
       108         16         53          8         12      35642   nrf_pwr_mgmt.o
        28          0          0          0          0       2479   nrf_ringbuf.o
       552         60        104          3          0      42264   nrf_sdh.o
       672        230        468          1          0       6061   nrf_sdh_ble.o
        60          4         56          0          0       2584   nrf_sdh_soc.o
        78          0          0          0          0       2924   nrf_section_iter.o
        76         10       1319          0          0       2879   nrf_strerror.o
       338         94         59          8          0      44921   nrfx_clock.o
      1222         92         19          0         92      61523   nrfx_gpiote.o
       112         16         12          8          0       4708   nrfx_prs.o
       492         92         62         16          0      13798   nrfx_rtc.o
       854         22         17          0         36      21758   nrfx_spim.o
        94          4          0          0          0       5003   nrfx_systick.o
      1536         46         36          0         60      28470   nrfx_twi.o
      1288         40         17          0         44      31005   nrfx_uart.o
      1126         44         18          0         36      25495   nrfx_uarte.o
      1152        144        285         12          0      16698   peer_data_storage.o
      1442        260        425          8        384      20114   peer_database.o
       314         38          0          0         64       9595   peer_id.o
      1778        456        217         16         12      20847   peer_manager.o
      1824        862        767         96          0      10083   peer_manager_handler.o
       234          0          0          0          0       5671   pm_buffer.o
       466        104          0          4          0      11142   response.o
      2278        284        963          5         64      31279   security_dispatcher.o
      1108        114        407         21          0      50658   security_manager.o
      1626        702        465         92       1124      38577   storage.o
       796         70          0          4          0       3031   system_nrf52.o
       122         42         16          2          0       6411   utils.o

    ----------------------------------------------------------------------
     54376       7476      10225       2132      14724    1557239   Object Totals
         0          0         32          0          0          0   (incl. Generated)
       100          0         80          6          6          0   (incl. Padding)

    ----------------------------------------------------------------------

      Code (inc. data)   RO Data    RW Data    ZI Data      Debug   Library Member Name

        86          0          0          0          0          0   __dczerorl2.o
         8          4        133          0          0         68   ctype_o.o
         0          0          0          0          0          0   entry.o
         0          0          0          0          0          0   entry10a.o
         0          0          0          0          0          0   entry11a.o
         8          4          0          0          0          0   entry2.o
         4          0          0          0          0          0   entry5.o
         0          0          0          0          0          0   entry7b.o
         0          0          0          0          0          0   entry8b.o
         8          4          0          0          0          0   entry9a.o
        30          0          0          0          0          0   handlers.o
        36          8          0          0          0         68   init.o
        30          0          0          0          0         68   llshl.o
        32          0          0          0          0         68   llushr.o
       108         16          0          0          0         84   malloc.o
        26          0          0          0          0         80   memcmp.o
        36          0          0          0          0         68   memcpya.o
        36          0          0          0          0        108   memseta.o
         0          0          0          8          0          0   mvars.o
        28          0          0          0          0         76   strcmp.o
        14          0          0          0          0         68   strlen.o
        98          0          0          0          0         92   uldiv.o

    ----------------------------------------------------------------------
       588         36        135          8          0        848   Library Totals
         0          0          2          0          0          0   (incl. Padding)

    ----------------------------------------------------------------------

      Code (inc. data)   RO Data    RW Data    ZI Data      Debug   Library Name

       588         36        133          8          0        848   mc_w.l

    ----------------------------------------------------------------------
       588         36        135          8          0        848   Library Totals

    ----------------------------------------------------------------------

==============================================================================


      Code (inc. data)   RO Data    RW Data    ZI Data      Debug   

     54964       7512      10360       2140      14724    1494559   Grand Totals
     54964       7512      10360        260      14724    1494559   ELF Image Totals (compressed)
     54964       7512      10360        260          0          0   ROM Totals

==============================================================================

    Total RO  Size (Code + RO Data)                65324 (  63.79kB)
    Total RW  Size (RW Data + ZI Data)             16864 (  16.47kB)
    Total ROM Size (Code + RO Data + RW Data)      65584 (  64.05kB)

==============================================================================

