Component: ARM Compiler 5.06 update 6 (build 750) Tool: armlink [4d35ed]

==============================================================================

Section Cross References

    main.o(i.adv_scan_start) refers to nrf_fstorage.o(i.nrf_fstorage_is_busy) for nrf_fstorage_is_busy
    main.o(i.adv_scan_start) refers to main.o(i.scan_start) for scan_start
    main.o(i.adv_scan_start) refers to boards.o(i.bsp_board_led_on) for bsp_board_led_on
    main.o(i.adv_scan_start) refers to ble_advertising.o(i.ble_advertising_start) for ble_advertising_start
    main.o(i.adv_scan_start) refers to app_error.o(i.app_error_handler_bare) for app_error_handler_bare
    main.o(i.adv_scan_start) refers to main.o(.bss) for .bss
    main.o(i.assert_nrf_callback) refers to app_error_handler_keil.o(.emb_text) for app_error_handler
    main.o(i.ble_evt_handler) refers to ble_conn_state.o(i.ble_conn_state_role) for ble_conn_state_role
    main.o(i.ble_evt_handler) refers to main.o(i.on_ble_central_evt) for on_ble_central_evt
    main.o(i.ble_evt_handler) refers to main.o(i.on_ble_peripheral_evt) for on_ble_peripheral_evt
    main.o(i.conn_params_error_handler) refers to app_error.o(i.app_error_handler_bare) for app_error_handler_bare
    main.o(i.gap_params_init) refers to app_error.o(i.app_error_handler_bare) for app_error_handler_bare
    main.o(i.gap_params_init) refers to main.o(.bss) for .bss
    main.o(i.idle_state_handle) refers to nrf_log_frontend.o(i.nrf_log_frontend_dequeue) for nrf_log_frontend_dequeue
    main.o(i.idle_state_handle) refers to nrf_pwr_mgmt.o(i.nrf_pwr_mgmt_run) for nrf_pwr_mgmt_run
    main.o(i.main) refers to nrf_log_frontend.o(i.nrf_log_init) for nrf_log_init
    main.o(i.main) refers to app_error.o(i.app_error_handler_bare) for app_error_handler_bare
    main.o(i.main) refers to nrf_log_default_backends.o(i.nrf_log_default_backends_init) for nrf_log_default_backends_init
    main.o(i.main) refers to app_timer.o(i.app_timer_init) for app_timer_init
    main.o(i.main) refers to nrf_pwr_mgmt.o(i.nrf_pwr_mgmt_init) for nrf_pwr_mgmt_init
    main.o(i.main) refers to nrf_sdh.o(i.nrf_sdh_enable_request) for nrf_sdh_enable_request
    main.o(i.main) refers to nrf_sdh_ble.o(i.nrf_sdh_ble_default_cfg_set) for nrf_sdh_ble_default_cfg_set
    main.o(i.main) refers to nrf_sdh_ble.o(i.nrf_sdh_ble_enable) for nrf_sdh_ble_enable
    main.o(i.main) refers to main.o(i.scan_init) for scan_init
    main.o(i.main) refers to main.o(i.gap_params_init) for gap_params_init
    main.o(i.main) refers to nrf_ble_gatt.o(i.nrf_ble_gatt_init) for nrf_ble_gatt_init
    main.o(i.main) refers to memseta.o(.text) for __aeabi_memclr4
    main.o(i.main) refers to ble_conn_params.o(i.ble_conn_params_init) for ble_conn_params_init
    main.o(i.main) refers to ble_db_discovery.o(i.ble_db_discovery_init) for ble_db_discovery_init
    main.o(i.main) refers to main.o(i.peer_manager_init) for peer_manager_init
    main.o(i.main) refers to ble_cus.o(i.ble_cus_init) for ble_cus_init
    main.o(i.main) refers to ble_advertising.o(i.ble_advertising_init) for ble_advertising_init
    main.o(i.main) refers to ble_advertising.o(i.ble_advertising_conn_cfg_tag_set) for ble_advertising_conn_cfg_tag_set
    main.o(i.main) refers to nrf_log_frontend.o(i.nrf_log_frontend_std_0) for nrf_log_frontend_std_0
    main.o(i.main) refers to peer_manager.o(i.pm_peers_delete) for pm_peers_delete
    main.o(i.main) refers to main.o(i.adv_scan_start) for adv_scan_start
    main.o(i.main) refers to nrfx_gpiote.o(i.nrfx_gpiote_init) for nrfx_gpiote_init
    main.o(i.main) refers to utils.o(i.my_init) for my_init
    main.o(i.main) refers to storage.o(i.storage_init) for storage_init
    main.o(i.main) refers to main.o(i.idle_state_handle) for idle_state_handle
    main.o(i.main) refers to main.o(.bss) for .bss
    main.o(i.main) refers to main.o(i.conn_params_error_handler) for conn_params_error_handler
    main.o(i.main) refers to main.o(i.db_disc_handler) for db_disc_handler
    main.o(i.main) refers to main.o(.data) for .data
    main.o(i.main) refers to main.o(i.on_adv_evt) for on_adv_evt
    main.o(i.main) refers to nrf_log_frontend.o(log_const_data) for m_nrf_log_app_logs_data_const
    main.o(i.multi_qwr_conn_handle_assign) refers to nrf_ble_qwr.o(i.nrf_ble_qwr_conn_handle_assign) for nrf_ble_qwr_conn_handle_assign
    main.o(i.multi_qwr_conn_handle_assign) refers to app_error.o(i.app_error_handler_bare) for app_error_handler_bare
    main.o(i.multi_qwr_conn_handle_assign) refers to main.o(.bss) for .bss
    main.o(i.on_adv_evt) refers to nrf_log_frontend.o(i.nrf_log_frontend_std_0) for nrf_log_frontend_std_0
    main.o(i.on_adv_evt) refers to boards.o(i.bsp_board_led_on) for bsp_board_led_on
    main.o(i.on_adv_evt) refers to ble_advertising.o(i.ble_advertising_start) for ble_advertising_start
    main.o(i.on_adv_evt) refers to app_error.o(i.app_error_handler_bare) for app_error_handler_bare
[...]

    Execution Region ER_IROM1 (Exec base: 0x00026000, Load base: 0x00026000, Size: 0x0000d7b8, Max: 0x0005a000, ABSOLUTE)

    Exec Addr    Load Addr    Size         Type   Attr      Idx    E Section Name        Object

    0x00026000   0x00026000   0x00000200   Data   RO         8455    RESET               arm_startup_nrf52.o
    0x00026200   0x00026200   0x00000000   Code   RO         8496  * .ARM.Collect$$$$00000000  mc_w.l(entry.o)
    0x00026200   0x00026200   0x00000004   Code   RO         8578    .ARM.Collect$$$$00000001  mc_w.l(entry2.o)
    0x00026204   0x00026204   0x00000004   Code   RO         8581    .ARM.Collect$$$$00000004  mc_w.l(entry5.o)
    0x00026208   0x00026208   0x00000000   Code   RO         8583    .ARM.Collect$$$$00000008  mc_w.l(entry7b.o)
    0x00026208   0x00026208   0x00000000   Code   RO         8585    .ARM.Collect$$$$0000000A  mc_w.l(entry8b.o)
    0x00026208   0x00026208   0x00000008   Code   RO         8586    .ARM.Collect$$$$0000000B  mc_w.l(entry9a.o)
    0x00026210   0x00026210   0x00000000   Code   RO         8588    .ARM.Collect$$$$0000000D  mc_w.l(entry10a.o)
    0x00026210   0x00026210   0x00000000   Code   RO         8590    .ARM.Collect$$$$0000000F  mc_w.l(entry11a.o)
    0x00026210   0x00026210   0x00000004   Code   RO         8579    .ARM.Collect$$$$00002712  mc_w.l(entry2.o)
    0x00026214   0x00026214   0x000000c8   Code   RO         6121    .emb_text           nrf_atfifo.o
    0x000262dc   0x000262dc   0x000000e2   Code   RO         6257    .emb_text           nrf_atomic.o
    0x000263be   0x000263be   0x00000002   PAD
    0x000263c0   0x000263c0   0x00000024   Code   RO         8456    .text               arm_startup_nrf52.o
    0x000263e4   0x000263e4   0x00000008   Code   RO         8508    .text               mc_w.l(ctype_o.o)
    0x000263ec   0x000263ec   0x00000024   Code   RO         8536    .text               mc_w.l(memcpya.o)
    0x00026410   0x00026410   0x00000024   Code   RO         8538    .text               mc_w.l(memseta.o)
    0x00026434   0x00026434   0x0000000e   Code   RO         8540    .text               mc_w.l(strlen.o)
    0x00026442   0x00026442   0x0000001c   Code   RO         8542    .text               mc_w.l(strcmp.o)
    0x0002645e   0x0002645e   0x0000001a   Code   RO         8544    .text               mc_w.l(memcmp.o)
    0x00026478   0x00026478   0x00000024   Code   RO         8598    .text               mc_w.l(init.o)
    0x0002649c   0x0002649c   0x00000056   Code   RO         8608    .text               mc_w.l(__dczerorl2.o)
    0x000264f2   0x000264f2   0x00000002   PAD
    0x000264f4   0x000264f4   0x00000164   Code   RO         4236    i.GPIOTE_IRQHandler  nrfx_gpiote.o
    0x00026658   0x00026658   0x00000016   Code   RO         5491    i.NVIC_ClearPendingIRQ  app_timer.o
    0x0002666e   0x0002666e   0x00000016   Code   RO         5492    i.NVIC_EnableIRQ    app_timer.o
    0x00026684   0x00026684   0x00000016   Code   RO         5493    i.NVIC_SetPendingIRQ  app_timer.o
    0x0002669a   0x0002669a   0x00000020   Code   RO         5494    i.NVIC_SetPriority  app_timer.o
    0x000266ba   0x000266ba   0x00000002   PAD
    0x000266bc   0x000266bc   0x00000058   Code   RO         4099    i.POWER_CLOCK_IRQHandler  nrfx_clock.o
    0x00026714   0x00026714   0x00000010   Code   RO         4985    i.RTC0_IRQHandler   nrfx_rtc.o
    0x00026724   0x00026724   0x00000024   Code   RO         5495    i.RTC1_IRQHandler   app_timer.o
    0x00026748   0x00026748   0x00000010   Code   RO         4986    i.RTC2_IRQHandler   nrfx_rtc.o
    0x00026758   0x00026758   0x00000010   Code   RO         5166    i.SPIM0_SPIS0_TWIM0_TWIS0_SPI0_TWI0_IRQHandler  nrfx_spim.o
    0x00026768   0x00026768   0x00000010   Code   RO         5167    i.SPIM1_SPIS1_TWIM1_TWIS1_SPI1_TWI1_IRQHandler  nrfx_spim.o
    0x00026778   0x00026778   0x00000004   Code   RO         5496    i.SWI0_EGU0_IRQHandler  app_timer.o
    0x0002677c   0x0002677c   0x00000004   Code   RO         7760    i.SWI2_EGU2_IRQHandler  nrf_sdh.o
    0x00026780   0x00026780   0x0000031c   Code   RO         8464    i.SystemInit        system_nrf52.o
    0x00026a9c   0x00026a9c   0x0000000c   Code   RO         4508    i.UARTE0_UART0_IRQHandler  nrfx_prs.o
    0x00026aa8   0x00026aa8   0x0000000e   Code   RO         8602    i.__scatterload_copy  mc_w.l(handlers.o)
    0x00026ab6   0x00026ab6   0x00000002   Code   RO         8603    i.__scatterload_null  mc_w.l(handlers.o)
    0x00026ab8   0x00026ab8   0x0000000e   Code   RO         8604    i.__scatterload_zeroinit  mc_w.l(handlers.o)
    0x00026ac6   0x00026ac6   0x00000002   PAD
    0x00026ac8   0x00026ac8   0x00000024   Code   RO         7761    i.__sd_nvic_app_accessible_irq  nrf_sdh.o
    0x00026aec   0x00026aec   0x0000013c   Code   RO         3319    i._conn_secure      peer_manager_handler.o
    0x00026c28   0x00026c28   0x0000001c   Code   RO         1639    i.active_flag_count  ble_conn_state.o
    0x00026c44   0x00026c44   0x00000074   Code   RO          656    i.add_tag           response.o
    0x00026cb8   0x00026cb8   0x00000026   Code   RO         2245    i.addr_compare      id_manager.o
    0x00026cde   0x00026cde   0x0000000c   Code   RO         6509    i.addr_is_aligned32  nrf_fstorage.o
    0x00026cea   0x00026cea   0x00000018   Code   RO         6510    i.addr_is_within_bounds  nrf_fstorage.o
    0x00026d02   0x00026d02   0x00000022   Code   RO          657    i.address_equal     response.o
    0x00026d24   0x00026d24   0x00000030   Code   RO            4    i.adv_scan_start    main.o
    0x00026d54   0x00026d54   0x00000036   Code   RO         1245    i.advertising_buttons_configure  bsp_btn_ble.o
    0x00026d8a   0x00026d8a   0x00000052   Code   RO         2246    i.ah                id_manager.o
    0x00026ddc   0x00026ddc   0x0000000c   Code   RO         3454    i.allow_repairing   security_dispatcher.o
    0x00026de8   0x00026de8   0x00000084   Code   RO         5406    i.app_error_fault_handler  app_error_weak.o
    0x00026e6c   0x00026e6c   0x00000016   Code   RO         5350    i.app_error_handler_bare  app_error.o
    0x00026e82   0x00026e82   0x00000002   PAD
    0x00026e84   0x00026e84   0x00000028   Code   RO         5499    i.app_timer_create  app_timer.o
    0x00026eac   0x00026eac   0x00000054   Code   RO         5500    i.app_timer_init    app_timer.o
    0x00026f00   0x00026f00   0x00000088   Code   RO         5503    i.app_timer_start   app_timer.o
    0x00026f88   0x00026f88   0x00000020   Code   RO         5504    i.app_timer_stop    app_timer.o
    0x00026fa8   0x00026fa8   0x00000048   Code   RO         5664    i.app_util_critical_region_enter  app_util_platform.o
    0x00026ff0   0x00026ff0   0x00000034   Code   RO         5665    i.app_util_critical_region_exit  app_util_platform.o
    0x00027024   0x00027024   0x00000088   Code   RO         4562    i.apply_config      nrfx_uart.o
    0x000270ac   0x000270ac   0x00000088   Code   RO         4750    i.apply_config      nrfx_uarte.o
    0x00027134   0x00027134   0x00000004   Code   RO         1979    i.apply_pending_handle  gatt_cache_manager.o
    0x00027138   0x00027138   0x00000180   Code   RO         3455    i.auth_status_success_process  security_dispatcher.o
    0x000272b8   0x000272b8   0x00000182   Code   RO         1367    i.ble_advdata_encode  ble_advdata.o
    0x0002743a   0x0002743a   0x00000044   Code   RO         1368    i.ble_advdata_name_find  ble_advdata.o
    0x0002747e   0x0002747e   0x00000020   Code   RO         1369    i.ble_advdata_parse  ble_advdata.o
    0x0002749e   0x0002749e   0x00000038   Code   RO         1370    i.ble_advdata_search  ble_advdata.o
    0x000274d6   0x000274d6   0x000000b6   Code   RO         1372    i.ble_advdata_uuid_find  ble_advdata.o
    0x0002758c   0x0002758c   0x00000006   Code   RO         1474    i.ble_advertising_conn_cfg_tag_set  ble_advertising.o
    0x00027592   0x00027592   0x00000002   PAD
    0x00027594   0x00027594   0x0000010e   Code   RO         1475    i.ble_advertising_init  ble_advertising.o
    0x000276a2   0x000276a2   0x0000006a   Code   RO         1477    i.ble_advertising_on_ble_evt  ble_advertising.o
    0x0002770c   0x0002770c   0x00000002   Code   RO         1478    i.ble_advertising_on_sys_evt  ble_advertising.o
    0x0002770e   0x0002770e   0x0000022c   Code   RO         1481    i.ble_advertising_start  ble_advertising.o
    0x0002793a   0x0002793a   0x00000002   PAD
    0x0002793c   0x0002793c   0x00000068   Code   RO         1570    i.ble_conn_params_init  ble_conn_params.o
    0x000279a4   0x000279a4   0x0000001c   Code   RO         1641    i.ble_conn_state_central_conn_count  ble_conn_state.o
    0x000279c0   0x000279c0   0x00000020   Code   RO         1646    i.ble_conn_state_encrypted  ble_conn_state.o
    0x000279e0   0x000279e0   0x0000002c   Code   RO         1648    i.ble_conn_state_for_each_set_user_flag  ble_conn_state.o
    0x00027a0c   0x00027a0c   0x00000020   Code   RO         1650    i.ble_conn_state_mitm_protected  ble_conn_state.o
    0x00027a2c   0x00027a2c   0x00000024   Code   RO         1653    i.ble_conn_state_role  ble_conn_state.o
    0x00027a50   0x00027a50   0x00000024   Code   RO         1654    i.ble_conn_state_status  ble_conn_state.o
    0x00027a74   0x00027a74   0x00000018   Code   RO         1655    i.ble_conn_state_user_flag_acquire  ble_conn_state.o
    0x00027a8c   0x00027a8c   0x00000030   Code   RO         1656    i.ble_conn_state_user_flag_get  ble_conn_state.o
    0x00027abc   0x00027abc   0x00000040   Code   RO         1657    i.ble_conn_state_user_flag_set  ble_conn_state.o
    0x00027afc   0x00027afc   0x00000014   Code   RO         1658    i.ble_conn_state_valid  ble_conn_state.o
    0x00027b10   0x00027b10   0x00000062   Code   RO          526    i.ble_cus_custom_value_update  ble_cus.o
    0x00027b72   0x00027b72   0x00000002   PAD
    0x00027b74   0x00027b74   0x00000054   Code   RO          527    i.ble_cus_init      ble_cus.o
    0x00027bc8   0x00027bc8   0x0000002a   Code   RO          528    i.ble_cus_on_ble_evt  ble_cus.o
    0x00027bf2   0x00027bf2   0x00000002   PAD
    0x00027bf4   0x00027bf4   0x0000001c   Code   RO         1804    i.ble_db_discovery_init  ble_db_discovery.o
    0x00027c10   0x00027c10   0x00000090   Code   RO         1805    i.ble_db_discovery_on_ble_evt  ble_db_discovery.o
    0x00027ca0   0x00027ca0   0x00000060   Code   RO         1373    i.ble_device_addr_encode  ble_advdata.o
    0x00027d00   0x00027d00   0x00000032   Code   RO            6    i.ble_evt_handler   main.o
    0x00027d32   0x00027d32   0x00000002   PAD
    0x00027d34   0x00027d34   0x00000070   Code   RO         1246    i.ble_evt_handler   bsp_btn_ble.o
    0x00027da4   0x00027da4   0x000000fc   Code   RO         1572    i.ble_evt_handler   ble_conn_params.o
    0x00027ea0   0x00027ea0   0x00000104   Code   RO         1659    i.ble_evt_handler   ble_conn_state.o
    0x00027fa4   0x00027fa4   0x00000028   Code   RO         3019    i.ble_evt_handler   peer_manager.o
    0x00027fcc   0x00027fcc   0x00000008   Code   RO         1922    i.ble_srv_is_notification_enabled  ble_srv_common.o
    0x00027fd4   0x00027fd4   0x00000010   Code   RO         1030    i.bsp_board_led_off  boards.o
    0x00027fe4   0x00027fe4   0x00000010   Code   RO         1031    i.bsp_board_led_on  boards.o
    0x00027ff4   0x00027ff4   0x00000044   Code   RO         1133    i.bsp_event_to_button_action_assign  bsp.o
    0x00028038   0x00028038   0x00000090   Code   RO         7160    i.buf_prealloc      nrf_log_frontend.o
    0x000280c8   0x000280c8   0x0000002e   Code   RO         6469    i.buffer_add        nrf_fprintf_format.o
    0x000280f6   0x000280f6   0x00000002   PAD
    0x000280f8   0x000280f8   0x00000014   Code   RO         7161    i.buffer_is_empty   nrf_log_frontend.o
    0x0002810c   0x0002810c   0x00000028   Code   RO         1980    i.car_update_needed  gatt_cache_manager.o
    0x00028134   0x00028134   0x00000040   Code   RO         1981    i.car_update_pending_handle  gatt_cache_manager.o
    0x00028174   0x00028174   0x0000001c   Code   RO         4237    i.channel_free      nrfx_gpiote.o
    0x00028190   0x00028190   0x00000010   Code   RO         4239    i.channel_port_get  nrfx_gpiote.o
    0x000281a0   0x000281a0   0x00000042   Code   RO         1807    i.characteristics_discover  ble_db_discovery.o
    0x000281e2   0x000281e2   0x0000003e   Code   RO         2929    i.claim             peer_id.o
    0x00028220   0x00028220   0x00000028   Code   RO         3768    i.clock_clk_started_notify  nrf_drv_clock.o
    0x00028248   0x00028248   0x0000001c   Code   RO         3769    i.clock_irq_handler  nrf_drv_clock.o
    0x00028264   0x00028264   0x000000ac   Code   RO         5506    i.compare_reg_update  app_timer.o
    0x00028310   0x00028310   0x0000003e   Code   RO         1660    i.conn_handle_list_get  ble_conn_state.o
    0x0002834e   0x0002834e   0x00000088   Code   RO         1374    i.conn_int_encode   ble_advdata.o
    0x000283d6   0x000283d6   0x00000004   Code   RO            7    i.conn_params_error_handler  main.o
    0x000283da   0x000283da   0x00000002   PAD
    0x000283dc   0x000283dc   0x00000048   Code   RO         1573    i.conn_params_negotiation  ble_conn_params.o
    0x00028424   0x00028424   0x00000044   Code   RO         3456    i.conn_sec_failure  security_dispatcher.o
    0x00028468   0x00028468   0x00000004   Code   RO         3320    i.conn_secure       peer_manager_handler.o
    0x0002846c   0x0002846c   0x00000048   Code   RO          749    i.crc32             storage.o
    0x000284b4   0x000284b4   0x00000024   Code   RO          750    i.crc32_for_byte    storage.o
    0x000284d8   0x000284d8   0x00000104   Code   RO          751    i.create_user       storage.o
    0x000285dc   0x000285dc   0x00000082   Code   RO          529    i.custom_value_char_add  ble_cus.o
    0x0002865e   0x0002865e   0x00000002   PAD
    0x00028660   0x00028660   0x000000c0   Code   RO         2411    i.data_length_update  nrf_ble_gatt.o
    0x00028720   0x00028720   0x00000002   Code   RO            8    i.db_disc_handler   main.o
    0x00028722   0x00028722   0x00000002   PAD
    0x00028724   0x00028724   0x00000030   Code   RO         1982    i.db_update_pending_handle  gatt_cache_manager.o
    0x00028754   0x00028754   0x00000080   Code   RO         5759    i.delete_execute    fds.o
    0x000287d4   0x000287d4   0x0000008c   Code   RO         1808    i.descriptors_discover  ble_db_discovery.o
    0x00028860   0x00028860   0x00000090   Code   RO         1809    i.discovery_complete_evt_trigger  ble_db_discovery.o
    0x000288f0   0x000288f0   0x0000003c   Code   RO         1810    i.discovery_error_evt_trigger  ble_db_discovery.o
    0x0002892c   0x0002892c   0x0000005c   Code   RO         1811    i.discovery_start   ble_db_discovery.o
    0x00028988   0x00028988   0x00000014   Code   RO         7162    i.dropped_sat16_get  nrf_log_frontend.o
    0x0002899c   0x0002899c   0x00000040   Code   RO         5507    i.elapsed_ticks_acquire  app_timer.o
    0x000289dc   0x000289dc   0x0000000a   Code   RO         3457    i.encryption_failure  security_dispatcher.o
    0x000289e6   0x000289e6   0x00000002   PAD
    0x000289e8   0x000289e8   0x0000004c   Code   RO         6596    i.erase             nrf_fstorage_sd.o
    0x00028a34   0x00028a34   0x00000074   Code   RO         5760    i.event_prepare     fds.o
    0x00028aa8   0x00028aa8   0x00000020   Code   RO         5761    i.event_send        fds.o
    0x00028ac8   0x00028ac8   0x00000054   Code   RO         6597    i.event_send        nrf_fstorage_sd.o
    0x00028b1c   0x00028b1c   0x000000ac   Code   RO         3615    i.events_send_from_err_code  security_manager.o
    0x00028bc8   0x00028bc8   0x0000001c   Code   RO         1983    i.evt_send          gatt_cache_manager.o
    0x00028be4   0x00028be4   0x0000001c   Code   RO         2150    i.evt_send          gatts_cache_manager.o
    0x00028c00   0x00028c00   0x0000002c   Code   RO         3020    i.evt_send          peer_manager.o
    0x00028c2c   0x00028c2c   0x0000001c   Code   RO         3458    i.evt_send          security_dispatcher.o
    0x00028c48   0x00028c48   0x0000000c   Code   RO         3616    i.evt_send          security_manager.o
    0x00028c54   0x00028c54   0x000000cc   Code   RO          752    i.fds_evt_handler   storage.o
    0x00028d20   0x00028d20   0x000000ec   Code   RO         2670    i.fds_evt_handler   peer_data_storage.o
    0x00028e0c   0x00028e0c   0x00000044   Code   RO         5763    i.fds_file_delete   fds.o
    0x00028e50   0x00028e50   0x0000003c   Code   RO         5764    i.fds_gc            fds.o
    0x00028e8c   0x00028e8c   0x000000e0   Code   RO         5765    i.fds_init          fds.o
    0x00028f6c   0x00028f6c   0x00000040   Code   RO         5766    i.fds_record_close  fds.o
    0x00028fac   0x00028fac   0x0000000e   Code   RO         5768    i.fds_record_find   fds.o
    0x00028fba   0x00028fba   0x00000010   Code   RO         5769    i.fds_record_find_by_key  fds.o
    0x00028fca   0x00028fca   0x00000010   Code   RO         5770    i.fds_record_find_in_file  fds.o
    0x00028fda   0x00028fda   0x00000010   Code   RO         5771    i.fds_record_id_from_desc  fds.o
    0x00028fea   0x00028fea   0x00000002   PAD
    0x00028fec   0x00028fec   0x00000048   Code   RO         5773    i.fds_record_open   fds.o
    0x00029034   0x00029034   0x0000000e   Code   RO         5774    i.fds_record_update  fds.o
    0x00029042   0x00029042   0x00000008   Code   RO         5775    i.fds_record_write  fds.o
    0x0002904a   0x0002904a   0x00000002   PAD
    0x0002904c   0x0002904c   0x0000002c   Code   RO         5777    i.fds_register      fds.o
    0x00029078   0x00029078   0x0000009c   Code   RO         5780    i.fds_stat          fds.o
    0x00029114   0x00029114   0x00000014   Code   RO         2671    i.file_id_within_pm_range  peer_data_storage.o
    0x00029128   0x00029128   0x00000012   Code   RO         3459    i.flag_id_init      security_dispatcher.o
    0x0002913a   0x0002913a   0x00000012   Code   RO         3617    i.flag_id_init      security_manager.o
    0x0002914c   0x0002914c   0x00000028   Code   RO         1483    i.flags_set         ble_advertising.o
    0x00029174   0x00029174   0x00000030   Code   RO         3618    i.flags_set_from_err_code  security_manager.o
    0x000291a4   0x000291a4   0x00000030   Code   RO         1661    i.for_each_set_flag  ble_conn_state.o
    0x000291d4   0x000291d4   0x00000006   Code   RO         5781    i.fs_event_handler  fds.o
    0x000291da   0x000291da   0x00000002   PAD
    0x000291dc   0x000291dc   0x00000064   Code   RO            9    i.gap_params_init   main.o
    0x00029240   0x00029240   0x0000007c   Code   RO         5782    i.gc_execute        fds.o
    0x000292bc   0x000292bc   0x0000004c   Code   RO         5783    i.gc_next_page      fds.o
    0x00029308   0x00029308   0x00000040   Code   RO         5784    i.gc_page_erase     fds.o
    0x00029348   0x00029348   0x00000034   Code   RO         5785    i.gc_record_copy    fds.o
    0x0002937c   0x0002937c   0x00000024   Code   RO         5786    i.gc_record_find_next  fds.o
    0x000293a0   0x000293a0   0x00000088   Code   RO         5787    i.gc_state_advance  fds.o
    0x00029428   0x00029428   0x00000230   Code   RO         1984    i.gcm_ble_evt_handler  gatt_cache_manager.o
    0x00029658   0x00029658   0x0000003c   Code   RO         1985    i.gcm_im_evt_handler  gatt_cache_manager.o
    0x00029694   0x00029694   0x00000094   Code   RO         1986    i.gcm_init          gatt_cache_manager.o
    0x00029728   0x00029728   0x00000088   Code   RO         1989    i.gcm_pdb_evt_handler  gatt_cache_manager.o
    0x000297b0   0x000297b0   0x00000054   Code   RO          753    i.generate_userid   storage.o
    0x00029804   0x00029804   0x00000030   Code   RO          659    i.get_tag           response.o
    0x00029834   0x00029834   0x0000001c   Code   RO         2151    i.gscm_db_change_notification_done  gatts_cache_manager.o
    0x00029850   0x00029850   0x00000014   Code   RO         2152    i.gscm_init         gatts_cache_manager.o
    0x00029864   0x00029864   0x00000090   Code   RO         2154    i.gscm_local_db_cache_apply  gatts_cache_manager.o
    0x000298f4   0x000298f4   0x000000ac   Code   RO         2155    i.gscm_local_db_cache_update  gatts_cache_manager.o
    0x000299a0   0x000299a0   0x00000018   Code   RO         2156    i.gscm_pdb_evt_handler  gatts_cache_manager.o
    0x000299b8   0x000299b8   0x0000001e   Code   RO         2157    i.gscm_service_changed_ind_needed  gatts_cache_manager.o
    0x000299d6   0x000299d6   0x00000002   PAD
    0x000299d8   0x000299d8   0x0000005c   Code   RO         2158    i.gscm_service_changed_ind_send  gatts_cache_manager.o
    0x00029a34   0x00029a34   0x00000026   Code   RO         5788    i.header_check      fds.o
    0x00029a5a   0x00029a5a   0x00000012   Code   RO         5789    i.header_has_next   fds.o
    0x00029a6c   0x00029a6c   0x00000014   Code   RO           10    i.idle_state_handle  main.o
    0x00029a80   0x00029a80   0x00000046   Code   RO         2247    i.im_address_resolve  id_manager.o
    0x00029ac6   0x00029ac6   0x00000002   PAD
    0x00029ac8   0x00029ac8   0x00000038   Code   RO         2248    i.im_ble_addr_get   id_manager.o
    0x00029b00   0x00029b00   0x000000dc   Code   RO         2249    i.im_ble_evt_handler  id_manager.o
    0x00029bdc   0x00029bdc   0x00000040   Code   RO         2250    i.im_conn_handle_get  id_manager.o
    0x00029c1c   0x00029c1c   0x00000038   Code   RO         2252    i.im_find_duplicate_bonding_data  id_manager.o
    0x00029c54   0x00029c54   0x00000072   Code   RO         2255    i.im_is_duplicate_bonding_data  id_manager.o
    0x00029cc6   0x00029cc6   0x00000018   Code   RO         2256    i.im_master_id_is_valid  id_manager.o
    0x00029cde   0x00029cde   0x0000002a   Code   RO         2257    i.im_master_ids_compare  id_manager.o
    0x00029d08   0x00029d08   0x00000014   Code   RO         2258    i.im_new_peer_id    id_manager.o
    0x00029d1c   0x00029d1c   0x0000002c   Code   RO         2259    i.im_peer_free      id_manager.o
    0x00029d48   0x00029d48   0x00000024   Code   RO         2260    i.im_peer_id_get_by_conn_handle  id_manager.o
    0x00029d6c   0x00029d6c   0x0000003c   Code   RO         2261    i.im_peer_id_get_by_master_id  id_manager.o
    0x00029da8   0x00029da8   0x00000034   Code   RO         6598    i.init              nrf_fstorage_sd.o
    0x00029ddc   0x00029ddc   0x000000c8   Code   RO         5790    i.init_execute      fds.o
    0x00029ea4   0x00029ea4   0x00000014   Code   RO         1574    i.instance_get      ble_conn_params.o
    0x00029eb8   0x00029eb8   0x000000a6   Code   RO         6470    i.int_print         nrf_fprintf_format.o
    0x00029f5e   0x00029f5e   0x00000002   PAD
    0x00029f60   0x00029f60   0x0000007c   Code   RO         4751    i.interrupts_enable  nrfx_uarte.o
    0x00029fdc   0x00029fdc   0x00000034   Code   RO         7163    i.invalid_packets_omit  nrf_log_frontend.o
    0x0002a010   0x0002a010   0x000000a0   Code   RO         4987    i.irq_handler       nrfx_rtc.o
    0x0002a0b0   0x0002a0b0   0x0000004a   Code   RO         5168    i.irq_handler       nrfx_spim.o
    0x0002a0fa   0x0002a0fa   0x00000002   PAD
    0x0002a0fc   0x0002a0fc   0x00000010   Code   RO         6599    i.is_busy           nrf_fstorage_sd.o
    0x0002a10c   0x0002a10c   0x00000044   Code   RO         1575    i.is_conn_params_ok  ble_conn_params.o
    0x0002a150   0x0002a150   0x0000004c   Code   RO         1812    i.is_desc_discovery_reqd  ble_db_discovery.o
    0x0002a19c   0x0002a19c   0x00000030   Code   RO          660    i.is_tag            response.o
    0x0002a1cc   0x0002a1cc   0x00000014   Code   RO         2266    i.is_valid_irk      id_manager.o
    0x0002a1e0   0x0002a1e0   0x00000018   Code   RO         2554    i.is_whitelist_used  nrf_ble_scan.o
    0x0002a1f8   0x0002a1f8   0x0000000c   Code   RO         5791    i.is_word_aligned   fds.o
    0x0002a204   0x0002a204   0x00000014   Code   RO          661    i.last_tag          response.o
    0x0002a218   0x0002a218   0x00000014   Code   RO         2412    i.link_init         nrf_ble_gatt.o
    0x0002a22c   0x0002a22c   0x000000d0   Code   RO         3619    i.link_secure       security_manager.o
    0x0002a2fc   0x0002a2fc   0x0000000a   Code   RO         3460    i.link_secure_authenticate  security_dispatcher.o
    0x0002a306   0x0002a306   0x00000002   PAD
    0x0002a308   0x0002a308   0x00000068   Code   RO         3461    i.link_secure_central  security_dispatcher.o
    0x0002a370   0x0002a370   0x00000094   Code   RO         3462    i.link_secure_central_encryption  security_dispatcher.o
    0x0002a404   0x0002a404   0x00000032   Code   RO         3463    i.link_secure_failure  security_dispatcher.o
    0x0002a436   0x0002a436   0x00000002   PAD
    0x0002a438   0x0002a438   0x0000002c   Code   RO         3620    i.link_secure_pending_handle  security_manager.o
    0x0002a464   0x0002a464   0x000000f8   Code   RO         5508    i.list_insertions_handler  app_timer.o
    0x0002a55c   0x0002a55c   0x000000a8   Code   RO         1990    i.local_db_apply_in_evt  gatt_cache_manager.o
    0x0002a604   0x0002a604   0x00000010   Code   RO         1991    i.local_db_update   gatt_cache_manager.o
    0x0002a614   0x0002a614   0x0000010c   Code   RO         1992    i.local_db_update_in_evt  gatt_cache_manager.o
    0x0002a720   0x0002a720   0x0000009c   Code   RO         7164    i.log_skip          nrf_log_frontend.o
    0x0002a7bc   0x0002a7bc   0x000001f0   Code   RO           11    i.main              main.o
    0x0002a9ac   0x0002a9ac   0x0000006c   Code   RO         8551    i.malloc            mc_w.l(malloc.o)
    0x0002aa18   0x0002aa18   0x00000064   Code   RO         1375    i.manuf_specific_data_encode  ble_advdata.o
    0x0002aa7c   0x0002aa7c   0x0000007e   Code   RO         6708    i.memobj_op         nrf_memobj.o
    0x0002aafa   0x0002aafa   0x00000002   PAD
    0x0002aafc   0x0002aafc   0x00000030   Code   RO         7165    i.module_idx_get    nrf_log_frontend.o
    0x0002ab2c   0x0002ab2c   0x00000044   Code   RO           12    i.multi_qwr_conn_handle_assign  main.o
    0x0002ab70   0x0002ab70   0x00000008   Code   RO         3407    i.mutex_lock_status_get  pm_buffer.o
    0x0002ab78   0x0002ab78   0x00000078   Code   RO          595    i.my_init           utils.o
    0x0002abf0   0x0002abf0   0x000000a6   Code   RO         1376    i.name_encode       ble_advdata.o
    0x0002ac96   0x0002ac96   0x00000002   PAD
    0x0002ac98   0x0002ac98   0x00000014   Code   RO         3621    i.new_context_get   security_manager.o
    0x0002acac   0x0002acac   0x00000030   Code   RO         2930    i.next_id_get       peer_id.o
    0x0002acdc   0x0002acdc   0x00000010   Code   RO         6123    i.nrf_atfifo_clear  nrf_atfifo.o
    0x0002acec   0x0002acec   0x00000026   Code   RO         6125    i.nrf_atfifo_init   nrf_atfifo.o
    0x0002ad12   0x0002ad12   0x00000016   Code   RO         6126    i.nrf_atfifo_item_alloc  nrf_atfifo.o
    0x0002ad28   0x0002ad28   0x00000016   Code   RO         6127    i.nrf_atfifo_item_free  nrf_atfifo.o
    0x0002ad3e   0x0002ad3e   0x00000016   Code   RO         6128    i.nrf_atfifo_item_get  nrf_atfifo.o
    0x0002ad54   0x0002ad54   0x00000016   Code   RO         6129    i.nrf_atfifo_item_put  nrf_atfifo.o
    0x0002ad6a   0x0002ad6a   0x00000016   Code   RO         6191    i.nrf_atflags_clear  nrf_atflags.o
    0x0002ad80   0x0002ad80   0x00000020   Code   RO         6193    i.nrf_atflags_fetch_set  nrf_atflags.o
    0x0002ada0   0x0002ada0   0x0000004a   Code   RO         6195    i.nrf_atflags_find_and_set_flag  nrf_atflags.o
    0x0002adea   0x0002adea   0x00000016   Code   RO         6196    i.nrf_atflags_get   nrf_atflags.o
    0x0002ae00   0x0002ae00   0x00000014   Code   RO         6198    i.nrf_atflags_set   nrf_atflags.o
    0x0002ae14   0x0002ae14   0x00000006   Code   RO         6259    i.nrf_atomic_flag_clear_fetch  nrf_atomic.o
    0x0002ae1a   0x0002ae1a   0x00000006   Code   RO         6260    i.nrf_atomic_flag_set  nrf_atomic.o
    0x0002ae20   0x0002ae20   0x00000006   Code   RO         6261    i.nrf_atomic_flag_set_fetch  nrf_atomic.o
    0x0002ae26   0x0002ae26   0x0000000c   Code   RO         6262    i.nrf_atomic_u32_add  nrf_atomic.o
    0x0002ae32   0x0002ae32   0x0000000c   Code   RO         6263    i.nrf_atomic_u32_and  nrf_atomic.o
    0x0002ae3e   0x0002ae3e   0x0000000a   Code   RO         6265    i.nrf_atomic_u32_fetch_add  nrf_atomic.o
    0x0002ae48   0x0002ae48   0x0000000a   Code   RO         6266    i.nrf_atomic_u32_fetch_and  nrf_atomic.o
    0x0002ae52   0x0002ae52   0x0000000a   Code   RO         6267    i.nrf_atomic_u32_fetch_or  nrf_atomic.o
    0x0002ae5c   0x0002ae5c   0x0000000a   Code   RO         6268    i.nrf_atomic_u32_fetch_store  nrf_atomic.o
    0x0002ae66   0x0002ae66   0x0000000c   Code   RO         6272    i.nrf_atomic_u32_or  nrf_atomic.o
    0x0002ae72   0x0002ae72   0x0000000c   Code   RO         6274    i.nrf_atomic_u32_sub  nrf_atomic.o
    0x0002ae7e   0x0002ae7e   0x00000044   Code   RO         6393    i.nrf_balloc_alloc  nrf_balloc.o
    0x0002aec2   0x0002aec2   0x00000030   Code   RO         6394    i.nrf_balloc_free   nrf_balloc.o
    0x0002aef2   0x0002aef2   0x00000030   Code   RO         6395    i.nrf_balloc_init   nrf_balloc.o
    0x0002af22   0x0002af22   0x00000010   Code   RO         4240    i.nrf_bitmask_bit_is_set  nrfx_gpiote.o
    0x0002af32   0x0002af32   0x00000014   Code   RO         4241    i.nrf_bitmask_bit_set  nrfx_gpiote.o
    0x0002af46   0x0002af46   0x0000002c   Code   RO         2418    i.nrf_ble_gatt_init  nrf_ble_gatt.o
    0x0002af72   0x0002af72   0x00000002   PAD
    0x0002af74   0x0002af74   0x00000170   Code   RO         2419    i.nrf_ble_gatt_on_ble_evt  nrf_ble_gatt.o
    0x0002b0e4   0x0002b0e4   0x00000016   Code   RO         2513    i.nrf_ble_qwr_conn_handle_assign  nrf_ble_qwr.o
    0x0002b0fa   0x0002b0fa   0x000000b6   Code   RO         2515    i.nrf_ble_qwr_on_ble_evt  nrf_ble_qwr.o
    0x0002b1b0   0x0002b1b0   0x00000050   Code   RO         2556    i.nrf_ble_scan_connect_with_target  nrf_ble_scan.o
    0x0002b200   0x0002b200   0x00000014   Code   RO         2558    i.nrf_ble_scan_default_conn_param_set  nrf_ble_scan.o
    0x0002b214   0x0002b214   0x00000020   Code   RO         2559    i.nrf_ble_scan_default_param_set  nrf_ble_scan.o
    0x0002b234   0x0002b234   0x000000a6   Code   RO         2561    i.nrf_ble_scan_filter_set  nrf_ble_scan.o
    0x0002b2da   0x0002b2da   0x00000014   Code   RO         2562    i.nrf_ble_scan_filters_disable  nrf_ble_scan.o
    0x0002b2ee   0x0002b2ee   0x00000046   Code   RO         2563    i.nrf_ble_scan_filters_enable  nrf_ble_scan.o
    0x0002b334   0x0002b334   0x00000072   Code   RO         2564    i.nrf_ble_scan_init  nrf_ble_scan.o
    0x0002b3a6   0x0002b3a6   0x0000014a   Code   RO         2565    i.nrf_ble_scan_on_adv_report  nrf_ble_scan.o
    0x0002b4f0   0x0002b4f0   0x000000ae   Code   RO         2566    i.nrf_ble_scan_on_ble_evt  nrf_ble_scan.o
    0x0002b59e   0x0002b59e   0x00000002   PAD
    0x0002b5a0   0x0002b5a0   0x00000088   Code   RO         2568    i.nrf_ble_scan_start  nrf_ble_scan.o
    0x0002b628   0x0002b628   0x0000000e   Code   RO         4100    i.nrf_clock_event_check  nrfx_clock.o
    0x0002b636   0x0002b636   0x00000010   Code   RO         4101    i.nrf_clock_event_clear  nrfx_clock.o
    0x0002b646   0x0002b646   0x00000002   PAD
    0x0002b648   0x0002b648   0x00000084   Code   RO         3776    i.nrf_drv_clock_init  nrf_drv_clock.o
    0x0002b6cc   0x0002b6cc   0x00000030   Code   RO         3780    i.nrf_drv_clock_lfclk_release  nrf_drv_clock.o
    0x0002b6fc   0x0002b6fc   0x00000068   Code   RO         3908    i.nrf_drv_uart_init  nrf_drv_uart.o
    0x0002b764   0x0002b764   0x0000001a   Code   RO         6430    i.nrf_fprintf       nrf_fprintf.o
    0x0002b77e   0x0002b77e   0x00000018   Code   RO         6431    i.nrf_fprintf_buffer_flush  nrf_fprintf.o
    0x0002b796   0x0002b796   0x000001da   Code   RO         6471    i.nrf_fprintf_fmt   nrf_fprintf_format.o
    0x0002b970   0x0002b970   0x00000138   Code   RO         6511    i.nrf_fstorage_erase  nrf_fstorage.o
    0x0002baa8   0x0002baa8   0x00000094   Code   RO         6512    i.nrf_fstorage_init  nrf_fstorage.o
    0x0002bb3c   0x0002bb3c   0x00000050   Code   RO         6513    i.nrf_fstorage_is_busy  nrf_fstorage.o
    0x0002bb8c   0x0002bb8c   0x00000018   Code   RO         6600    i.nrf_fstorage_sdh_req_handler  nrf_fstorage_sd.o
    0x0002bba4   0x0002bba4   0x00000020   Code   RO         6601    i.nrf_fstorage_sdh_state_handler  nrf_fstorage_sd.o
    0x0002bbc4   0x0002bbc4   0x000000a4   Code   RO         6602    i.nrf_fstorage_sys_evt_handler  nrf_fstorage_sd.o
    0x0002bc68   0x0002bc68   0x000001dc   Code   RO         6518    i.nrf_fstorage_write  nrf_fstorage.o
    0x0002be44   0x0002be44   0x00000024   Code   RO         4563    i.nrf_gpio_cfg      nrfx_uart.o
    0x0002be68   0x0002be68   0x00000024   Code   RO         4752    i.nrf_gpio_cfg      nrfx_uarte.o
    0x0002be8c   0x0002be8c   0x00000012   Code   RO         4564    i.nrf_gpio_cfg_default  nrfx_uart.o
    0x0002be9e   0x0002be9e   0x00000012   Code   RO         4753    i.nrf_gpio_cfg_default  nrfx_uarte.o
    0x0002beb0   0x0002beb0   0x00000012   Code   RO         4565    i.nrf_gpio_cfg_input  nrfx_uart.o
    0x0002bec2   0x0002bec2   0x00000012   Code   RO         4754    i.nrf_gpio_cfg_input  nrfx_uarte.o
    0x0002bed4   0x0002bed4   0x00000014   Code   RO         4566    i.nrf_gpio_cfg_output  nrfx_uart.o
    0x0002bee8   0x0002bee8   0x00000014   Code   RO         4755    i.nrf_gpio_cfg_output  nrfx_uarte.o
    0x0002befc   0x0002befc   0x00000022   Code   RO         4244    i.nrf_gpio_cfg_sense_set  nrfx_gpiote.o
    0x0002bf1e   0x0002bf1e   0x0000000e   Code   RO         5171    i.nrf_gpio_pin_clear  nrfx_spim.o
    0x0002bf2c   0x0002bf2c   0x0000000e   Code   RO         5172    i.nrf_gpio_pin_set  nrfx_spim.o
    0x0002bf3a   0x0002bf3a   0x00000016   Code   RO         1038    i.nrf_gpio_pin_write  boards.o
    0x0002bf50   0x0002bf50   0x00000028   Code   RO         4245    i.nrf_gpio_ports_read  nrfx_gpiote.o
    0x0002bf78   0x0002bf78   0x00000014   Code   RO         4246    i.nrf_gpiote_event_clear  nrfx_gpiote.o
    0x0002bf8c   0x0002bf8c   0x00000010   Code   RO         4247    i.nrf_gpiote_event_is_set  nrfx_gpiote.o
    0x0002bf9c   0x0002bf9c   0x0000005c   Code   RO         7166    i.nrf_log_backend_add  nrf_log_frontend.o
    0x0002bff8   0x0002bff8   0x000000c8   Code   RO         7005    i.nrf_log_backend_serial_put  nrf_log_backend_serial.o
    0x0002c0c0   0x0002c0c0   0x00000002   Code   RO         7045    i.nrf_log_backend_uart_flush  nrf_log_backend_uart.o
    0x0002c0c2   0x0002c0c2   0x00000006   Code   RO         7046    i.nrf_log_backend_uart_init  nrf_log_backend_uart.o
    0x0002c0c8   0x0002c0c8   0x0000002c   Code   RO         7047    i.nrf_log_backend_uart_panic_set  nrf_log_backend_uart.o
    0x0002c0f4   0x0002c0f4   0x00000018   Code   RO         7048    i.nrf_log_backend_uart_put  nrf_log_backend_uart.o
    0x0002c10c   0x0002c10c   0x00000030   Code   RO         7168    i.nrf_log_color_id_get  nrf_log_frontend.o
    0x0002c13c   0x0002c13c   0x0000001c   Code   RO         7124    i.nrf_log_default_backends_init  nrf_log_default_backends.o
    0x0002c158   0x0002c158   0x00000234   Code   RO         7169    i.nrf_log_frontend_dequeue  nrf_log_frontend.o
    0x0002c38c   0x0002c38c   0x000000a8   Code   RO         7170    i.nrf_log_frontend_hexdump  nrf_log_frontend.o
    0x0002c434   0x0002c434   0x00000008   Code   RO         7171    i.nrf_log_frontend_std_0  nrf_log_frontend.o
    0x0002c43c   0x0002c43c   0x0000000e   Code   RO         7172    i.nrf_log_frontend_std_1  nrf_log_frontend.o
    0x0002c44a   0x0002c44a   0x00000010   Code   RO         7173    i.nrf_log_frontend_std_2  nrf_log_frontend.o
    0x0002c45a   0x0002c45a   0x00000012   Code   RO         7174    i.nrf_log_frontend_std_3  nrf_log_frontend.o
    0x0002c46c   0x0002c46c   0x00000014   Code   RO         7175    i.nrf_log_frontend_std_4  nrf_log_frontend.o
    0x0002c480   0x0002c480   0x000000b0   Code   RO         7346    i.nrf_log_hexdump_entry_process  nrf_log_str_formatter.o
    0x0002c530   0x0002c530   0x0000003c   Code   RO         7178    i.nrf_log_init      nrf_log_frontend.o
    0x0002c56c   0x0002c56c   0x00000014   Code   RO         7179    i.nrf_log_module_cnt_get  nrf_log_frontend.o
    0x0002c580   0x0002c580   0x0000001c   Code   RO         7182    i.nrf_log_module_name_get  nrf_log_frontend.o
    0x0002c59c   0x0002c59c   0x0000002c   Code   RO         7183    i.nrf_log_panic     nrf_log_frontend.o
    0x0002c5c8   0x0002c5c8   0x000000b6   Code   RO         7347    i.nrf_log_std_entry_process  nrf_log_str_formatter.o
    0x0002c67e   0x0002c67e   0x00000060   Code   RO         6709    i.nrf_memobj_alloc  nrf_memobj.o
    0x0002c6de   0x0002c6de   0x00000032   Code   RO         6710    i.nrf_memobj_free   nrf_memobj.o
    0x0002c710   0x0002c710   0x00000008   Code   RO         6711    i.nrf_memobj_get    nrf_memobj.o
    0x0002c718   0x0002c718   0x00000004   Code   RO         6712    i.nrf_memobj_pool_init  nrf_memobj.o
    0x0002c71c   0x0002c71c   0x0000001e   Code   RO         6713    i.nrf_memobj_put    nrf_memobj.o
    0x0002c73a   0x0002c73a   0x00000010   Code   RO         6714    i.nrf_memobj_read   nrf_memobj.o
    0x0002c74a   0x0002c74a   0x00000010   Code   RO         6715    i.nrf_memobj_write  nrf_memobj.o
    0x0002c75a   0x0002c75a   0x00000002   PAD
    0x0002c75c   0x0002c75c   0x00000028   Code   RO         6787    i.nrf_pwr_mgmt_init  nrf_pwr_mgmt.o
    0x0002c784   0x0002c784   0x00000044   Code   RO         6788    i.nrf_pwr_mgmt_run  nrf_pwr_mgmt.o
    0x0002c7c8   0x0002c7c8   0x0000001c   Code   RO         6861    i.nrf_ringbuf_init  nrf_ringbuf.o
    0x0002c7e4   0x0002c7e4   0x0000000c   Code   RO         4988    i.nrf_rtc_event_clear  nrfx_rtc.o
    0x0002c7f0   0x0002c7f0   0x00000014   Code   RO         7881    i.nrf_sdh_ble_app_ram_start_get  nrf_sdh_ble.o
    0x0002c804   0x0002c804   0x00000100   Code   RO         7882    i.nrf_sdh_ble_default_cfg_set  nrf_sdh_ble.o
    0x0002c904   0x0002c904   0x00000130   Code   RO         7883    i.nrf_sdh_ble_enable  nrf_sdh_ble.o
    0x0002ca34   0x0002ca34   0x0000005c   Code   RO         7884    i.nrf_sdh_ble_evts_poll  nrf_sdh_ble.o
    0x0002ca90   0x0002ca90   0x00000054   Code   RO         7762    i.nrf_sdh_disable_request  nrf_sdh.o
    0x0002cae4   0x0002cae4   0x00000074   Code   RO         7763    i.nrf_sdh_enable_request  nrf_sdh.o
    0x0002cb58   0x0002cb58   0x00000024   Code   RO         7764    i.nrf_sdh_evts_poll  nrf_sdh.o
    0x0002cb7c   0x0002cb7c   0x0000000c   Code   RO         7765    i.nrf_sdh_is_enabled  nrf_sdh.o
    0x0002cb88   0x0002cb88   0x0000001c   Code   RO         7767    i.nrf_sdh_request_continue  nrf_sdh.o
    0x0002cba4   0x0002cba4   0x0000003c   Code   RO         7935    i.nrf_sdh_soc_evts_poll  nrf_sdh_soc.o
    0x0002cbe0   0x0002cbe0   0x0000000a   Code   RO         6919    i.nrf_section_iter_init  nrf_section_iter.o
    0x0002cbea   0x0002cbea   0x00000024   Code   RO         6920    i.nrf_section_iter_item_set  nrf_section_iter.o
    0x0002cc0e   0x0002cc0e   0x00000020   Code   RO         6921    i.nrf_section_iter_next  nrf_section_iter.o
    0x0002cc2e   0x0002cc2e   0x0000000a   Code   RO         5173    i.nrf_spim_event_check  nrfx_spim.o
    0x0002cc38   0x0002cc38   0x00000038   Code   RO         6954    i.nrf_strerror_find  nrf_strerror.o
    0x0002cc70   0x0002cc70   0x00000014   Code   RO         6955    i.nrf_strerror_get  nrf_strerror.o
    0x0002cc84   0x0002cc84   0x0000000a   Code   RO         4567    i.nrf_uart_event_check  nrfx_uart.o
    0x0002cc8e   0x0002cc8e   0x0000000c   Code   RO         4568    i.nrf_uart_event_clear  nrfx_uart.o
    0x0002cc9a   0x0002cc9a   0x0000000c   Code   RO         4569    i.nrf_uart_int_enable_check  nrfx_uart.o
    0x0002cca6   0x0002cca6   0x0000000a   Code   RO         4756    i.nrf_uarte_event_check  nrfx_uarte.o
    0x0002ccb0   0x0002ccb0   0x0000000c   Code   RO         4757    i.nrf_uarte_event_clear  nrfx_uarte.o
    0x0002ccbc   0x0002ccbc   0x00000054   Code   RO         4106    i.nrfx_clock_enable  nrfx_clock.o
    0x0002cd10   0x0002cd10   0x0000006c   Code   RO         4109    i.nrfx_clock_init   nrfx_clock.o
    0x0002cd7c   0x0002cd7c   0x0000001c   Code   RO         4112    i.nrfx_clock_lfclk_stop  nrfx_clock.o
    0x0002cd98   0x0002cd98   0x00000010   Code   RO         5509    i.nrfx_coredep_delay_us  app_timer.o
    0x0002cda8   0x0002cda8   0x0000006c   Code   RO         4256    i.nrfx_gpiote_init  nrfx_gpiote.o
    0x0002ce14   0x0002ce14   0x00000010   Code   RO         4758    i.nrfx_is_in_ram    nrfx_uarte.o
    0x0002ce24   0x0002ce24   0x0000003a   Code   RO         4509    i.nrfx_prs_acquire  nrfx_prs.o
    0x0002ce5e   0x0002ce5e   0x00000012   Code   RO         4510    i.nrfx_prs_release  nrfx_prs.o
    0x0002ce70   0x0002ce70   0x00000040   Code   RO         4992    i.nrfx_rtc_enable   nrfx_rtc.o
    0x0002ceb0   0x0002ceb0   0x000000e0   Code   RO         4993    i.nrfx_rtc_init     nrfx_rtc.o
    0x0002cf90   0x0002cf90   0x00000010   Code   RO         4909    i.nrfx_systick_init  nrfx_systick.o
    0x0002cfa0   0x0002cfa0   0x00000010   Code   RO         4570    i.nrfx_uart_0_irq_handler  nrfx_uart.o
    0x0002cfb0   0x0002cfb0   0x000000d0   Code   RO         4572    i.nrfx_uart_init    nrfx_uart.o
    0x0002d080   0x0002d080   0x000000a4   Code   RO         4578    i.nrfx_uart_tx      nrfx_uart.o
    0x0002d124   0x0002d124   0x00000020   Code   RO         4580    i.nrfx_uart_tx_in_progress  nrfx_uart.o
    0x0002d144   0x0002d144   0x000000b4   Code   RO         4581    i.nrfx_uart_uninit  nrfx_uart.o
    0x0002d1f8   0x0002d1f8   0x00000010   Code   RO         4759    i.nrfx_uarte_0_irq_handler  nrfx_uarte.o
    0x0002d208   0x0002d208   0x0000006c   Code   RO         4761    i.nrfx_uarte_init   nrfx_uarte.o
    0x0002d274   0x0002d274   0x00000090   Code   RO         4765    i.nrfx_uarte_tx     nrfx_uarte.o
    0x0002d304   0x0002d304   0x0000001c   Code   RO         4767    i.nrfx_uarte_tx_in_progress  nrfx_uarte.o
    0x0002d320   0x0002d320   0x000000b0   Code   RO         4768    i.nrfx_uarte_uninit  nrfx_uarte.o
    0x0002d3d0   0x0002d3d0   0x0000005c   Code   RO           13    i.on_adv_evt        main.o
    0x0002d42c   0x0002d42c   0x000000f8   Code   RO           14    i.on_ble_central_evt  main.o
    0x0002d524   0x0002d524   0x000000ec   Code   RO           15    i.on_ble_peripheral_evt  main.o
    0x0002d610   0x0002d610   0x00000150   Code   RO         1813    i.on_characteristic_discovery_rsp  ble_db_discovery.o
    0x0002d760   0x0002d760   0x000000a8   Code   RO         2420    i.on_connected_evt  nrf_ble_gatt.o
    0x0002d808   0x0002d808   0x000000f0   Code   RO         1814    i.on_descriptor_discovery_rsp  ble_db_discovery.o
    0x0002d8f8   0x0002d8f8   0x000000ac   Code   RO         2421    i.on_exchange_mtu_request_evt  nrf_ble_gatt.o
    0x0002d9a4   0x0002d9a4   0x00000068   Code   RO         1815    i.on_primary_srv_discovery_rsp  ble_db_discovery.o
    0x0002da0c   0x0002da0c   0x0000007c   Code   RO         1816    i.on_srv_disc_completion  ble_db_discovery.o
    0x0002da88   0x0002da88   0x000000bc   Code   RO          530    i.on_write          ble_cus.o
    0x0002db44   0x0002db44   0x00000024   Code   RO         5792    i.page_identify     fds.o
    0x0002db68   0x0002db68   0x0000001c   Code   RO         5793    i.page_offsets_update  fds.o
    0x0002db84   0x0002db84   0x0000006c   Code   RO         5794    i.page_scan         fds.o
    0x0002dbf0   0x0002dbf0   0x0000001c   Code   RO         5795    i.page_tag_write_data  fds.o
    0x0002dc0c   0x0002dc0c   0x00000024   Code   RO         5796    i.page_tag_write_swap  fds.o
    0x0002dc30   0x0002dc30   0x0000011c   Code   RO         5797    i.pages_init        fds.o
    0x0002dd4c   0x0002dd4c   0x0000000c   Code   RO         3464    i.pairing           security_dispatcher.o
    0x0002dd58   0x0002dd58   0x00000074   Code   RO         3465    i.pairing_failure   security_dispatcher.o
    0x0002ddcc   0x0002ddcc   0x0000002e   Code   RO         3466    i.pairing_success_evt_send  security_dispatcher.o
    0x0002ddfa   0x0002ddfa   0x00000006   Code   RO         3622    i.params_reply_pending_handle  security_manager.o
    0x0002de00   0x0002de00   0x00000028   Code   RO         3623    i.params_req_send   security_manager.o
    0x0002de28   0x0002de28   0x0000001c   Code   RO         2810    i.pdb_evt_send      peer_database.o
    0x0002de44   0x0002de44   0x00000090   Code   RO         2811    i.pdb_init          peer_database.o
    0x0002ded4   0x0002ded4   0x0000007c   Code   RO         2812    i.pdb_pds_evt_handler  peer_database.o
    0x0002df50   0x0002df50   0x00000006   Code   RO         2813    i.pdb_peer_data_ptr_get  peer_database.o
    0x0002df56   0x0002df56   0x00000002   PAD
    0x0002df58   0x0002df58   0x0000008c   Code   RO         2814    i.pdb_peer_free     peer_database.o
    0x0002dfe4   0x0002dfe4   0x000000dc   Code   RO         2815    i.pdb_write_buf_get  peer_database.o
    0x0002e0c0   0x0002e0c0   0x00000014   Code   RO         2816    i.pdb_write_buf_release  peer_database.o
    0x0002e0d4   0x0002e0d4   0x00000036   Code   RO         2817    i.pdb_write_buf_store  peer_database.o
    0x0002e10a   0x0002e10a   0x00000002   PAD
    0x0002e10c   0x0002e10c   0x00000010   Code   RO         2672    i.pds_evt_send      peer_data_storage.o
    0x0002e11c   0x0002e11c   0x000000dc   Code   RO         2673    i.pds_init          peer_data_storage.o
    0x0002e1f8   0x0002e1f8   0x00000004   Code   RO         2674    i.pds_next_deleted_peer_id_get  peer_data_storage.o
    0x0002e1fc   0x0002e1fc   0x00000004   Code   RO         2675    i.pds_next_peer_id_get  peer_data_storage.o
    0x0002e200   0x0002e200   0x00000058   Code   RO         2678    i.pds_peer_data_iterate  peer_data_storage.o
    0x0002e258   0x0002e258   0x00000010   Code   RO         2679    i.pds_peer_data_iterate_prepare  peer_data_storage.o
    0x0002e268   0x0002e268   0x00000072   Code   RO         2680    i.pds_peer_data_read  peer_data_storage.o
    0x0002e2da   0x0002e2da   0x00000002   PAD
    0x0002e2dc   0x0002e2dc   0x000000a0   Code   RO         2681    i.pds_peer_data_store  peer_data_storage.o
    0x0002e37c   0x0002e37c   0x00000008   Code   RO         2682    i.pds_peer_id_allocate  peer_data_storage.o
    0x0002e384   0x0002e384   0x00000016   Code   RO         2683    i.pds_peer_id_free  peer_data_storage.o
    0x0002e39a   0x0002e39a   0x00000004   Code   RO         2684    i.pds_peer_id_is_allocated  peer_data_storage.o
    0x0002e39e   0x0002e39e   0x00000002   PAD
    0x0002e3a0   0x0002e3a0   0x0000009c   Code   RO         2686    i.peer_data_delete_process  peer_data_storage.o
    0x0002e43c   0x0002e43c   0x00000030   Code   RO         2687    i.peer_data_find    peer_data_storage.o
    0x0002e46c   0x0002e46c   0x00000024   Code   RO         2688    i.peer_data_id_is_valid  peer_data_storage.o
    0x0002e490   0x0002e490   0x0000001a   Code   RO         2818    i.peer_data_point_to_buffer  peer_database.o
    0x0002e4aa   0x0002e4aa   0x00000002   PAD
    0x0002e4ac   0x0002e4ac   0x0000000c   Code   RO         2931    i.peer_id_allocate  peer_id.o
    0x0002e4b8   0x0002e4b8   0x00000024   Code   RO         2932    i.peer_id_delete    peer_id.o
    0x0002e4dc   0x0002e4dc   0x0000001c   Code   RO         2933    i.peer_id_free      peer_id.o
    0x0002e4f8   0x0002e4f8   0x0000000c   Code   RO         2934    i.peer_id_get_next_deleted  peer_id.o
    0x0002e504   0x0002e504   0x00000030   Code   RO         2935    i.peer_id_get_next_used  peer_id.o
    0x0002e534   0x0002e534   0x0000000c   Code   RO         2936    i.peer_id_init      peer_id.o
    0x0002e540   0x0002e540   0x00000014   Code   RO         2937    i.peer_id_is_allocated  peer_id.o
    0x0002e554   0x0002e554   0x00000014   Code   RO         2938    i.peer_id_is_deleted  peer_id.o
    0x0002e568   0x0002e568   0x0000006c   Code   RO           16    i.peer_manager_init  main.o
    0x0002e5d4   0x0002e5d4   0x00000012   Code   RO         1484    i.phy_is_valid      ble_advertising.o
    0x0002e5e6   0x0002e5e6   0x00000064   Code   RO         3408    i.pm_buffer_block_acquire  pm_buffer.o
    0x0002e64a   0x0002e64a   0x00000024   Code   RO         3409    i.pm_buffer_init    pm_buffer.o
    0x0002e66e   0x0002e66e   0x00000028   Code   RO         3410    i.pm_buffer_ptr_get  pm_buffer.o
    0x0002e696   0x0002e696   0x00000032   Code   RO         3411    i.pm_buffer_release  pm_buffer.o
    0x0002e6c8   0x0002e6c8   0x00000078   Code   RO         3025    i.pm_conn_sec_status_get  peer_manager.o
    0x0002e740   0x0002e740   0x0000001c   Code   RO         3026    i.pm_conn_secure    peer_manager.o
    0x0002e75c   0x0002e75c   0x00000024   Code   RO           17    i.pm_evt_handler    main.o
    0x0002e780   0x0002e780   0x00000004   Code   RO         3028    i.pm_gcm_evt_handler  peer_manager.o
    0x0002e784   0x0002e784   0x00000004   Code   RO         3029    i.pm_gscm_evt_handler  peer_manager.o
    0x0002e788   0x0002e788   0x00000068   Code   RO         3321    i.pm_handler_disconnect_on_sec_failure  peer_manager_handler.o
    0x0002e7f0   0x0002e7f0   0x00000210   Code   RO         3322    i.pm_handler_flash_clean  peer_manager_handler.o
    0x0002ea00   0x0002ea00   0x0000001c   Code   RO         3323    i.pm_handler_flash_clean_on_return  peer_manager_handler.o
    0x0002ea1c   0x0002ea1c   0x00000054   Code   RO         3324    i.pm_handler_on_pm_evt  peer_manager_handler.o
    0x0002ea70   0x0002ea70   0x000002dc   Code   RO         3325    i.pm_handler_pm_evt_log  peer_manager_handler.o
    0x0002ed4c   0x0002ed4c   0x00000004   Code   RO         3032    i.pm_im_evt_handler  peer_manager.o
    0x0002ed50   0x0002ed50   0x000001bc   Code   RO         3033    i.pm_init           peer_manager.o
    0x0002ef0c   0x0002ef0c   0x00000120   Code   RO         3037    i.pm_pdb_evt_handler  peer_manager.o
    0x0002f02c   0x0002f02c   0x00000014   Code   RO         3048    i.pm_peer_delete    peer_manager.o
    0x0002f040   0x0002f040   0x0000011c   Code   RO         3052    i.pm_peer_rank_highest  peer_manager.o
    0x0002f15c   0x0002f15c   0x000000ec   Code   RO         3053    i.pm_peer_ranks_get  peer_manager.o
    0x0002f248   0x0002f248   0x00000094   Code   RO         3054    i.pm_peers_delete   peer_manager.o
    0x0002f2dc   0x0002f2dc   0x0000002c   Code   RO         3057    i.pm_register       peer_manager.o
    0x0002f308   0x0002f308   0x00000014   Code   RO         3058    i.pm_sec_params_set  peer_manager.o
    0x0002f31c   0x0002f31c   0x0000000a   Code   RO         3059    i.pm_sm_evt_handler  peer_manager.o
    0x0002f326   0x0002f326   0x0000000e   Code   RO          755    i.pointer_to_int    storage.o
    0x0002f334   0x0002f334   0x0000003c   Code   RO         7349    i.postfix_process   nrf_log_str_formatter.o
    0x0002f370   0x0002f370   0x00000098   Code   RO         7350    i.prefix_process    nrf_log_str_formatter.o
    0x0002f408   0x0002f408   0x00000018   Code   RO         4511    i.prs_box_get       nrfx_prs.o
    0x0002f420   0x0002f420   0x0000001c   Code   RO         5798    i.queue_buf_get     fds.o
    0x0002f43c   0x0002f43c   0x00000010   Code   RO         5799    i.queue_buf_store   fds.o
    0x0002f44c   0x0002f44c   0x00000014   Code   RO         6603    i.queue_free        nrf_fstorage_sd.o
    0x0002f460   0x0002f460   0x000000a0   Code   RO         5800    i.queue_process     fds.o
    0x0002f500   0x0002f500   0x000000a0   Code   RO         6604    i.queue_process     nrf_fstorage_sd.o
    0x0002f5a0   0x0002f5a0   0x0000001c   Code   RO         5801    i.queue_start       fds.o
    0x0002f5bc   0x0002f5bc   0x00000024   Code   RO         6605    i.queue_start       nrf_fstorage_sd.o
    0x0002f5e0   0x0002f5e0   0x0000001c   Code   RO         3328    i.rank_highest      peer_manager_handler.o
    0x0002f5fc   0x0002f5fc   0x00000028   Code   RO         3062    i.rank_vars_update  peer_manager.o
    0x0002f624   0x0002f624   0x0000000e   Code   RO         6606    i.read              nrf_fstorage_sd.o
    0x0002f632   0x0002f632   0x00000002   PAD
    0x0002f634   0x0002f634   0x000000b0   Code   RO         2819    i.reattempt_previous_operations  peer_database.o
    0x0002f6e4   0x0002f6e4   0x00000088   Code   RO         5802    i.record_find       fds.o
    0x0002f76c   0x0002f76c   0x000000a0   Code   RO         5803    i.record_find_by_desc  fds.o
    0x0002f80c   0x0002f80c   0x0000005c   Code   RO         5804    i.record_find_next  fds.o
    0x0002f868   0x0002f868   0x00000038   Code   RO         5805    i.record_header_flag_dirty  fds.o
    0x0002f8a0   0x0002f8a0   0x00000088   Code   RO         5806    i.records_stat      fds.o
    0x0002f928   0x0002f928   0x00000038   Code   RO         1817    i.registered_handler_get  ble_db_discovery.o
    0x0002f960   0x0002f960   0x00000010   Code   RO         2940    i.release           peer_id.o
    0x0002f970   0x0002f970   0x00000004   Code   RO         6607    i.rmap              nrf_fstorage_sd.o
    0x0002f974   0x0002f974   0x0000003c   Code   RO         5510    i.rtc1_stop         app_timer.o
    0x0002f9b0   0x0002f9b0   0x00000002   Code   RO          596    i.rtc_handler       utils.o
    0x0002f9b2   0x0002f9b2   0x00000032   Code   RO         4582    i.rx_byte           nrfx_uart.o
    0x0002f9e4   0x0002f9e4   0x00000016   Code   RO         4583    i.rx_done_event     nrfx_uart.o
    0x0002f9fa   0x0002f9fa   0x00000016   Code   RO         4769    i.rx_done_event     nrfx_uarte.o
    0x0002fa10   0x0002fa10   0x00000024   Code   RO         1993    i.sc_send_pending_handle  gatt_cache_manager.o
    0x0002fa34   0x0002fa34   0x00000020   Code   RO           18    i.scan_evt_handler  main.o
    0x0002fa54   0x0002fa54   0x0000006c   Code   RO           19    i.scan_init         main.o
    0x0002fac0   0x0002fac0   0x0000001c   Code   RO           20    i.scan_start        main.o
    0x0002fadc   0x0002fadc   0x00000050   Code   RO         3783    i.sd_state_evt_handler  nrf_drv_clock.o
    0x0002fb2c   0x0002fb2c   0x00000030   Code   RO         7770    i.sdh_request_observer_notify  nrf_sdh.o
    0x0002fb5c   0x0002fb5c   0x0000002c   Code   RO         7771    i.sdh_state_observer_notify  nrf_sdh.o
    0x0002fb88   0x0002fb88   0x000000d8   Code   RO         3467    i.sec_info_request_process  security_dispatcher.o
    0x0002fc60   0x0002fc60   0x000000f4   Code   RO         3468    i.sec_keyset_fill   security_dispatcher.o
    0x0002fd54   0x0002fd54   0x00000076   Code   RO         3624    i.sec_params_verify  security_manager.o
    0x0002fdca   0x0002fdca   0x00000002   PAD
    0x0002fdcc   0x0002fdcc   0x00000060   Code   RO         3469    i.sec_proc_start    security_dispatcher.o
    0x0002fe2c   0x0002fe2c   0x0000000c   Code   RO         3470    i.sec_procedure     security_dispatcher.o
    0x0002fe38   0x0002fe38   0x00000022   Code   RO         3471    i.send_config_req   security_dispatcher.o
    0x0002fe5a   0x0002fe5a   0x00000002   PAD
    0x0002fe5c   0x0002fe5c   0x00000010   Code   RO         1576    i.send_error_evt    ble_conn_params.o
    0x0002fe6c   0x0002fe6c   0x00000028   Code   RO         1994    i.send_unexpected_error  gatt_cache_manager.o
    0x0002fe94   0x0002fe94   0x00000028   Code   RO         3472    i.send_unexpected_error  security_dispatcher.o
    0x0002febc   0x0002febc   0x00000040   Code   RO         7049    i.serial_tx         nrf_log_backend_uart.o
    0x0002fefc   0x0002fefc   0x00000070   Code   RO         1995    i.service_changed_cccd  gatt_cache_manager.o
    0x0002ff6c   0x0002ff6c   0x00000014   Code   RO         1996    i.service_changed_pending_flags_check  gatt_cache_manager.o
    0x0002ff80   0x0002ff80   0x00000094   Code   RO         2159    i.service_changed_pending_set  gatts_cache_manager.o
    0x00030014   0x00030014   0x00000104   Code   RO         1997    i.service_changed_send_in_evt  gatt_cache_manager.o
    0x00030118   0x00030118   0x00000088   Code   RO         1377    i.service_data_encode  ble_advdata.o
    0x000301a0   0x000301a0   0x0000000c   Code   RO          756    i.set_addr          storage.o
    0x000301ac   0x000301ac   0x000001c0   Code   RO          757    i.set_reminder      storage.o
    0x0003036c   0x0003036c   0x0000002c   Code   RO         3625    i.sm_ble_evt_handler  security_manager.o
    0x00030398   0x00030398   0x00000058   Code   RO         3627    i.sm_init           security_manager.o
    0x000303f0   0x000303f0   0x0000000a   Code   RO         3629    i.sm_link_secure    security_manager.o
    0x000303fa   0x000303fa   0x00000002   PAD
    0x000303fc   0x000303fc   0x00000044   Code   RO         3630    i.sm_pdb_evt_handler  security_manager.o
    0x00030440   0x00030440   0x00000034   Code   RO         3632    i.sm_sec_params_set  security_manager.o
    0x00030474   0x00030474   0x00000060   Code   RO         3633    i.sm_smd_evt_handler  security_manager.o
    0x000304d4   0x000304d4   0x00000124   Code   RO         3473    i.smd_ble_evt_handler  security_dispatcher.o
    0x000305f8   0x000305f8   0x00000068   Code   RO         3475    i.smd_init          security_dispatcher.o
    0x00030660   0x00030660   0x0000003a   Code   RO         3476    i.smd_link_secure   security_dispatcher.o
    0x0003069a   0x0003069a   0x00000002   PAD
    0x0003069c   0x0003069c   0x000000b0   Code   RO         3477    i.smd_params_reply  security_dispatcher.o
    0x0003074c   0x0003074c   0x00000040   Code   RO         3634    i.smd_params_reply_perform  security_manager.o
    0x0003078c   0x0003078c   0x00000018   Code   RO         3784    i.soc_evt_handler   nrf_drv_clock.o
    0x000307a4   0x000307a4   0x00000038   Code   RO         7772    i.softdevice_evt_irq_disable  nrf_sdh.o
    0x000307dc   0x000307dc   0x00000058   Code   RO         7773    i.softdevices_evt_irq_enable  nrf_sdh.o
    0x00030834   0x00030834   0x0000008c   Code   RO         7185    i.std_n             nrf_log_frontend.o
    0x000308c0   0x000308c0   0x000000dc   Code   RO          758    i.storage_init      storage.o
    0x0003099c   0x0003099c   0x0000006c   Code   RO         1998    i.store_car_value   gatt_cache_manager.o
    0x00030a08   0x00030a08   0x0000001c   Code   RO          663    i.tag_init          response.o
    0x00030a24   0x00030a24   0x00000080   Code   RO         5511    i.timer_list_handler  app_timer.o
    0x00030aa4   0x00030aa4   0x0000003c   Code   RO         5512    i.timer_list_insert  app_timer.o
    0x00030ae0   0x00030ae0   0x00000060   Code   RO         5513    i.timer_list_remove  app_timer.o
    0x00030b40   0x00030b40   0x00000048   Code   RO         5514    i.timer_stop_op_schedule  app_timer.o
    0x00030b88   0x00030b88   0x00000074   Code   RO         5515    i.timer_timeouts_check  app_timer.o
    0x00030bfc   0x00030bfc   0x00000020   Code   RO         4585    i.tx_byte           nrfx_uart.o
    0x00030c1c   0x00030c1c   0x0000001a   Code   RO         4586    i.tx_done_event     nrfx_uart.o
    0x00030c36   0x00030c36   0x00000002   PAD
    0x00030c38   0x00030c38   0x00000030   Code   RO         3909    i.uart_evt_handler  nrf_drv_uart.o
    0x00030c68   0x00030c68   0x0000000c   Code   RO         7050    i.uart_evt_handler  nrf_log_backend_uart.o
    0x00030c74   0x00030c74   0x00000050   Code   RO         7051    i.uart_init         nrf_log_backend_uart.o
    0x00030cc4   0x00030cc4   0x00000128   Code   RO         4587    i.uart_irq_handler  nrfx_uart.o
    0x00030dec   0x00030dec   0x00000030   Code   RO         3910    i.uarte_evt_handler  nrf_drv_uart.o
    0x00030e1c   0x00030e1c   0x000000f2   Code   RO         4770    i.uarte_irq_handler  nrfx_uarte.o
    0x00030f0e   0x00030f0e   0x0000000a   Code   RO         1378    i.uint16_encode     ble_advdata.o
    0x00030f18   0x00030f18   0x00000020   Code   RO         6608    i.uninit            nrf_fstorage_sd.o
    0x00030f38   0x00030f38   0x000000b4   Code   RO         6472    i.unsigned_print    nrf_fprintf_format.o
    0x00030fec   0x00030fec   0x00000030   Code   RO         1999    i.update_pending_flags_check  gatt_cache_manager.o
    0x0003101c   0x0003101c   0x00000084   Code   RO          665    i.update_tag        response.o
    0x000310a0   0x000310a0   0x00000068   Code   RO         1577    i.update_timeout_handler  ble_conn_params.o
    0x00031108   0x00031108   0x00000018   Code   RO         1485    i.use_whitelist     ble_advertising.o
    0x00031120   0x00031120   0x0000000c   Code   RO         1662    i.user_flag_is_acquired  ble_conn_state.o
    0x0003112c   0x0003112c   0x00000024   Code   RO         2516    i.user_mem_reply    nrf_ble_qwr.o
    0x00031150   0x00031150   0x00000030   Code   RO         5516    i.user_op_alloc     app_timer.o
    0x00031180   0x00031180   0x00000030   Code   RO         1379    i.uuid_list_encode  ble_advdata.o
    0x000311b0   0x000311b0   0x0000009e   Code   RO         1380    i.uuid_list_sized_encode  ble_advdata.o
    0x0003124e   0x0003124e   0x00000004   Code   RO         6609    i.wmap              nrf_fstorage_sd.o
    0x00031252   0x00031252   0x00000002   PAD
    0x00031254   0x00031254   0x00000050   Code   RO         6610    i.write             nrf_fstorage_sd.o
    0x000312a4   0x000312a4   0x0000014c   Code   RO         2820    i.write_buf_store   peer_database.o
    0x000313f0   0x000313f0   0x00000034   Code   RO         2821    i.write_buffer_record_find  peer_database.o
    0x00031424   0x00031424   0x00000030   Code   RO         2822    i.write_buffer_record_find_next  peer_database.o
    0x00031454   0x00031454   0x0000001c   Code   RO         2823    i.write_buffer_record_invalidate  peer_database.o
    0x00031470   0x00031470   0x0000002c   Code   RO         2824    i.write_buffer_record_release  peer_database.o
    0x0003149c   0x0003149c   0x000000e8   Code   RO         5807    i.write_enqueue     fds.o
    0x00031584   0x00031584   0x000000f4   Code   RO         5808    i.write_execute     fds.o
    0x00031678   0x00031678   0x00000018   Code   RO         5809    i.write_space_free  fds.o
    0x00031690   0x00031690   0x0000005c   Code   RO         5810    i.write_space_reserve  fds.o
    0x000316ec   0x000316ec   0x00000001   Data   RO           22    .constdata          main.o
    0x000316ed   0x000316ed   0x00000003   PAD
    0x000316f0   0x000316f0   0x00000010   Data   RO          531    .constdata          ble_cus.o
    0x00031700   0x00031700   0x00000010   Data   RO          597    .constdata          utils.o
    0x00031710   0x00031710   0x00000008   Data   RO         1039    .constdata          boards.o
    0x00031718   0x00031718   0x0000007c   Data   RO         1819    .constdata          ble_db_discovery.o
    0x00031794   0x00031794   0x0000007c   Data   RO         2000    .constdata          gatt_cache_manager.o
    0x00031810   0x00031810   0x00000004   Data   RO         2160    .constdata          gatts_cache_manager.o
    0x00031814   0x00031814   0x00000010   Data   RO         2161    .constdata          gatts_cache_manager.o
    0x00031824   0x00031824   0x00000004   Data   RO         2162    .constdata          gatts_cache_manager.o
    0x00031828   0x00031828   0x00000008   Data   RO         2269    .constdata          id_manager.o
    0x00031830   0x00031830   0x00000016   Data   RO         2422    .constdata          nrf_ble_gatt.o
    0x00031846   0x00031846   0x00000002   PAD
    0x00031848   0x00031848   0x0000001c   Data   RO         2689    .constdata          peer_data_storage.o
    0x00031864   0x00031864   0x00000010   Data   RO         2826    .constdata          peer_database.o
    0x00031874   0x00031874   0x0000002c   Data   RO         3064    .constdata          peer_manager.o
    0x000318a0   0x000318a0   0x00000018   Data   RO         3329    .constdata          peer_manager_handler.o
    0x000318b8   0x000318b8   0x000000a4   Data   RO         3479    .constdata          security_dispatcher.o
    0x0003195c   0x0003195c   0x00000004   Data   RO         3635    .constdata          security_manager.o
    0x00031960   0x00031960   0x00000070   Data   RO         3786    .constdata          nrf_drv_clock.o
    0x000319d0   0x000319d0   0x0000002d   Data   RO         4114    .constdata          nrfx_clock.o
    0x000319fd   0x000319fd   0x00000003   PAD
    0x00031a00   0x00031a00   0x00000004   Data   RO         4276    .constdata          nrfx_gpiote.o
    0x00031a04   0x00031a04   0x00000004   Data   RO         4590    .constdata          nrfx_uart.o
    0x00031a08   0x00031a08   0x00000004   Data   RO         4773    .constdata          nrfx_uarte.o
    0x00031a0c   0x00031a0c   0x00000032   Data   RO         5000    .constdata          nrfx_rtc.o
    0x00031a3e   0x00031a3e   0x00000002   PAD
    0x00031a40   0x00031a40   0x00000006   Data   RO         5518    .constdata          app_timer.o
    0x00031a46   0x00031a46   0x00000002   PAD
    0x00031a48   0x00031a48   0x00000018   Data   RO         5813    .constdata          fds.o
    0x00031a60   0x00031a60   0x00000010   Data   RO         6473    .constdata          nrf_fprintf_format.o
    0x00031a70   0x00031a70   0x0000005e   Data   RO         6519    .constdata          nrf_fstorage.o
    0x00031ace   0x00031ace   0x00000002   PAD
    0x00031ad0   0x00031ad0   0x00000010   Data   RO         6613    .constdata          nrf_fstorage_sd.o
    0x00031ae0   0x00031ae0   0x00000020   Data   RO         6614    .constdata          nrf_fstorage_sd.o
    0x00031b00   0x00031b00   0x00000018   Data   RO         6792    .constdata          nrf_pwr_mgmt.o
    0x00031b18   0x00031b18   0x0000000c   Data   RO         6793    .constdata          nrf_pwr_mgmt.o
    0x00031b24   0x00031b24   0x0000013c   Data   RO         6956    .constdata          nrf_strerror.o
    0x00031c60   0x00031c60   0x0000000c   Data   RO         7053    .constdata          nrf_log_backend_uart.o
    0x00031c6c   0x00031c6c   0x00000020   Data   RO         7054    .constdata          nrf_log_backend_uart.o
    0x00031c8c   0x00031c8c   0x0000000c   Data   RO         7190    .constdata          nrf_log_frontend.o
    0x00031c98   0x00031c98   0x00000010   Data   RO         7774    .constdata          nrf_sdh.o
    0x00031ca8   0x00031ca8   0x00000028   Data   RO         7775    .constdata          nrf_sdh.o
    0x00031cd0   0x00031cd0   0x00000010   Data   RO         7776    .constdata          nrf_sdh.o
    0x00031ce0   0x00031ce0   0x00000010   Data   RO         7777    .constdata          nrf_sdh.o
    0x00031cf0   0x00031cf0   0x00000020   Data   RO         7885    .constdata          nrf_sdh_ble.o
    0x00031d10   0x00031d10   0x00000010   Data   RO         7886    .constdata          nrf_sdh_ble.o
    0x00031d20   0x00031d20   0x00000010   Data   RO         7936    .constdata          nrf_sdh_soc.o
    0x00031d30   0x00031d30   0x0000000c   Data   RO         7937    .constdata          nrf_sdh_soc.o
    0x00031d3c   0x00031d3c   0x00000081   Data   RO         8509    .constdata          mc_w.l(ctype_o.o)
    0x00031dbd   0x00031dbd   0x00000003   PAD
    0x00031dc0   0x00031dc0   0x00000004   Data   RO         8510    .constdata          mc_w.l(ctype_o.o)
    0x00031dc4   0x00031dc4   0x000001d1   Data   RO          760    .conststring        storage.o
    0x00031f95   0x00031f95   0x00000003   PAD
    0x00031f98   0x00031f98   0x000000a2   Data   RO         1820    .conststring        ble_db_discovery.o
    0x0003203a   0x0003203a   0x00000002   PAD
    0x0003203c   0x0003203c   0x000001a4   Data   RO         2001    .conststring        gatt_cache_manager.o
    0x000321e0   0x000321e0   0x0000019c   Data   RO         2163    .conststring        gatts_cache_manager.o
    0x0003237c   0x0003237c   0x000000a2   Data   RO         2423    .conststring        nrf_ble_gatt.o
    0x0003241e   0x0003241e   0x00000002   PAD
    0x00032420   0x00032420   0x000000e8   Data   RO         2690    .conststring        peer_data_storage.o
    0x00032508   0x00032508   0x00000180   Data   RO         2827    .conststring        peer_database.o
    0x00032688   0x00032688   0x00000090   Data   RO         3065    .conststring        peer_manager.o
    0x00032718   0x00032718   0x000002ca   Data   RO         3330    .conststring        peer_manager_handler.o
    0x000329e2   0x000329e2   0x00000002   PAD
    0x000329e4   0x000329e4   0x00000306   Data   RO         3480    .conststring        security_dispatcher.o
    0x00032cea   0x00032cea   0x00000002   PAD
    0x00032cec   0x00032cec   0x0000017b   Data   RO         3636    .conststring        security_manager.o
    0x00032e67   0x00032e67   0x00000001   PAD
    0x00032e68   0x00032e68   0x0000004f   Data   RO         6520    .conststring        nrf_fstorage.o
    0x00032eb7   0x00032eb7   0x00000001   PAD
    0x00032eb8   0x00032eb8   0x000003eb   Data   RO         6957    .conststring        nrf_strerror.o
    0x000332a3   0x000332a3   0x00000001   PAD
    0x000332a4   0x000332a4   0x00000066   Data   RO         7351    .conststring        nrf_log_str_formatter.o
    0x0003330a   0x0003330a   0x00000002   PAD
    0x0003330c   0x0003330c   0x00000188   Data   RO         7887    .conststring        nrf_sdh_ble.o
    0x00033494   0x00033494   0x0000000c   Data   RO         1821    .conststrlit        ble_db_discovery.o
    0x000334a0   0x000334a0   0x00000011   Data   RO         2002    .conststrlit        gatt_cache_manager.o
    0x000334b1   0x000334b1   0x00000003   PAD
    0x000334b4   0x000334b4   0x00000012   Data   RO         2164    .conststrlit        gatts_cache_manager.o
    0x000334c6   0x000334c6   0x00000002   PAD
    0x000334c8   0x000334c8   0x00000010   Data   RO         2271    .conststrlit        id_manager.o
    0x000334d8   0x000334d8   0x0000000d   Data   RO         2424    .conststrlit        nrf_ble_gatt.o
    0x000334e5   0x000334e5   0x00000003   PAD
    0x000334e8   0x000334e8   0x00000009   Data   RO         2570    .conststrlit        nrf_ble_scan.o
    0x000334f1   0x000334f1   0x00000003   PAD
    0x000334f4   0x000334f4   0x00000011   Data   RO         2691    .conststrlit        peer_data_storage.o
    0x00033505   0x00033505   0x00000003   PAD
    0x00033508   0x00033508   0x00000011   Data   RO         2828    .conststrlit        peer_database.o
    0x00033519   0x00033519   0x00000003   PAD
    0x0003351c   0x0003351c   0x0000000d   Data   RO         3066    .conststrlit        peer_manager.o
    0x00033529   0x00033529   0x00000003   PAD
    0x0003352c   0x0003352c   0x00000015   Data   RO         3332    .conststrlit        peer_manager_handler.o
    0x00033541   0x00033541   0x00000003   PAD
    0x00033544   0x00033544   0x00000011   Data   RO         3481    .conststrlit        security_dispatcher.o
    0x00033555   0x00033555   0x00000003   PAD
    0x00033558   0x00033558   0x00000010   Data   RO         3637    .conststrlit        security_manager.o
    0x00033568   0x00033568   0x00000006   Data   RO         3787    .conststrlit        nrf_drv_clock.o
    0x0003356e   0x0003356e   0x00000002   PAD
    0x00033570   0x00033570   0x00000006   Data   RO         4115    .conststrlit        nrfx_clock.o
    0x00033576   0x00033576   0x00000002   PAD
    0x00033578   0x00033578   0x00000007   Data   RO         4280    .conststrlit        nrfx_gpiote.o
    0x0003357f   0x0003357f   0x00000001   PAD
    0x00033580   0x00033580   0x00000004   Data   RO         4513    .conststrlit        nrfx_prs.o
    0x00033584   0x00033584   0x00000005   Data   RO         4593    .conststrlit        nrfx_uart.o
    0x00033589   0x00033589   0x00000003   PAD
    0x0003358c   0x0003358c   0x00000006   Data   RO         4776    .conststrlit        nrfx_uarte.o
    0x00033592   0x00033592   0x00000002   PAD
    0x00033594   0x00033594   0x00000004   Data   RO         5001    .conststrlit        nrfx_rtc.o
    0x00033598   0x00033598   0x00000005   Data   RO         5187    .conststrlit        nrfx_spim.o
    0x0003359d   0x0003359d   0x00000003   PAD
    0x000335a0   0x000335a0   0x0000000d   Data   RO         6521    .conststrlit        nrf_fstorage.o
    0x000335ad   0x000335ad   0x00000003   PAD
    0x000335b0   0x000335b0   0x00000009   Data   RO         6794    .conststrlit        nrf_pwr_mgmt.o
    0x000335b9   0x000335b9   0x00000003   PAD
    0x000335bc   0x000335bc   0x00000011   Data   RO         7125    .conststrlit        nrf_log_default_backends.o
    0x000335cd   0x000335cd   0x00000003   PAD
    0x000335d0   0x000335d0   0x00000004   Data   RO         7191    .conststrlit        nrf_log_frontend.o
    0x000335d4   0x000335d4   0x00000008   Data   RO         7778    .conststrlit        nrf_sdh.o
    0x000335dc   0x000335dc   0x0000000c   Data   RO         7888    .conststrlit        nrf_sdh_ble.o
    0x000335e8   0x000335e8   0x0000000c   Data   RO         7938    .conststrlit        nrf_sdh_soc.o
    0x000335f4   0x000335f4   0x00000020   Data   RO         8600    Region$$Table       anon$$obj.o
    0x00033614   0x00033614   0x00000010   Data   RO         7127    log_backends        nrf_log_default_backends.o
    0x00033624   0x00033624   0x00000008   Data   RO         1823    log_const_data      ble_db_discovery.o
    0x0003362c   0x0003362c   0x00000008   Data   RO         2004    log_const_data      gatt_cache_manager.o
    0x00033634   0x00033634   0x00000008   Data   RO         2166    log_const_data      gatts_cache_manager.o
    0x0003363c   0x0003363c   0x00000008   Data   RO         2273    log_const_data      id_manager.o
    0x00033644   0x00033644   0x00000008   Data   RO         2425    log_const_data      nrf_ble_gatt.o
    0x0003364c   0x0003364c   0x00000008   Data   RO         2571    log_const_data      nrf_ble_scan.o
    0x00033654   0x00033654   0x00000008   Data   RO         2693    log_const_data      peer_data_storage.o
    0x0003365c   0x0003365c   0x00000008   Data   RO         2830    log_const_data      peer_database.o
    0x00033664   0x00033664   0x00000008   Data   RO         3068    log_const_data      peer_manager.o
    0x0003366c   0x0003366c   0x00000008   Data   RO         3335    log_const_data      peer_manager_handler.o
    0x00033674   0x00033674   0x00000008   Data   RO         3483    log_const_data      security_dispatcher.o
    0x0003367c   0x0003367c   0x00000008   Data   RO         3639    log_const_data      security_manager.o
    0x00033684   0x00033684   0x00000008   Data   RO         3788    log_const_data      nrf_drv_clock.o
    0x0003368c   0x0003368c   0x00000008   Data   RO         4117    log_const_data      nrfx_clock.o
    0x00033694   0x00033694   0x00000008   Data   RO         4281    log_const_data      nrfx_gpiote.o
    0x0003369c   0x0003369c   0x00000008   Data   RO         4515    log_const_data      nrfx_prs.o
    0x000336a4   0x000336a4   0x00000008   Data   RO         4594    log_const_data      nrfx_uart.o
    0x000336ac   0x000336ac   0x00000008   Data   RO         4777    log_const_data      nrfx_uarte.o
    0x000336b4   0x000336b4   0x00000008   Data   RO         5003    log_const_data      nrfx_rtc.o
    0x000336bc   0x000336bc   0x00000008   Data   RO         5188    log_const_data      nrfx_spim.o
    0x000336c4   0x000336c4   0x00000008   Data   RO         6522    log_const_data      nrf_fstorage.o
    0x000336cc   0x000336cc   0x00000008   Data   RO         6796    log_const_data      nrf_pwr_mgmt.o
    0x000336d4   0x000336d4   0x00000008   Data   RO         7194    log_const_data      nrf_log_frontend.o
    0x000336dc   0x000336dc   0x00000008   Data   RO         7780    log_const_data      nrf_sdh.o
    0x000336e4   0x000336e4   0x00000008   Data   RO         7890    log_const_data      nrf_sdh_ble.o
    0x000336ec   0x000336ec   0x00000008   Data   RO         7939    log_const_data      nrf_sdh_soc.o
    0x000336f4   0x000336f4   0x00000014   Data   RO         7195    nrf_balloc          nrf_log_frontend.o
    0x00033708   0x00033708   0x00000008   Data   RO         1664    sdh_ble_observers0  ble_conn_state.o
    0x00033710   0x00033710   0x00000028   Data   RO           27    sdh_ble_observers1  main.o
    0x00033738   0x00033738   0x00000008   Data   RO         1250    sdh_ble_observers1  bsp_btn_ble.o
    0x00033740   0x00033740   0x00000008   Data   RO         1580    sdh_ble_observers1  ble_conn_params.o
    0x00033748   0x00033748   0x00000008   Data   RO         3069    sdh_ble_observers1  peer_manager.o
    0x00033750   0x00033750   0x00000020   Data   RO           28    sdh_ble_observers2  main.o
    0x00033770   0x00033770   0x00000008   Data   RO           29    sdh_ble_observers3  main.o
    0x00033778   0x00033778   0x00000008   Data   RO         6616    sdh_req_observers0  nrf_fstorage_sd.o
    0x00033780   0x00033780   0x00000008   Data   RO         3789    sdh_soc_observers0  nrf_drv_clock.o
    0x00033788   0x00033788   0x00000008   Data   RO         6617    sdh_soc_observers0  nrf_fstorage_sd.o
    0x00033790   0x00033790   0x00000008   Data   RO           30    sdh_soc_observers1  main.o
    0x00033798   0x00033798   0x00000008   Data   RO         7891    sdh_stack_observers0  nrf_sdh_ble.o
    0x000337a0   0x000337a0   0x00000008   Data   RO         7940    sdh_stack_observers0  nrf_sdh_soc.o
    0x000337a8   0x000337a8   0x00000008   Data   RO         3790    sdh_state_observers0  nrf_drv_clock.o
    0x000337b0   0x000337b0   0x00000008   Data   RO         6618    sdh_state_observers0  nrf_fstorage_sd.o


    Execution Region RW_IRAM1 (Exec base: 0x20002d60, Load base: 0x000337b8, Size: 0x000040c8, Max: 0x0000d2a0, ABSOLUTE, COMPRESSED[0x000000ec])

    Exec Addr    Load Addr    Size         Type   Attr      Idx    E Section Name        Object

    0x20002d60   COMPRESSED   0x00000598   Data   RW           23    .data               main.o
    0x200032f8   COMPRESSED   0x00000016   Data   RW           24    .data               main.o
    0x2000330e   COMPRESSED   0x00000002   PAD
    0x20003310   COMPRESSED   0x00000004   Data   RW          666    .data               response.o
    0x20003314   COMPRESSED   0x0000005c   Data   RW          761    .data               storage.o
    0x20003370   COMPRESSED   0x00000008   Data   RW         1249    .data               bsp_btn_ble.o
    0x20003378   COMPRESSED   0x00000008   Data   RW         1579    .data               ble_conn_params.o
    0x20003380   COMPRESSED   0x00000010   Data   RW         1822    .data               ble_db_discovery.o
    0x20003390   COMPRESSED   0x00000010   Data   RW         2003    .data               gatt_cache_manager.o
    0x200033a0   COMPRESSED   0x0000000c   Data   RW         2165    .data               gatts_cache_manager.o
    0x200033ac   COMPRESSED   0x0000000c   Data   RW         2692    .data               peer_data_storage.o
    0x200033b8   COMPRESSED   0x00000008   Data   RW         2829    .data               peer_database.o
    0x200033c0   COMPRESSED   0x00000010   Data   RW         3067    .data               peer_manager.o
    0x200033d0   COMPRESSED   0x00000060   Data   RW         3333    .data               peer_manager_handler.o
    0x20003430   COMPRESSED   0x00000005   Data   RW         3482    .data               security_dispatcher.o
    0x20003435   COMPRESSED   0x00000003   PAD
    0x20003438   COMPRESSED   0x00000015   Data   RW         3638    .data               security_manager.o
    0x2000344d   COMPRESSED   0x00000003   PAD
    0x20003450   COMPRESSED   0x0000000c   Data   RW         3911    .data               nrf_drv_uart.o
    0x2000345c   COMPRESSED   0x00000008   Data   RW         4116    .data               nrfx_clock.o
    0x20003464   COMPRESSED   0x00000008   Data   RW         4514    .data               nrfx_prs.o
    0x2000346c   COMPRESSED   0x00000010   Data   RW         5002    .data               nrfx_rtc.o
    0x2000347c   COMPRESSED   0x00000014   Data   RW         5519    .data               app_timer.o
    0x20003490   COMPRESSED   0x00000030   Data   RW         5814    .data               fds.o
    0x200034c0   COMPRESSED   0x00000008   Data   RW         6615    .data               nrf_fstorage_sd.o
    0x200034c8   COMPRESSED   0x00000008   Data   RW         6795    .data               nrf_pwr_mgmt.o
    0x200034d0   COMPRESSED   0x00000018   Data   RW         7055    .data               nrf_log_backend_uart.o
    0x200034e8   COMPRESSED   0x00000008   Data   RW         7126    .data               nrf_log_default_backends.o
    0x200034f0   COMPRESSED   0x00000008   Data   RW         7192    .data               nrf_log_frontend.o
    0x200034f8   COMPRESSED   0x00000008   Data   RW         7193    .data               nrf_log_frontend.o
    0x20003500   COMPRESSED   0x00000040   Data   RW         7352    .data               nrf_log_str_formatter.o
    0x20003540   COMPRESSED   0x00000003   Data   RW         7779    .data               nrf_sdh.o
    0x20003543   COMPRESSED   0x00000001   Data   RW         7889    .data               nrf_sdh_ble.o
    0x20003544   COMPRESSED   0x00000004   Data   RW         8465    .data               system_nrf52.o
    0x20003548   COMPRESSED   0x00000004   Data   RW         8595    .data               mc_w.l(mvars.o)
    0x2000354c   COMPRESSED   0x00000004   Data   RW         8596    .data               mc_w.l(mvars.o)
    0x20003550   COMPRESSED   0x00000014   Data   RW         5815    fs_data             fds.o
    0x20003564        -       0x00000404   Zero   RW           21    .bss                main.o
    0x20003968        -       0x00000464   Zero   RW          759    .bss                storage.o
    0x20003dcc        -       0x0000000c   Zero   RW         1145    .bss                bsp.o
    0x20003dd8        -       0x00000050   Zero   RW         1578    .bss                ble_conn_params.o
    0x20003e28        -       0x00000078   Zero   RW         1663    .bss                ble_conn_state.o
    0x20003ea0        -       0x00000318   Zero   RW         1818    .bss                ble_db_discovery.o
    0x200041b8        -       0x000000d8   Zero   RW         2268    .bss                id_manager.o
    0x20004290        -       0x00000180   Zero   RW         2825    .bss                peer_database.o
    0x20004410        -       0x00000040   Zero   RW         2941    .bss                peer_id.o
    0x20004450        -       0x0000000c   Zero   RW         3063    .bss                peer_manager.o
    0x2000445c        -       0x00000040   Zero   RW         3478    .bss                security_dispatcher.o
    0x2000449c        -       0x00000014   Zero   RW         3785    .bss                nrf_drv_clock.o
    0x200044b0        -       0x0000005c   Zero   RW         4275    .bss                nrfx_gpiote.o
    0x2000450c        -       0x0000002c   Zero   RW         4588    .bss                nrfx_uart.o
    0x20004538        -       0x00000024   Zero   RW         4771    .bss                nrfx_uarte.o
    0x2000455c        -       0x00000048   Zero   RW         5182    .bss                nrfx_spim.o
    0x200045a4        -       0x0000010c   Zero   RW         5517    .bss                app_timer.o
    0x200046b0        -       0x0000000c   Zero   RW         5670    .bss                app_util_platform.o
    0x200046bc        -       0x00000010   Zero   RW         5811    .bss                fds.o
    0x200046cc        -       0x000000e0   Zero   RW         5812    .bss                fds.o
    0x200047ac        -       0x00000010   Zero   RW         6611    .bss                nrf_fstorage_sd.o
    0x200047bc        -       0x000000a0   Zero   RW         6612    .bss                nrf_fstorage_sd.o
    0x2000485c        -       0x0000000c   Zero   RW         6791    .bss                nrf_pwr_mgmt.o
    0x20004868        -       0x00000040   Zero   RW         7052    .bss                nrf_log_backend_uart.o
    0x200048a8        -       0x000000c0   Zero   RW         7186    .bss                nrf_log_frontend.o
    0x20004968        -       0x00000080   Zero   RW         7187    .bss                nrf_log_frontend.o
    0x200049e8        -       0x00000018   Zero   RW         7188    .bss                nrf_log_frontend.o
    0x20004a00        -       0x00000424   Zero   RW         7189    .bss                nrf_log_frontend.o
    0x20004e24   COMPRESSED   0x00000004   PAD
    0x20004e28        -       0x00000000   Zero   RW         8454    HEAP                arm_startup_nrf52.o
    0x20004e28        -       0x00002000   Zero   RW         8453    STACK               arm_startup_nrf52.o


==============================================================================

Image component sizes


      Code (inc. data)   RO Data    RW Data    ZI Data      Debug   Object Name

         0          0          0          0          0       6092   accel_wrapper.o
        22          0          0          0          0       2521   app_error.o
       132         46          0          0          0      30645   app_error_weak.o
         0          0          0          0          0      37146   app_scheduler.o
      1510        118          6         20        268      49327   app_timer.o
       124         14          0          0         12       9774   app_util_platform.o
        36          8        512          0       8192        956   arm_startup_nrf52.o
      1574          0          0          0          0      56268   ble_advdata.o
      1022          6          0          0          0      12160   ble_advertising.o
       636         44          8          8         80       9551   ble_conn_params.o
       774         60          8          0        120      16203   ble_conn_state.o
       542         48         16          0          0       9950   ble_cus.o
      1610         80        306         16        792      17694   ble_db_discovery.o
         8          0          0          0          0       1530   ble_srv_common.o
        54         12          8          0          0       6744   boards.o
        68          4          0          0         12       7180   bsp.o
       166          6          8          8          0       3380   bsp_btn_ble.o
      3734        328         24         68        240      52030   fds.o
      2164        556        569         16          0      35399   gatt_cache_manager.o
       686         84        462         12          0      16943   gatts_cache_manager.o
       946         34         32          0        216      15656   id_manager.o
      1676        326         89       1454       1028     204226   main.o
       342          0          0          0          0       6990   nrf_atfifo.o
       170          0          0          0          0       4968   nrf_atflags.o
       332          0          0          0          0      10570   nrf_atomic.o
       164          0          0          0          0       3776   nrf_balloc.o
       964        272        205          0          0      37055   nrf_ble_gatt.o
       240          0          0          0          0       4054   nrf_ble_qwr.o
      1166         44         17          0          0      14531   nrf_ble_scan.o
       352         80        142          0         20      40279   nrf_drv_clock.o
       200         26          0         12          0      18216   nrf_drv_uart.o
        50          0          0          0          0       3673   nrf_fprintf.o
       866          4         16          0          0       5686   nrf_fprintf_format.o
      1052        442        194          0          0       9231   nrf_fstorage.o
       798         82         72          8        176      16623   nrf_fstorage_sd.o
       200          0          0          0          0      11741   nrf_log_backend_serial.o
       232         44         44         24         64      21590   nrf_log_backend_uart.o
        28          4         33          8          0       3453   nrf_log_default_backends.o
      1680        118         44         16       1404      33395   nrf_log_frontend.o
       570        108        102         64          0       5872   nrf_log_str_formatter.o
       346          0          0          0          0       9887   nrf_memobj.o
       108         16         53          8         12      35642   nrf_pwr_mgmt.o
        28          0          0          0          0       2479   nrf_ringbuf.o
       552         60        104          3          0      42264   nrf_sdh.o
       672        230        468          1          0       6061   nrf_sdh_ble.o
        60          4         56          0          0       2584   nrf_sdh_soc.o
        78          0          0          0          0       2924   nrf_section_iter.o
        76         10       1319          0          0       2879   nrf_strerror.o
       338         94         59          8          0      44921   nrfx_clock.o
       654         50         19          0         92      53581   nrfx_gpiote.o
       112         16         12          8          0       4708   nrfx_prs.o
       492         92         62         16          0      13798   nrfx_rtc.o
       144         14         13          0         72      15679   nrfx_spim.o
        16          0          0          0          0       1880   nrfx_systick.o
      1288         40         17          0         44      31005   nrfx_uart.o
      1126         44         18          0         36      25495   nrfx_uarte.o
      1152        144        285         12          0      16698   peer_data_storage.o
      1442        260        425          8        384      20114   peer_database.o
       314         38          0          0         64       9595   peer_id.o
      1778        456        217         16         12      20847   peer_manager.o
      1824        862        767         96          0      10083   peer_manager_handler.o
       234          0          0          0          0       5671   pm_buffer.o
       426         98          0          4          0      10458   response.o
      2278        284        963          5         64      31279   security_dispatcher.o
      1108        114        407         21          0      50658   security_manager.o
      1350        570        465         92       1124      37521   storage.o
       796         70          0          4          0       3031   system_nrf52.o
       122         42         16          0          0       6411   utils.o

    ----------------------------------------------------------------------
     45884       6606       8772       2044      14532    1371231   Object Totals
         0          0         32          0          0          0   (incl. Generated)
        80          0         78          8          4          0   (incl. Padding)

    ----------------------------------------------------------------------

      Code (inc. data)   RO Data    RW Data    ZI Data      Debug   Library Member Name

        86          0          0          0          0          0   __dczerorl2.o
         8          4        133          0          0         68   ctype_o.o
         0          0          0          0          0          0   entry.o
         0          0          0          0          0          0   entry10a.o
         0          0          0          0          0          0   entry11a.o
         8          4          0          0          0          0   entry2.o
         4          0          0          0          0          0   entry5.o
         0          0          0          0          0          0   entry7b.o
         0          0          0          0          0          0   entry8b.o
         8          4          0          0          0          0   entry9a.o
        30          0          0          0          0          0   handlers.o
        36          8          0          0          0         68   init.o
       108         16          0          0          0         84   malloc.o
        26          0          0          0          0         80   memcmp.o
        36          0          0          0          0         68   memcpya.o
        36          0          0          0          0        108   memseta.o
         0          0          0          8          0          0   mvars.o
        28          0          0          0          0         76   strcmp.o
        14          0          0          0          0         68   strlen.o

    ----------------------------------------------------------------------
       432         36        136          8          0        620   Library Totals
         4          0          3          0          0          0   (incl. Padding)

    ----------------------------------------------------------------------

      Code (inc. data)   RO Data    RW Data    ZI Data      Debug   Library Name

       428         36        133          8          0        620   mc_w.l

    ----------------------------------------------------------------------
       432         36        136          8          0        620   Library Totals

    ----------------------------------------------------------------------

==============================================================================


      Code (inc. data)   RO Data    RW Data    ZI Data      Debug   

     46316       6642       8908       2052      14532    1318127   Grand Totals
     46316       6642       8908        236      14532    1318127   ELF Image Totals (compressed)
     46316       6642       8908        236          0          0   ROM Totals

==============================================================================

    Total RO  Size (Code + RO Data)                55224 (  53.93kB)
    Total RW  Size (RW Data + ZI Data)             16584 (  16.20kB)
    Total ROM Size (Code + RO Data + RW Data)      55460 (  54.16kB)

==============================================================================

